
 /----------------------------------------------------------------------------\
 |                                                                            |
 |  yosys -- Yosys Open SYnthesis Suite                                       |
 |                                                                            |
 |  Copyright (C) 2012 - 2019  Clifford Wolf <clifford@clifford.at>           |
 |                                                                            |
 |  Permission to use, copy, modify, and/or distribute this software for any  |
 |  purpose with or without fee is hereby granted, provided that the above    |
 |  copyright notice and this permission notice appear in all copies.         |
 |                                                                            |
 |  THE SOFTWARE IS PROVIDED "AS IS" AND THE AUTHOR DISCLAIMS ALL WARRANTIES  |
 |  WITH REGARD TO THIS SOFTWARE INCLUDING ALL IMPLIED WARRANTIES OF          |
 |  MERCHANTABILITY AND FITNESS. IN NO EVENT SHALL THE AUTHOR BE LIABLE FOR   |
 |  ANY SPECIAL, DIRECT, INDIRECT, OR CONSEQUENTIAL DAMAGES OR ANY DAMAGES    |
 |  WHATSOEVER RESULTING FROM LOSS OF USE, DATA OR PROFITS, WHETHER IN AN     |
 |  ACTION OF CONTRACT, NEGLIGENCE OR OTHER TORTIOUS ACTION, ARISING OUT OF   |
 |  OR IN CONNECTION WITH THE USE OR PERFORMANCE OF THIS SOFTWARE.            |
 |                                                                            |
 \----------------------------------------------------------------------------/

 Yosys 0.9 (git sha1 1979e0b)


-- Executing script file `results/exp07/ppa/priority/asic400_out/synth.ys' --

1. Executing Liberty frontend.
Imported 135 cell types from liberty file.

2. Executing Verilog-2005 frontend: results/exp07/ppa/priority/arbiter_input.v
Parsing SystemVerilog input from `results/exp07/ppa/priority/arbiter_input.v' to AST representation.
Storing AST representation for module `$abstract\VX_cp_arbiter'.
Storing AST representation for module `$abstract\VX_cp_arbiter_top'.
Successfully finished Verilog frontend.

3. Executing HIERARCHY pass (managing design hierarchy).

4. Executing AST frontend in derive mode using pre-parsed AST for module `\VX_cp_arbiter_top'.
Generating RTLIL representation for module `\VX_cp_arbiter_top'.

4.1. Analyzing design hierarchy..
Top module:  \VX_cp_arbiter_top

4.2. Executing AST frontend in derive mode using pre-parsed AST for module `\VX_cp_arbiter'.
Parameter \N = 4
Parameter \ENABLE_PRIORITY = 1'1
Generating RTLIL representation for module `$paramod\VX_cp_arbiter\N=4\ENABLE_PRIORITY=1'1'.

4.3. Analyzing design hierarchy..
Top module:  \VX_cp_arbiter_top
Used module:     $paramod\VX_cp_arbiter\N=4\ENABLE_PRIORITY=1'1

4.4. Analyzing design hierarchy..
Top module:  \VX_cp_arbiter_top
Used module:     $paramod\VX_cp_arbiter\N=4\ENABLE_PRIORITY=1'1
Removing unused module `$abstract\VX_cp_arbiter_top'.
Removing unused module `$abstract\VX_cp_arbiter'.
Removed 2 unused modules.

5. Executing PROC pass (convert processes to netlists).

5.1. Executing PROC_CLEAN pass (remove empty switches from decision trees).
Found and cleaned up 1 empty switch in `$paramod\VX_cp_arbiter\N=4\ENABLE_PRIORITY=1'1.$proc$results/exp07/ppa/priority/arbiter_input.v:46$32'.
Cleaned up 1 empty switch.

5.2. Executing PROC_RMDEAD pass (remove dead branches from decision trees).
Marked 3 switch rules as full_case in process $proc$results/exp07/ppa/priority/arbiter_input.v:69$103 in module $paramod\VX_cp_arbiter\N=4\ENABLE_PRIORITY=1'1.
Marked 12 switch rules as full_case in process $proc$results/exp07/ppa/priority/arbiter_input.v:46$32 in module $paramod\VX_cp_arbiter\N=4\ENABLE_PRIORITY=1'1.
Removed a total of 0 dead cases.

5.3. Executing PROC_INIT pass (extract init attributes).

5.4. Executing PROC_ARST pass (detect async resets in processes).

5.5. Executing PROC_MUX pass (convert decision trees to multiplexers).
Creating decoders for process `$paramod\VX_cp_arbiter\N=4\ENABLE_PRIORITY=1'1.$proc$results/exp07/ppa/priority/arbiter_input.v:78$144'.
     1/1: $0\_sv2v_0[0:0]
Creating decoders for process `$paramod\VX_cp_arbiter\N=4\ENABLE_PRIORITY=1'1.$proc$results/exp07/ppa/priority/arbiter_input.v:32$138'.
     1/3: $0$func$\sv2v_cast_E310E_signed$results/exp07/ppa/priority/arbiter_input.v:39$4$\sv2v_cast_E310E_signed[1:0]$139
     2/3: $0$func$\sv2v_cast_E310E_signed$results/exp07/ppa/priority/arbiter_input.v:39$31$\sv2v_cast_E310E_signed[1:0]$140
     3/3: $0$func$\sv2v_cast_E310E_signed$results/exp07/ppa/priority/arbiter_input.v:39$31$\inp[1:0]$141
Creating decoders for process `$paramod\VX_cp_arbiter\N=4\ENABLE_PRIORITY=1'1.$proc$results/exp07/ppa/priority/arbiter_input.v:32$132'.
     1/3: $0$func$\sv2v_cast_E310E_signed$results/exp07/ppa/priority/arbiter_input.v:39$3$\sv2v_cast_E310E_signed[1:0]$133
     2/3: $0$func$\sv2v_cast_E310E_signed$results/exp07/ppa/priority/arbiter_input.v:39$30$\sv2v_cast_E310E_signed[1:0]$134
     3/3: $0$func$\sv2v_cast_E310E_signed$results/exp07/ppa/priority/arbiter_input.v:39$30$\inp[1:0]$135
Creating decoders for process `$paramod\VX_cp_arbiter\N=4\ENABLE_PRIORITY=1'1.$proc$results/exp07/ppa/priority/arbiter_input.v:32$126'.
     1/3: $0$func$\sv2v_cast_E310E_signed$results/exp07/ppa/priority/arbiter_input.v:39$2$\sv2v_cast_E310E_signed[1:0]$127
     2/3: $0$func$\sv2v_cast_E310E_signed$results/exp07/ppa/priority/arbiter_input.v:39$29$\sv2v_cast_E310E_signed[1:0]$128
     3/3: $0$func$\sv2v_cast_E310E_signed$results/exp07/ppa/priority/arbiter_input.v:39$29$\inp[1:0]$129
Creating decoders for process `$paramod\VX_cp_arbiter\N=4\ENABLE_PRIORITY=1'1.$proc$results/exp07/ppa/priority/arbiter_input.v:32$120'.
     1/3: $0$func$\sv2v_cast_E310E_signed$results/exp07/ppa/priority/arbiter_input.v:39$1$\sv2v_cast_E310E_signed[1:0]$121
     2/3: $0$func$\sv2v_cast_E310E_signed$results/exp07/ppa/priority/arbiter_input.v:39$28$\sv2v_cast_E310E_signed[1:0]$122
     3/3: $0$func$\sv2v_cast_E310E_signed$results/exp07/ppa/priority/arbiter_input.v:39$28$\inp[1:0]$123
Creating decoders for process `$paramod\VX_cp_arbiter\N=4\ENABLE_PRIORITY=1'1.$proc$results/exp07/ppa/priority/arbiter_input.v:69$103'.
     1/15: $3$func$\sv2v_cast_E310E_signed$results/exp07/ppa/priority/arbiter_input.v:76$27$\inp[1:0]$118
     2/15: $3$func$\sv2v_cast_E310E_signed$results/exp07/ppa/priority/arbiter_input.v:76$27$\sv2v_cast_E310E_signed[1:0]$117
     3/15: $2$func$\sv2v_cast_E310E_signed$results/exp07/ppa/priority/arbiter_input.v:76$27$\inp[1:0]$115
     4/15: $2$func$\sv2v_cast_E310E_signed$results/exp07/ppa/priority/arbiter_input.v:76$27$\sv2v_cast_E310E_signed[1:0]$114
     5/15: $2$func$\sv2v_cast_E310E_signed$results/exp07/ppa/priority/arbiter_input.v:73$26$\sv2v_cast_E310E_signed[1:0]$112
     6/15: $2$func$\sv2v_cast_E310E_signed$results/exp07/ppa/priority/arbiter_input.v:73$26$\inp[1:0]$113
     7/15: $1$func$\sv2v_cast_E310E_signed$results/exp07/ppa/priority/arbiter_input.v:76$27$\inp[1:0]$111
     8/15: $1$func$\sv2v_cast_E310E_signed$results/exp07/ppa/priority/arbiter_input.v:76$27$\sv2v_cast_E310E_signed[1:0]$110
     9/15: $1$func$\sv2v_cast_E310E_signed$results/exp07/ppa/priority/arbiter_input.v:73$26$\inp[1:0]$109
    10/15: $1$func$\sv2v_cast_E310E_signed$results/exp07/ppa/priority/arbiter_input.v:73$26$\sv2v_cast_E310E_signed[1:0]$108
    11/15: $0$func$\sv2v_cast_E310E_signed$results/exp07/ppa/priority/arbiter_input.v:76$27$\inp[1:0]$107
    12/15: $0$func$\sv2v_cast_E310E_signed$results/exp07/ppa/priority/arbiter_input.v:76$27$\sv2v_cast_E310E_signed[1:0]$106
    13/15: $0$func$\sv2v_cast_E310E_signed$results/exp07/ppa/priority/arbiter_input.v:73$26$\inp[1:0]$105
    14/15: $0$func$\sv2v_cast_E310E_signed$results/exp07/ppa/priority/arbiter_input.v:73$26$\sv2v_cast_E310E_signed[1:0]$104
    15/15: $0\rr_pointer[1:0]
Creating decoders for process `$paramod\VX_cp_arbiter\N=4\ENABLE_PRIORITY=1'1.$proc$results/exp07/ppa/priority/arbiter_input.v:46$32'.
     1/52: $4\selected_valid[0:0]
     2/52: $4\selected_queue[1:0]
     3/52: $1$func$\sv2v_cast_E310E_signed$results/exp07/ppa/priority/arbiter_input.v:64$25$\sv2v_cast_E310E_signed[1:0]$101
     4/52: $1$func$\sv2v_cast_E310E_signed$results/exp07/ppa/priority/arbiter_input.v:64$25$\inp[1:0]$102
     5/52: $4\scan_index[31:0]
     6/52: $3\selected_valid[0:0]
     7/52: $3\selected_queue[1:0]
     8/52: $1$func$\sv2v_cast_E310E_signed$results/exp07/ppa/priority/arbiter_input.v:64$23$\sv2v_cast_E310E_signed[1:0]$93
     9/52: $1$func$\sv2v_cast_E310E_signed$results/exp07/ppa/priority/arbiter_input.v:64$23$\inp[1:0]$94
    10/52: $3\scan_index[31:0]
    11/52: $2\selected_valid[0:0]
    12/52: $2\selected_queue[1:0]
    13/52: $1$func$\sv2v_cast_E310E_signed$results/exp07/ppa/priority/arbiter_input.v:64$21$\sv2v_cast_E310E_signed[1:0]$85
    14/52: $1$func$\sv2v_cast_E310E_signed$results/exp07/ppa/priority/arbiter_input.v:64$21$\inp[1:0]$86
    15/52: $2\scan_index[31:0]
    16/52: $1\selected_valid[0:0]
    17/52: $1\selected_queue[1:0]
    18/52: $1$func$\sv2v_cast_E310E_signed$results/exp07/ppa/priority/arbiter_input.v:64$19$\sv2v_cast_E310E_signed[1:0]$77
    19/52: $1$func$\sv2v_cast_E310E_signed$results/exp07/ppa/priority/arbiter_input.v:64$19$\inp[1:0]$78
    20/52: $1\scan_index[31:0]
    21/52: $4\highest_priority[1:0]
    22/52: $3\highest_priority[1:0]
    23/52: $2\highest_priority[1:0]
    24/52: $1\highest_priority[1:0]
    25/52: $0\offset[31:0]
    26/52: $0$func$\sv2v_cast_E310E_signed$results/exp07/ppa/priority/arbiter_input.v:64$25$\inp[1:0]$50
    27/52: $0$func$\sv2v_cast_E310E_signed$results/exp07/ppa/priority/arbiter_input.v:64$25$\sv2v_cast_E310E_signed[1:0]$49
    28/52: $0\selected_valid[0:0]
    29/52: $0\selected_queue[1:0]
    30/52: $0\scan_index[31:0]
    31/52: $0$func$\sv2v_cast_32_signed$results/exp07/ppa/priority/arbiter_input.v:60$24$\sv2v_cast_32_signed[31:0]$47
    32/52: $0$func$\sv2v_cast_32_signed$results/exp07/ppa/priority/arbiter_input.v:60$24$\inp[31:0]$48
    33/52: $0$func$\sv2v_cast_E310E_signed$results/exp07/ppa/priority/arbiter_input.v:64$23$\inp[1:0]$46
    34/52: $0$func$\sv2v_cast_E310E_signed$results/exp07/ppa/priority/arbiter_input.v:64$23$\sv2v_cast_E310E_signed[1:0]$45
    35/52: $0$func$\sv2v_cast_32_signed$results/exp07/ppa/priority/arbiter_input.v:60$22$\sv2v_cast_32_signed[31:0]$43
    36/52: $0$func$\sv2v_cast_32_signed$results/exp07/ppa/priority/arbiter_input.v:60$22$\inp[31:0]$44
    37/52: $0$func$\sv2v_cast_E310E_signed$results/exp07/ppa/priority/arbiter_input.v:64$21$\inp[1:0]$42
    38/52: $0$func$\sv2v_cast_E310E_signed$results/exp07/ppa/priority/arbiter_input.v:64$21$\sv2v_cast_E310E_signed[1:0]$41
    39/52: $0$func$\sv2v_cast_32_signed$results/exp07/ppa/priority/arbiter_input.v:60$20$\sv2v_cast_32_signed[31:0]$39
    40/52: $0$func$\sv2v_cast_32_signed$results/exp07/ppa/priority/arbiter_input.v:60$20$\inp[31:0]$40
    41/52: $0$func$\sv2v_cast_E310E_signed$results/exp07/ppa/priority/arbiter_input.v:64$19$\inp[1:0]$38
    42/52: $0$func$\sv2v_cast_E310E_signed$results/exp07/ppa/priority/arbiter_input.v:64$19$\sv2v_cast_E310E_signed[1:0]$37
    43/52: $0$func$\sv2v_cast_32_signed$results/exp07/ppa/priority/arbiter_input.v:60$18$\sv2v_cast_32_signed[31:0]$35
    44/52: $0$func$\sv2v_cast_32_signed$results/exp07/ppa/priority/arbiter_input.v:60$18$\inp[31:0]$36
    45/52: $0$func$\sv2v_cast_32_signed$results/exp07/ppa/priority/arbiter_input.v:57$13$\sv2v_cast_32_signed[31:0]$33
    46/52: $0$func$\sv2v_cast_32_signed$results/exp07/ppa/priority/arbiter_input.v:57$13$\inp[31:0]$34
    47/52: $0\i[31:0]
    48/52: $0\eligible[3:0] [3]
    49/52: $0\eligible[3:0] [2]
    50/52: $0\eligible[3:0] [1]
    51/52: $0\eligible[3:0] [0]
    52/52: $0\highest_priority[1:0]

5.6. Executing PROC_DLATCH pass (convert process syncs to latches).
No latch inferred for signal `$paramod\VX_cp_arbiter\N=4\ENABLE_PRIORITY=1'1.\_sv2v_0' from process `$paramod\VX_cp_arbiter\N=4\ENABLE_PRIORITY=1'1.$proc$results/exp07/ppa/priority/arbiter_input.v:78$144'.
No latch inferred for signal `$paramod\VX_cp_arbiter\N=4\ENABLE_PRIORITY=1'1.$func$\sv2v_cast_E310E_signed$results/exp07/ppa/priority/arbiter_input.v:39$4$\sv2v_cast_E310E_signed' from process `$paramod\VX_cp_arbiter\N=4\ENABLE_PRIORITY=1'1.$proc$results/exp07/ppa/priority/arbiter_input.v:32$138'.
No latch inferred for signal `$paramod\VX_cp_arbiter\N=4\ENABLE_PRIORITY=1'1.$func$\sv2v_cast_E310E_signed$results/exp07/ppa/priority/arbiter_input.v:39$31$\sv2v_cast_E310E_signed' from process `$paramod\VX_cp_arbiter\N=4\ENABLE_PRIORITY=1'1.$proc$results/exp07/ppa/priority/arbiter_input.v:32$138'.
No latch inferred for signal `$paramod\VX_cp_arbiter\N=4\ENABLE_PRIORITY=1'1.$func$\sv2v_cast_E310E_signed$results/exp07/ppa/priority/arbiter_input.v:39$31$\inp' from process `$paramod\VX_cp_arbiter\N=4\ENABLE_PRIORITY=1'1.$proc$results/exp07/ppa/priority/arbiter_input.v:32$138'.
No latch inferred for signal `$paramod\VX_cp_arbiter\N=4\ENABLE_PRIORITY=1'1.$func$\sv2v_cast_E310E_signed$results/exp07/ppa/priority/arbiter_input.v:39$3$\sv2v_cast_E310E_signed' from process `$paramod\VX_cp_arbiter\N=4\ENABLE_PRIORITY=1'1.$proc$results/exp07/ppa/priority/arbiter_input.v:32$132'.
No latch inferred for signal `$paramod\VX_cp_arbiter\N=4\ENABLE_PRIORITY=1'1.$func$\sv2v_cast_E310E_signed$results/exp07/ppa/priority/arbiter_input.v:39$30$\sv2v_cast_E310E_signed' from process `$paramod\VX_cp_arbiter\N=4\ENABLE_PRIORITY=1'1.$proc$results/exp07/ppa/priority/arbiter_input.v:32$132'.
No latch inferred for signal `$paramod\VX_cp_arbiter\N=4\ENABLE_PRIORITY=1'1.$func$\sv2v_cast_E310E_signed$results/exp07/ppa/priority/arbiter_input.v:39$30$\inp' from process `$paramod\VX_cp_arbiter\N=4\ENABLE_PRIORITY=1'1.$proc$results/exp07/ppa/priority/arbiter_input.v:32$132'.
No latch inferred for signal `$paramod\VX_cp_arbiter\N=4\ENABLE_PRIORITY=1'1.$func$\sv2v_cast_E310E_signed$results/exp07/ppa/priority/arbiter_input.v:39$2$\sv2v_cast_E310E_signed' from process `$paramod\VX_cp_arbiter\N=4\ENABLE_PRIORITY=1'1.$proc$results/exp07/ppa/priority/arbiter_input.v:32$126'.
No latch inferred for signal `$paramod\VX_cp_arbiter\N=4\ENABLE_PRIORITY=1'1.$func$\sv2v_cast_E310E_signed$results/exp07/ppa/priority/arbiter_input.v:39$29$\sv2v_cast_E310E_signed' from process `$paramod\VX_cp_arbiter\N=4\ENABLE_PRIORITY=1'1.$proc$results/exp07/ppa/priority/arbiter_input.v:32$126'.
No latch inferred for signal `$paramod\VX_cp_arbiter\N=4\ENABLE_PRIORITY=1'1.$func$\sv2v_cast_E310E_signed$results/exp07/ppa/priority/arbiter_input.v:39$29$\inp' from process `$paramod\VX_cp_arbiter\N=4\ENABLE_PRIORITY=1'1.$proc$results/exp07/ppa/priority/arbiter_input.v:32$126'.
No latch inferred for signal `$paramod\VX_cp_arbiter\N=4\ENABLE_PRIORITY=1'1.$func$\sv2v_cast_E310E_signed$results/exp07/ppa/priority/arbiter_input.v:39$1$\sv2v_cast_E310E_signed' from process `$paramod\VX_cp_arbiter\N=4\ENABLE_PRIORITY=1'1.$proc$results/exp07/ppa/priority/arbiter_input.v:32$120'.
No latch inferred for signal `$paramod\VX_cp_arbiter\N=4\ENABLE_PRIORITY=1'1.$func$\sv2v_cast_E310E_signed$results/exp07/ppa/priority/arbiter_input.v:39$28$\sv2v_cast_E310E_signed' from process `$paramod\VX_cp_arbiter\N=4\ENABLE_PRIORITY=1'1.$proc$results/exp07/ppa/priority/arbiter_input.v:32$120'.
No latch inferred for signal `$paramod\VX_cp_arbiter\N=4\ENABLE_PRIORITY=1'1.$func$\sv2v_cast_E310E_signed$results/exp07/ppa/priority/arbiter_input.v:39$28$\inp' from process `$paramod\VX_cp_arbiter\N=4\ENABLE_PRIORITY=1'1.$proc$results/exp07/ppa/priority/arbiter_input.v:32$120'.
No latch inferred for signal `$paramod\VX_cp_arbiter\N=4\ENABLE_PRIORITY=1'1.\selected_queue' from process `$paramod\VX_cp_arbiter\N=4\ENABLE_PRIORITY=1'1.$proc$results/exp07/ppa/priority/arbiter_input.v:46$32'.
No latch inferred for signal `$paramod\VX_cp_arbiter\N=4\ENABLE_PRIORITY=1'1.\scan_index' from process `$paramod\VX_cp_arbiter\N=4\ENABLE_PRIORITY=1'1.$proc$results/exp07/ppa/priority/arbiter_input.v:46$32'.
No latch inferred for signal `$paramod\VX_cp_arbiter\N=4\ENABLE_PRIORITY=1'1.\selected_valid' from process `$paramod\VX_cp_arbiter\N=4\ENABLE_PRIORITY=1'1.$proc$results/exp07/ppa/priority/arbiter_input.v:46$32'.
No latch inferred for signal `$paramod\VX_cp_arbiter\N=4\ENABLE_PRIORITY=1'1.\eligible' from process `$paramod\VX_cp_arbiter\N=4\ENABLE_PRIORITY=1'1.$proc$results/exp07/ppa/priority/arbiter_input.v:46$32'.
No latch inferred for signal `$paramod\VX_cp_arbiter\N=4\ENABLE_PRIORITY=1'1.\offset' from process `$paramod\VX_cp_arbiter\N=4\ENABLE_PRIORITY=1'1.$proc$results/exp07/ppa/priority/arbiter_input.v:46$32'.
No latch inferred for signal `$paramod\VX_cp_arbiter\N=4\ENABLE_PRIORITY=1'1.\highest_priority' from process `$paramod\VX_cp_arbiter\N=4\ENABLE_PRIORITY=1'1.$proc$results/exp07/ppa/priority/arbiter_input.v:46$32'.
No latch inferred for signal `$paramod\VX_cp_arbiter\N=4\ENABLE_PRIORITY=1'1.\i' from process `$paramod\VX_cp_arbiter\N=4\ENABLE_PRIORITY=1'1.$proc$results/exp07/ppa/priority/arbiter_input.v:46$32'.
No latch inferred for signal `$paramod\VX_cp_arbiter\N=4\ENABLE_PRIORITY=1'1.$func$\sv2v_cast_32_signed$results/exp07/ppa/priority/arbiter_input.v:57$13$\sv2v_cast_32_signed' from process `$paramod\VX_cp_arbiter\N=4\ENABLE_PRIORITY=1'1.$proc$results/exp07/ppa/priority/arbiter_input.v:46$32'.
No latch inferred for signal `$paramod\VX_cp_arbiter\N=4\ENABLE_PRIORITY=1'1.$func$\sv2v_cast_32_signed$results/exp07/ppa/priority/arbiter_input.v:57$13$\inp' from process `$paramod\VX_cp_arbiter\N=4\ENABLE_PRIORITY=1'1.$proc$results/exp07/ppa/priority/arbiter_input.v:46$32'.
No latch inferred for signal `$paramod\VX_cp_arbiter\N=4\ENABLE_PRIORITY=1'1.$func$\sv2v_cast_32_signed$results/exp07/ppa/priority/arbiter_input.v:60$18$\sv2v_cast_32_signed' from process `$paramod\VX_cp_arbiter\N=4\ENABLE_PRIORITY=1'1.$proc$results/exp07/ppa/priority/arbiter_input.v:46$32'.
No latch inferred for signal `$paramod\VX_cp_arbiter\N=4\ENABLE_PRIORITY=1'1.$func$\sv2v_cast_32_signed$results/exp07/ppa/priority/arbiter_input.v:60$18$\inp' from process `$paramod\VX_cp_arbiter\N=4\ENABLE_PRIORITY=1'1.$proc$results/exp07/ppa/priority/arbiter_input.v:46$32'.
No latch inferred for signal `$paramod\VX_cp_arbiter\N=4\ENABLE_PRIORITY=1'1.$func$\sv2v_cast_E310E_signed$results/exp07/ppa/priority/arbiter_input.v:64$19$\sv2v_cast_E310E_signed' from process `$paramod\VX_cp_arbiter\N=4\ENABLE_PRIORITY=1'1.$proc$results/exp07/ppa/priority/arbiter_input.v:46$32'.
No latch inferred for signal `$paramod\VX_cp_arbiter\N=4\ENABLE_PRIORITY=1'1.$func$\sv2v_cast_E310E_signed$results/exp07/ppa/priority/arbiter_input.v:64$19$\inp' from process `$paramod\VX_cp_arbiter\N=4\ENABLE_PRIORITY=1'1.$proc$results/exp07/ppa/priority/arbiter_input.v:46$32'.
No latch inferred for signal `$paramod\VX_cp_arbiter\N=4\ENABLE_PRIORITY=1'1.$func$\sv2v_cast_32_signed$results/exp07/ppa/priority/arbiter_input.v:60$20$\sv2v_cast_32_signed' from process `$paramod\VX_cp_arbiter\N=4\ENABLE_PRIORITY=1'1.$proc$results/exp07/ppa/priority/arbiter_input.v:46$32'.
No latch inferred for signal `$paramod\VX_cp_arbiter\N=4\ENABLE_PRIORITY=1'1.$func$\sv2v_cast_32_signed$results/exp07/ppa/priority/arbiter_input.v:60$20$\inp' from process `$paramod\VX_cp_arbiter\N=4\ENABLE_PRIORITY=1'1.$proc$results/exp07/ppa/priority/arbiter_input.v:46$32'.
No latch inferred for signal `$paramod\VX_cp_arbiter\N=4\ENABLE_PRIORITY=1'1.$func$\sv2v_cast_E310E_signed$results/exp07/ppa/priority/arbiter_input.v:64$21$\sv2v_cast_E310E_signed' from process `$paramod\VX_cp_arbiter\N=4\ENABLE_PRIORITY=1'1.$proc$results/exp07/ppa/priority/arbiter_input.v:46$32'.
No latch inferred for signal `$paramod\VX_cp_arbiter\N=4\ENABLE_PRIORITY=1'1.$func$\sv2v_cast_E310E_signed$results/exp07/ppa/priority/arbiter_input.v:64$21$\inp' from process `$paramod\VX_cp_arbiter\N=4\ENABLE_PRIORITY=1'1.$proc$results/exp07/ppa/priority/arbiter_input.v:46$32'.
No latch inferred for signal `$paramod\VX_cp_arbiter\N=4\ENABLE_PRIORITY=1'1.$func$\sv2v_cast_32_signed$results/exp07/ppa/priority/arbiter_input.v:60$22$\sv2v_cast_32_signed' from process `$paramod\VX_cp_arbiter\N=4\ENABLE_PRIORITY=1'1.$proc$results/exp07/ppa/priority/arbiter_input.v:46$32'.
No latch inferred for signal `$paramod\VX_cp_arbiter\N=4\ENABLE_PRIORITY=1'1.$func$\sv2v_cast_32_signed$results/exp07/ppa/priority/arbiter_input.v:60$22$\inp' from process `$paramod\VX_cp_arbiter\N=4\ENABLE_PRIORITY=1'1.$proc$results/exp07/ppa/priority/arbiter_input.v:46$32'.
No latch inferred for signal `$paramod\VX_cp_arbiter\N=4\ENABLE_PRIORITY=1'1.$func$\sv2v_cast_E310E_signed$results/exp07/ppa/priority/arbiter_input.v:64$23$\sv2v_cast_E310E_signed' from process `$paramod\VX_cp_arbiter\N=4\ENABLE_PRIORITY=1'1.$proc$results/exp07/ppa/priority/arbiter_input.v:46$32'.
No latch inferred for signal `$paramod\VX_cp_arbiter\N=4\ENABLE_PRIORITY=1'1.$func$\sv2v_cast_E310E_signed$results/exp07/ppa/priority/arbiter_input.v:64$23$\inp' from process `$paramod\VX_cp_arbiter\N=4\ENABLE_PRIORITY=1'1.$proc$results/exp07/ppa/priority/arbiter_input.v:46$32'.
No latch inferred for signal `$paramod\VX_cp_arbiter\N=4\ENABLE_PRIORITY=1'1.$func$\sv2v_cast_32_signed$results/exp07/ppa/priority/arbiter_input.v:60$24$\sv2v_cast_32_signed' from process `$paramod\VX_cp_arbiter\N=4\ENABLE_PRIORITY=1'1.$proc$results/exp07/ppa/priority/arbiter_input.v:46$32'.
No latch inferred for signal `$paramod\VX_cp_arbiter\N=4\ENABLE_PRIORITY=1'1.$func$\sv2v_cast_32_signed$results/exp07/ppa/priority/arbiter_input.v:60$24$\inp' from process `$paramod\VX_cp_arbiter\N=4\ENABLE_PRIORITY=1'1.$proc$results/exp07/ppa/priority/arbiter_input.v:46$32'.
No latch inferred for signal `$paramod\VX_cp_arbiter\N=4\ENABLE_PRIORITY=1'1.$func$\sv2v_cast_E310E_signed$results/exp07/ppa/priority/arbiter_input.v:64$25$\sv2v_cast_E310E_signed' from process `$paramod\VX_cp_arbiter\N=4\ENABLE_PRIORITY=1'1.$proc$results/exp07/ppa/priority/arbiter_input.v:46$32'.
No latch inferred for signal `$paramod\VX_cp_arbiter\N=4\ENABLE_PRIORITY=1'1.$func$\sv2v_cast_E310E_signed$results/exp07/ppa/priority/arbiter_input.v:64$25$\inp' from process `$paramod\VX_cp_arbiter\N=4\ENABLE_PRIORITY=1'1.$proc$results/exp07/ppa/priority/arbiter_input.v:46$32'.

5.7. Executing PROC_DFF pass (convert process syncs to FFs).
Creating register for signal `$paramod\VX_cp_arbiter\N=4\ENABLE_PRIORITY=1'1.\rr_pointer' using process `$paramod\VX_cp_arbiter\N=4\ENABLE_PRIORITY=1'1.$proc$results/exp07/ppa/priority/arbiter_input.v:69$103'.
  created $dff cell `$procdff$280' with positive edge clock.
Creating register for signal `$paramod\VX_cp_arbiter\N=4\ENABLE_PRIORITY=1'1.$func$\sv2v_cast_E310E_signed$results/exp07/ppa/priority/arbiter_input.v:73$26$\sv2v_cast_E310E_signed' using process `$paramod\VX_cp_arbiter\N=4\ENABLE_PRIORITY=1'1.$proc$results/exp07/ppa/priority/arbiter_input.v:69$103'.
  created $dff cell `$procdff$281' with positive edge clock.
Creating register for signal `$paramod\VX_cp_arbiter\N=4\ENABLE_PRIORITY=1'1.$func$\sv2v_cast_E310E_signed$results/exp07/ppa/priority/arbiter_input.v:73$26$\inp' using process `$paramod\VX_cp_arbiter\N=4\ENABLE_PRIORITY=1'1.$proc$results/exp07/ppa/priority/arbiter_input.v:69$103'.
  created $dff cell `$procdff$282' with positive edge clock.
Creating register for signal `$paramod\VX_cp_arbiter\N=4\ENABLE_PRIORITY=1'1.$func$\sv2v_cast_E310E_signed$results/exp07/ppa/priority/arbiter_input.v:76$27$\sv2v_cast_E310E_signed' using process `$paramod\VX_cp_arbiter\N=4\ENABLE_PRIORITY=1'1.$proc$results/exp07/ppa/priority/arbiter_input.v:69$103'.
  created $dff cell `$procdff$283' with positive edge clock.
Creating register for signal `$paramod\VX_cp_arbiter\N=4\ENABLE_PRIORITY=1'1.$func$\sv2v_cast_E310E_signed$results/exp07/ppa/priority/arbiter_input.v:76$27$\inp' using process `$paramod\VX_cp_arbiter\N=4\ENABLE_PRIORITY=1'1.$proc$results/exp07/ppa/priority/arbiter_input.v:69$103'.
  created $dff cell `$procdff$284' with positive edge clock.

5.8. Executing PROC_CLEAN pass (remove empty switches from decision trees).
Removing empty process `$paramod\VX_cp_arbiter\N=4\ENABLE_PRIORITY=1'1.$proc$results/exp07/ppa/priority/arbiter_input.v:78$144'.
Removing empty process `$paramod\VX_cp_arbiter\N=4\ENABLE_PRIORITY=1'1.$proc$results/exp07/ppa/priority/arbiter_input.v:32$138'.
Removing empty process `$paramod\VX_cp_arbiter\N=4\ENABLE_PRIORITY=1'1.$proc$results/exp07/ppa/priority/arbiter_input.v:32$132'.
Removing empty process `$paramod\VX_cp_arbiter\N=4\ENABLE_PRIORITY=1'1.$proc$results/exp07/ppa/priority/arbiter_input.v:32$126'.
Removing empty process `$paramod\VX_cp_arbiter\N=4\ENABLE_PRIORITY=1'1.$proc$results/exp07/ppa/priority/arbiter_input.v:32$120'.
Found and cleaned up 3 empty switches in `$paramod\VX_cp_arbiter\N=4\ENABLE_PRIORITY=1'1.$proc$results/exp07/ppa/priority/arbiter_input.v:69$103'.
Removing empty process `$paramod\VX_cp_arbiter\N=4\ENABLE_PRIORITY=1'1.$proc$results/exp07/ppa/priority/arbiter_input.v:69$103'.
Found and cleaned up 12 empty switches in `$paramod\VX_cp_arbiter\N=4\ENABLE_PRIORITY=1'1.$proc$results/exp07/ppa/priority/arbiter_input.v:46$32'.
Removing empty process `$paramod\VX_cp_arbiter\N=4\ENABLE_PRIORITY=1'1.$proc$results/exp07/ppa/priority/arbiter_input.v:46$32'.
Cleaned up 15 empty switches.

6. Executing OPT pass (performing simple optimizations).

6.1. Executing OPT_EXPR pass (perform const folding).
Optimizing module $paramod\VX_cp_arbiter\N=4\ENABLE_PRIORITY=1'1.
<suppressed ~8 debug messages>
Optimizing module VX_cp_arbiter_top.

6.2. Executing OPT_MERGE pass (detect identical cells).
Finding identical cells in module `$paramod\VX_cp_arbiter\N=4\ENABLE_PRIORITY=1'1'.
<suppressed ~12 debug messages>
Finding identical cells in module `\VX_cp_arbiter_top'.
Removed a total of 4 cells.

6.3. Executing OPT_MUXTREE pass (detect dead branches in mux trees).
Running muxtree optimizer on module $paramod\VX_cp_arbiter\N=4\ENABLE_PRIORITY=1'1..
  Creating internal representation of mux trees.
  Evaluating internal representation of mux trees.
  Analyzing evaluation results.
    dead port 1/2 on $mux $procmux$263.
    dead port 2/2 on $mux $procmux$263.
    dead port 1/2 on $mux $procmux$260.
    dead port 2/2 on $mux $procmux$260.
    dead port 1/2 on $mux $procmux$248.
    dead port 2/2 on $mux $procmux$248.
    dead port 1/2 on $mux $procmux$245.
    dead port 2/2 on $mux $procmux$245.
    dead port 1/2 on $mux $procmux$233.
    dead port 2/2 on $mux $procmux$233.
    dead port 1/2 on $mux $procmux$230.
    dead port 2/2 on $mux $procmux$230.
    dead port 1/2 on $mux $procmux$218.
    dead port 2/2 on $mux $procmux$218.
    dead port 1/2 on $mux $procmux$215.
    dead port 2/2 on $mux $procmux$215.
    dead port 1/2 on $mux $procmux$197.
    dead port 2/2 on $mux $procmux$197.
    dead port 1/2 on $mux $procmux$194.
    dead port 2/2 on $mux $procmux$194.
    dead port 1/2 on $mux $procmux$191.
    dead port 2/2 on $mux $procmux$191.
    dead port 1/2 on $mux $procmux$188.
    dead port 2/2 on $mux $procmux$188.
    dead port 1/2 on $mux $procmux$185.
    dead port 2/2 on $mux $procmux$185.
    dead port 1/2 on $mux $procmux$182.
    dead port 2/2 on $mux $procmux$182.
    dead port 1/2 on $mux $procmux$179.
    dead port 2/2 on $mux $procmux$179.
    dead port 1/2 on $mux $procmux$176.
    dead port 2/2 on $mux $procmux$176.
    dead port 1/2 on $mux $procmux$173.
    dead port 2/2 on $mux $procmux$173.
    dead port 1/2 on $mux $procmux$170.
    dead port 2/2 on $mux $procmux$170.
    dead port 1/2 on $mux $procmux$167.
    dead port 2/2 on $mux $procmux$167.
    dead port 1/2 on $mux $procmux$164.
    dead port 2/2 on $mux $procmux$164.
    dead port 1/2 on $mux $procmux$161.
    dead port 2/2 on $mux $procmux$161.
    dead port 1/2 on $mux $procmux$158.
    dead port 2/2 on $mux $procmux$158.
    dead port 1/2 on $mux $procmux$156.
    dead port 2/2 on $mux $procmux$156.
    dead port 1/2 on $mux $procmux$152.
    dead port 2/2 on $mux $procmux$152.
    dead port 1/2 on $mux $procmux$149.
    dead port 2/2 on $mux $procmux$149.
    dead port 1/2 on $mux $procmux$147.
    dead port 2/2 on $mux $procmux$147.
Running muxtree optimizer on module \VX_cp_arbiter_top..
  Creating internal representation of mux trees.
  No muxes found in this module.
Removed 52 multiplexer ports.
<suppressed ~14 debug messages>

6.4. Executing OPT_REDUCE pass (consolidate $*mux and $reduce_* inputs).
  Optimizing cells in module $paramod\VX_cp_arbiter\N=4\ENABLE_PRIORITY=1'1.
  Optimizing cells in module \VX_cp_arbiter_top.
Performed a total of 0 changes.

6.5. Executing OPT_MERGE pass (detect identical cells).
Finding identical cells in module `$paramod\VX_cp_arbiter\N=4\ENABLE_PRIORITY=1'1'.
Finding identical cells in module `\VX_cp_arbiter_top'.
Removed a total of 0 cells.

6.6. Executing OPT_RMDFF pass (remove dff with constant values).
Removing $procdff$284 ($dff) from module $paramod\VX_cp_arbiter\N=4\ENABLE_PRIORITY=1'1.
Replaced 1 DFF cells.

6.7. Executing OPT_CLEAN pass (remove unused cells and wires).
Finding unused cells or wires in module $paramod\VX_cp_arbiter\N=4\ENABLE_PRIORITY=1'1..
Finding unused cells or wires in module \VX_cp_arbiter_top..
Removed 0 unused cells and 202 unused wires.
<suppressed ~2 debug messages>

6.8. Executing OPT_EXPR pass (perform const folding).
Optimizing module $paramod\VX_cp_arbiter\N=4\ENABLE_PRIORITY=1'1.
Optimizing module VX_cp_arbiter_top.

6.9. Rerunning OPT passes. (Maybe there is more to do..)

6.10. Executing OPT_MUXTREE pass (detect dead branches in mux trees).
Running muxtree optimizer on module $paramod\VX_cp_arbiter\N=4\ENABLE_PRIORITY=1'1..
  Creating internal representation of mux trees.
  Evaluating internal representation of mux trees.
  Analyzing evaluation results.
Running muxtree optimizer on module \VX_cp_arbiter_top..
  Creating internal representation of mux trees.
  No muxes found in this module.
Removed 0 multiplexer ports.
<suppressed ~14 debug messages>

6.11. Executing OPT_REDUCE pass (consolidate $*mux and $reduce_* inputs).
  Optimizing cells in module $paramod\VX_cp_arbiter\N=4\ENABLE_PRIORITY=1'1.
  Optimizing cells in module \VX_cp_arbiter_top.
Performed a total of 0 changes.

6.12. Executing OPT_MERGE pass (detect identical cells).
Finding identical cells in module `$paramod\VX_cp_arbiter\N=4\ENABLE_PRIORITY=1'1'.
Finding identical cells in module `\VX_cp_arbiter_top'.
Removed a total of 0 cells.

6.13. Executing OPT_RMDFF pass (remove dff with constant values).

6.14. Executing OPT_CLEAN pass (remove unused cells and wires).
Finding unused cells or wires in module $paramod\VX_cp_arbiter\N=4\ENABLE_PRIORITY=1'1..
Finding unused cells or wires in module \VX_cp_arbiter_top..

6.15. Executing OPT_EXPR pass (perform const folding).
Optimizing module $paramod\VX_cp_arbiter\N=4\ENABLE_PRIORITY=1'1.
Optimizing module VX_cp_arbiter_top.

6.16. Finished OPT passes. (There is nothing left to do.)

7. Executing FSM pass (extract and optimize FSM).

7.1. Executing FSM_DETECT pass (finding FSMs in design).

7.2. Executing FSM_EXTRACT pass (extracting FSM from design).

7.3. Executing FSM_OPT pass (simple optimizations of FSMs).

7.4. Executing OPT_CLEAN pass (remove unused cells and wires).
Finding unused cells or wires in module $paramod\VX_cp_arbiter\N=4\ENABLE_PRIORITY=1'1..
Finding unused cells or wires in module \VX_cp_arbiter_top..

7.5. Executing FSM_OPT pass (simple optimizations of FSMs).

7.6. Executing FSM_RECODE pass (re-assigning FSM state encoding).

7.7. Executing FSM_INFO pass (dumping all available information on FSM cells).

7.8. Executing FSM_MAP pass (mapping FSMs to basic logic).

8. Executing OPT pass (performing simple optimizations).

8.1. Executing OPT_EXPR pass (perform const folding).
Optimizing module $paramod\VX_cp_arbiter\N=4\ENABLE_PRIORITY=1'1.
Optimizing module VX_cp_arbiter_top.

8.2. Executing OPT_MERGE pass (detect identical cells).
Finding identical cells in module `$paramod\VX_cp_arbiter\N=4\ENABLE_PRIORITY=1'1'.
Finding identical cells in module `\VX_cp_arbiter_top'.
Removed a total of 0 cells.

8.3. Executing OPT_MUXTREE pass (detect dead branches in mux trees).
Running muxtree optimizer on module $paramod\VX_cp_arbiter\N=4\ENABLE_PRIORITY=1'1..
  Creating internal representation of mux trees.
  Evaluating internal representation of mux trees.
  Analyzing evaluation results.
Running muxtree optimizer on module \VX_cp_arbiter_top..
  Creating internal representation of mux trees.
  No muxes found in this module.
Removed 0 multiplexer ports.
<suppressed ~14 debug messages>

8.4. Executing OPT_REDUCE pass (consolidate $*mux and $reduce_* inputs).
  Optimizing cells in module $paramod\VX_cp_arbiter\N=4\ENABLE_PRIORITY=1'1.
  Optimizing cells in module \VX_cp_arbiter_top.
Performed a total of 0 changes.

8.5. Executing OPT_MERGE pass (detect identical cells).
Finding identical cells in module `$paramod\VX_cp_arbiter\N=4\ENABLE_PRIORITY=1'1'.
Finding identical cells in module `\VX_cp_arbiter_top'.
Removed a total of 0 cells.

8.6. Executing OPT_RMDFF pass (remove dff with constant values).

8.7. Executing OPT_CLEAN pass (remove unused cells and wires).
Finding unused cells or wires in module $paramod\VX_cp_arbiter\N=4\ENABLE_PRIORITY=1'1..
Finding unused cells or wires in module \VX_cp_arbiter_top..

8.8. Executing OPT_EXPR pass (perform const folding).
Optimizing module $paramod\VX_cp_arbiter\N=4\ENABLE_PRIORITY=1'1.
Optimizing module VX_cp_arbiter_top.

8.9. Finished OPT passes. (There is nothing left to do.)

9. Executing MEMORY pass.

9.1. Executing MEMORY_DFF pass (merging $dff cells to $memrd and $memwr).

9.2. Executing OPT_CLEAN pass (remove unused cells and wires).
Finding unused cells or wires in module $paramod\VX_cp_arbiter\N=4\ENABLE_PRIORITY=1'1..
Finding unused cells or wires in module \VX_cp_arbiter_top..

9.3. Executing MEMORY_SHARE pass (consolidating $memrd/$memwr cells).

9.4. Executing OPT_CLEAN pass (remove unused cells and wires).
Finding unused cells or wires in module $paramod\VX_cp_arbiter\N=4\ENABLE_PRIORITY=1'1..
Finding unused cells or wires in module \VX_cp_arbiter_top..

9.5. Executing MEMORY_COLLECT pass (generating $mem cells).

9.6. Executing MEMORY_MAP pass (converting $mem cells to logic and flip-flops).

10. Executing OPT pass (performing simple optimizations).

10.1. Executing OPT_EXPR pass (perform const folding).
Optimizing module $paramod\VX_cp_arbiter\N=4\ENABLE_PRIORITY=1'1.
Optimizing module VX_cp_arbiter_top.

10.2. Executing OPT_MERGE pass (detect identical cells).
Finding identical cells in module `$paramod\VX_cp_arbiter\N=4\ENABLE_PRIORITY=1'1'.
Finding identical cells in module `\VX_cp_arbiter_top'.
Removed a total of 0 cells.

10.3. Executing OPT_MUXTREE pass (detect dead branches in mux trees).
Running muxtree optimizer on module $paramod\VX_cp_arbiter\N=4\ENABLE_PRIORITY=1'1..
  Creating internal representation of mux trees.
  Evaluating internal representation of mux trees.
  Analyzing evaluation results.
Running muxtree optimizer on module \VX_cp_arbiter_top..
  Creating internal representation of mux trees.
  No muxes found in this module.
Removed 0 multiplexer ports.
<suppressed ~14 debug messages>

10.4. Executing OPT_REDUCE pass (consolidate $*mux and $reduce_* inputs).
  Optimizing cells in module $paramod\VX_cp_arbiter\N=4\ENABLE_PRIORITY=1'1.
  Optimizing cells in module \VX_cp_arbiter_top.
Performed a total of 0 changes.

10.5. Executing OPT_MERGE pass (detect identical cells).
Finding identical cells in module `$paramod\VX_cp_arbiter\N=4\ENABLE_PRIORITY=1'1'.
Finding identical cells in module `\VX_cp_arbiter_top'.
Removed a total of 0 cells.

10.6. Executing OPT_RMDFF pass (remove dff with constant values).

10.7. Executing OPT_CLEAN pass (remove unused cells and wires).
Finding unused cells or wires in module $paramod\VX_cp_arbiter\N=4\ENABLE_PRIORITY=1'1..
Finding unused cells or wires in module \VX_cp_arbiter_top..

10.8. Executing OPT_EXPR pass (perform const folding).
Optimizing module $paramod\VX_cp_arbiter\N=4\ENABLE_PRIORITY=1'1.
Optimizing module VX_cp_arbiter_top.

10.9. Finished OPT passes. (There is nothing left to do.)

11. Executing MEMORY_MAP pass (converting $mem cells to logic and flip-flops).

12. Executing OPT pass (performing simple optimizations).

12.1. Executing OPT_EXPR pass (perform const folding).
Optimizing module $paramod\VX_cp_arbiter\N=4\ENABLE_PRIORITY=1'1.
Optimizing module VX_cp_arbiter_top.

12.2. Executing OPT_MERGE pass (detect identical cells).
Finding identical cells in module `$paramod\VX_cp_arbiter\N=4\ENABLE_PRIORITY=1'1'.
Finding identical cells in module `\VX_cp_arbiter_top'.
Removed a total of 0 cells.

12.3. Executing OPT_MUXTREE pass (detect dead branches in mux trees).
Running muxtree optimizer on module $paramod\VX_cp_arbiter\N=4\ENABLE_PRIORITY=1'1..
  Creating internal representation of mux trees.
  Evaluating internal representation of mux trees.
  Analyzing evaluation results.
Running muxtree optimizer on module \VX_cp_arbiter_top..
  Creating internal representation of mux trees.
  No muxes found in this module.
Removed 0 multiplexer ports.
<suppressed ~14 debug messages>

12.4. Executing OPT_REDUCE pass (consolidate $*mux and $reduce_* inputs).
  Optimizing cells in module $paramod\VX_cp_arbiter\N=4\ENABLE_PRIORITY=1'1.
  Optimizing cells in module \VX_cp_arbiter_top.
Performed a total of 0 changes.

12.5. Executing OPT_MERGE pass (detect identical cells).
Finding identical cells in module `$paramod\VX_cp_arbiter\N=4\ENABLE_PRIORITY=1'1'.
Finding identical cells in module `\VX_cp_arbiter_top'.
Removed a total of 0 cells.

12.6. Executing OPT_RMDFF pass (remove dff with constant values).

12.7. Executing OPT_CLEAN pass (remove unused cells and wires).
Finding unused cells or wires in module $paramod\VX_cp_arbiter\N=4\ENABLE_PRIORITY=1'1..
Finding unused cells or wires in module \VX_cp_arbiter_top..

12.8. Executing OPT_EXPR pass (perform const folding).
Optimizing module $paramod\VX_cp_arbiter\N=4\ENABLE_PRIORITY=1'1.
Optimizing module VX_cp_arbiter_top.

12.9. Finished OPT passes. (There is nothing left to do.)

13. Executing ALUMACC pass (create $alu and $macc cells).
Extracting $alu and $macc cells in module $paramod\VX_cp_arbiter\N=4\ENABLE_PRIORITY=1'1:
  creating $macc model for $add$results/exp07/ppa/priority/arbiter_input.v:60$79 ($add).
  creating $macc model for $add$results/exp07/ppa/priority/arbiter_input.v:60$87 ($add).
  creating $macc model for $add$results/exp07/ppa/priority/arbiter_input.v:60$95 ($add).
  creating $macc model for $add$results/exp07/ppa/priority/arbiter_input.v:76$119 ($add).
  creating $macc model for $sub$results/exp07/ppa/priority/arbiter_input.v:62$73 ($sub).
  creating $macc model for $sub$results/exp07/ppa/priority/arbiter_input.v:62$81 ($sub).
  creating $macc model for $sub$results/exp07/ppa/priority/arbiter_input.v:62$89 ($sub).
  creating $macc model for $sub$results/exp07/ppa/priority/arbiter_input.v:62$97 ($sub).
  creating $alu model for $macc $sub$results/exp07/ppa/priority/arbiter_input.v:62$97.
  creating $alu model for $macc $sub$results/exp07/ppa/priority/arbiter_input.v:62$89.
  creating $alu model for $macc $sub$results/exp07/ppa/priority/arbiter_input.v:62$81.
  creating $alu model for $macc $sub$results/exp07/ppa/priority/arbiter_input.v:62$73.
  creating $alu model for $macc $add$results/exp07/ppa/priority/arbiter_input.v:76$119.
  creating $alu model for $macc $add$results/exp07/ppa/priority/arbiter_input.v:60$95.
  creating $alu model for $macc $add$results/exp07/ppa/priority/arbiter_input.v:60$87.
  creating $alu model for $macc $add$results/exp07/ppa/priority/arbiter_input.v:60$79.
  creating $alu model for $ge$results/exp07/ppa/priority/arbiter_input.v:61$72 ($ge): new $alu
  creating $alu model for $ge$results/exp07/ppa/priority/arbiter_input.v:61$80 ($ge): merged with $sub$results/exp07/ppa/priority/arbiter_input.v:62$81.
  creating $alu model for $ge$results/exp07/ppa/priority/arbiter_input.v:61$88 ($ge): merged with $sub$results/exp07/ppa/priority/arbiter_input.v:62$89.
  creating $alu model for $ge$results/exp07/ppa/priority/arbiter_input.v:61$96 ($ge): merged with $sub$results/exp07/ppa/priority/arbiter_input.v:62$97.
  creating $alu model for $gt$results/exp07/ppa/priority/arbiter_input.v:51$51 ($gt): new $alu
  creating $alu model for $gt$results/exp07/ppa/priority/arbiter_input.v:51$53 ($gt): new $alu
  creating $alu model for $gt$results/exp07/ppa/priority/arbiter_input.v:51$55 ($gt): new $alu
  creating $alu model for $gt$results/exp07/ppa/priority/arbiter_input.v:51$57 ($gt): new $alu
  creating $alu cell for $gt$results/exp07/ppa/priority/arbiter_input.v:51$57: $auto$alumacc.cc:474:replace_alu$290
  creating $alu cell for $gt$results/exp07/ppa/priority/arbiter_input.v:51$55: $auto$alumacc.cc:474:replace_alu$295
  creating $alu cell for $gt$results/exp07/ppa/priority/arbiter_input.v:51$53: $auto$alumacc.cc:474:replace_alu$300
  creating $alu cell for $gt$results/exp07/ppa/priority/arbiter_input.v:51$51: $auto$alumacc.cc:474:replace_alu$305
  creating $alu cell for $ge$results/exp07/ppa/priority/arbiter_input.v:61$72: $auto$alumacc.cc:474:replace_alu$310
  creating $alu cell for $add$results/exp07/ppa/priority/arbiter_input.v:60$79: $auto$alumacc.cc:474:replace_alu$321
  creating $alu cell for $add$results/exp07/ppa/priority/arbiter_input.v:60$87: $auto$alumacc.cc:474:replace_alu$324
  creating $alu cell for $add$results/exp07/ppa/priority/arbiter_input.v:60$95: $auto$alumacc.cc:474:replace_alu$327
  creating $alu cell for $add$results/exp07/ppa/priority/arbiter_input.v:76$119: $auto$alumacc.cc:474:replace_alu$330
  creating $alu cell for $sub$results/exp07/ppa/priority/arbiter_input.v:62$73: $auto$alumacc.cc:474:replace_alu$333
  creating $alu cell for $sub$results/exp07/ppa/priority/arbiter_input.v:62$81, $ge$results/exp07/ppa/priority/arbiter_input.v:61$80: $auto$alumacc.cc:474:replace_alu$336
  creating $alu cell for $sub$results/exp07/ppa/priority/arbiter_input.v:62$89, $ge$results/exp07/ppa/priority/arbiter_input.v:61$88: $auto$alumacc.cc:474:replace_alu$351
  creating $alu cell for $sub$results/exp07/ppa/priority/arbiter_input.v:62$97, $ge$results/exp07/ppa/priority/arbiter_input.v:61$96: $auto$alumacc.cc:474:replace_alu$366
  created 13 $alu and 0 $macc cells.
Extracting $alu and $macc cells in module VX_cp_arbiter_top:
  created 0 $alu and 0 $macc cells.

14. Executing WREDUCE pass (reducing word size of cells).
Removed top 1 bits (of 2) from port B of cell $paramod\VX_cp_arbiter\N=4\ENABLE_PRIORITY=1'1.$eq$results/exp07/ppa/priority/arbiter_input.v:39$130 ($eq).

15. Executing SHARE pass (SAT-based resource sharing).

16. Executing OPT pass (performing simple optimizations).

16.1. Executing OPT_EXPR pass (perform const folding).
Optimizing module $paramod\VX_cp_arbiter\N=4\ENABLE_PRIORITY=1'1.
Optimizing module VX_cp_arbiter_top.

16.2. Executing OPT_MERGE pass (detect identical cells).
Finding identical cells in module `$paramod\VX_cp_arbiter\N=4\ENABLE_PRIORITY=1'1'.
Finding identical cells in module `\VX_cp_arbiter_top'.
Removed a total of 0 cells.

16.3. Executing OPT_MUXTREE pass (detect dead branches in mux trees).
Running muxtree optimizer on module $paramod\VX_cp_arbiter\N=4\ENABLE_PRIORITY=1'1..
  Creating internal representation of mux trees.
  Evaluating internal representation of mux trees.
  Analyzing evaluation results.
Running muxtree optimizer on module \VX_cp_arbiter_top..
  Creating internal representation of mux trees.
  No muxes found in this module.
Removed 0 multiplexer ports.
<suppressed ~14 debug messages>

16.4. Executing OPT_REDUCE pass (consolidate $*mux and $reduce_* inputs).
  Optimizing cells in module $paramod\VX_cp_arbiter\N=4\ENABLE_PRIORITY=1'1.
    New input vector for $reduce_or cell $auto$alumacc.cc:509:replace_alu$379: { $auto$rtlil.cc:1832:Not$378 $auto$rtlil.cc:1835:ReduceAnd$370 }
    New input vector for $reduce_or cell $auto$alumacc.cc:509:replace_alu$364: { $auto$rtlil.cc:1832:Not$363 $auto$rtlil.cc:1835:ReduceAnd$355 }
    New input vector for $reduce_or cell $auto$alumacc.cc:509:replace_alu$349: { $auto$rtlil.cc:1832:Not$348 $auto$rtlil.cc:1835:ReduceAnd$340 }
    New input vector for $reduce_and cell $auto$alumacc.cc:64:get_eq$317: { $auto$alumacc.cc:490:replace_alu$311 [0] $auto$alumacc.cc:490:replace_alu$311 [1] $auto$alumacc.cc:490:replace_alu$311 [2] $auto$alumacc.cc:490:replace_alu$311 [3] $auto$alumacc.cc:490:replace_alu$311 [4] $auto$alumacc.cc:490:replace_alu$311 [5] $auto$alumacc.cc:490:replace_alu$311 [6] $auto$alumacc.cc:490:replace_alu$311 [7] $auto$alumacc.cc:490:replace_alu$311 [8] $auto$alumacc.cc:490:replace_alu$311 [9] $auto$alumacc.cc:490:replace_alu$311 [10] $auto$alumacc.cc:490:replace_alu$311 [11] $auto$alumacc.cc:490:replace_alu$311 [12] $auto$alumacc.cc:490:replace_alu$311 [13] $auto$alumacc.cc:490:replace_alu$311 [14] $auto$alumacc.cc:490:replace_alu$311 [15] $auto$alumacc.cc:490:replace_alu$311 [16] $auto$alumacc.cc:490:replace_alu$311 [17] $auto$alumacc.cc:490:replace_alu$311 [18] $auto$alumacc.cc:490:replace_alu$311 [19] $auto$alumacc.cc:490:replace_alu$311 [20] $auto$alumacc.cc:490:replace_alu$311 [21] $auto$alumacc.cc:490:replace_alu$311 [22] $auto$alumacc.cc:490:replace_alu$311 [23] $auto$alumacc.cc:490:replace_alu$311 [24] $auto$alumacc.cc:490:replace_alu$311 [25] $auto$alumacc.cc:490:replace_alu$311 [26] $auto$alumacc.cc:490:replace_alu$311 [27] $auto$alumacc.cc:490:replace_alu$311 [28] $auto$alumacc.cc:490:replace_alu$311 [29] $auto$alumacc.cc:490:replace_alu$311 [30] $auto$alumacc.cc:490:replace_alu$311 [31] }
    New input vector for $reduce_and cell $auto$alumacc.cc:64:get_eq$339: { $auto$alumacc.cc:490:replace_alu$337 [0] $auto$alumacc.cc:490:replace_alu$337 [1] $auto$alumacc.cc:490:replace_alu$337 [2] $auto$alumacc.cc:490:replace_alu$337 [3] $auto$alumacc.cc:490:replace_alu$337 [4] $auto$alumacc.cc:490:replace_alu$337 [5] $auto$alumacc.cc:490:replace_alu$337 [6] $auto$alumacc.cc:490:replace_alu$337 [7] $auto$alumacc.cc:490:replace_alu$337 [8] $auto$alumacc.cc:490:replace_alu$337 [9] $auto$alumacc.cc:490:replace_alu$337 [10] $auto$alumacc.cc:490:replace_alu$337 [11] $auto$alumacc.cc:490:replace_alu$337 [12] $auto$alumacc.cc:490:replace_alu$337 [13] $auto$alumacc.cc:490:replace_alu$337 [14] $auto$alumacc.cc:490:replace_alu$337 [15] $auto$alumacc.cc:490:replace_alu$337 [16] $auto$alumacc.cc:490:replace_alu$337 [17] $auto$alumacc.cc:490:replace_alu$337 [18] $auto$alumacc.cc:490:replace_alu$337 [19] $auto$alumacc.cc:490:replace_alu$337 [20] $auto$alumacc.cc:490:replace_alu$337 [21] $auto$alumacc.cc:490:replace_alu$337 [22] $auto$alumacc.cc:490:replace_alu$337 [23] $auto$alumacc.cc:490:replace_alu$337 [24] $auto$alumacc.cc:490:replace_alu$337 [25] $auto$alumacc.cc:490:replace_alu$337 [26] $auto$alumacc.cc:490:replace_alu$337 [27] $auto$alumacc.cc:490:replace_alu$337 [28] $auto$alumacc.cc:490:replace_alu$337 [29] $auto$alumacc.cc:490:replace_alu$337 [30] $auto$alumacc.cc:490:replace_alu$337 [31] }
    New input vector for $reduce_and cell $auto$alumacc.cc:64:get_eq$354: { $auto$alumacc.cc:490:replace_alu$352 [0] $auto$alumacc.cc:490:replace_alu$352 [1] $auto$alumacc.cc:490:replace_alu$352 [2] $auto$alumacc.cc:490:replace_alu$352 [3] $auto$alumacc.cc:490:replace_alu$352 [4] $auto$alumacc.cc:490:replace_alu$352 [5] $auto$alumacc.cc:490:replace_alu$352 [6] $auto$alumacc.cc:490:replace_alu$352 [7] $auto$alumacc.cc:490:replace_alu$352 [8] $auto$alumacc.cc:490:replace_alu$352 [9] $auto$alumacc.cc:490:replace_alu$352 [10] $auto$alumacc.cc:490:replace_alu$352 [11] $auto$alumacc.cc:490:replace_alu$352 [12] $auto$alumacc.cc:490:replace_alu$352 [13] $auto$alumacc.cc:490:replace_alu$352 [14] $auto$alumacc.cc:490:replace_alu$352 [15] $auto$alumacc.cc:490:replace_alu$352 [16] $auto$alumacc.cc:490:replace_alu$352 [17] $auto$alumacc.cc:490:replace_alu$352 [18] $auto$alumacc.cc:490:replace_alu$352 [19] $auto$alumacc.cc:490:replace_alu$352 [20] $auto$alumacc.cc:490:replace_alu$352 [21] $auto$alumacc.cc:490:replace_alu$352 [22] $auto$alumacc.cc:490:replace_alu$352 [23] $auto$alumacc.cc:490:replace_alu$352 [24] $auto$alumacc.cc:490:replace_alu$352 [25] $auto$alumacc.cc:490:replace_alu$352 [26] $auto$alumacc.cc:490:replace_alu$352 [27] $auto$alumacc.cc:490:replace_alu$352 [28] $auto$alumacc.cc:490:replace_alu$352 [29] $auto$alumacc.cc:490:replace_alu$352 [30] $auto$alumacc.cc:490:replace_alu$352 [31] }
    New input vector for $reduce_and cell $auto$alumacc.cc:64:get_eq$369: { $auto$alumacc.cc:490:replace_alu$367 [0] $auto$alumacc.cc:490:replace_alu$367 [1] $auto$alumacc.cc:490:replace_alu$367 [2] $auto$alumacc.cc:490:replace_alu$367 [3] $auto$alumacc.cc:490:replace_alu$367 [4] $auto$alumacc.cc:490:replace_alu$367 [5] $auto$alumacc.cc:490:replace_alu$367 [6] $auto$alumacc.cc:490:replace_alu$367 [7] $auto$alumacc.cc:490:replace_alu$367 [8] $auto$alumacc.cc:490:replace_alu$367 [9] $auto$alumacc.cc:490:replace_alu$367 [10] $auto$alumacc.cc:490:replace_alu$367 [11] $auto$alumacc.cc:490:replace_alu$367 [12] $auto$alumacc.cc:490:replace_alu$367 [13] $auto$alumacc.cc:490:replace_alu$367 [14] $auto$alumacc.cc:490:replace_alu$367 [15] $auto$alumacc.cc:490:replace_alu$367 [16] $auto$alumacc.cc:490:replace_alu$367 [17] $auto$alumacc.cc:490:replace_alu$367 [18] $auto$alumacc.cc:490:replace_alu$367 [19] $auto$alumacc.cc:490:replace_alu$367 [20] $auto$alumacc.cc:490:replace_alu$367 [21] $auto$alumacc.cc:490:replace_alu$367 [22] $auto$alumacc.cc:490:replace_alu$367 [23] $auto$alumacc.cc:490:replace_alu$367 [24] $auto$alumacc.cc:490:replace_alu$367 [25] $auto$alumacc.cc:490:replace_alu$367 [26] $auto$alumacc.cc:490:replace_alu$367 [27] $auto$alumacc.cc:490:replace_alu$367 [28] $auto$alumacc.cc:490:replace_alu$367 [29] $auto$alumacc.cc:490:replace_alu$367 [30] $auto$alumacc.cc:490:replace_alu$367 [31] }
  Optimizing cells in module $paramod\VX_cp_arbiter\N=4\ENABLE_PRIORITY=1'1.
  Optimizing cells in module \VX_cp_arbiter_top.
Performed a total of 7 changes.

16.5. Executing OPT_MERGE pass (detect identical cells).
Finding identical cells in module `$paramod\VX_cp_arbiter\N=4\ENABLE_PRIORITY=1'1'.
Finding identical cells in module `\VX_cp_arbiter_top'.
Removed a total of 0 cells.

16.6. Executing OPT_RMDFF pass (remove dff with constant values).

16.7. Executing OPT_CLEAN pass (remove unused cells and wires).
Finding unused cells or wires in module $paramod\VX_cp_arbiter\N=4\ENABLE_PRIORITY=1'1..
Finding unused cells or wires in module \VX_cp_arbiter_top..
Removed 0 unused cells and 8 unused wires.
<suppressed ~1 debug messages>

16.8. Executing OPT_EXPR pass (perform const folding).
Optimizing module $paramod\VX_cp_arbiter\N=4\ENABLE_PRIORITY=1'1.
Optimizing module VX_cp_arbiter_top.

16.9. Rerunning OPT passes. (Maybe there is more to do..)

16.10. Executing OPT_MUXTREE pass (detect dead branches in mux trees).
Running muxtree optimizer on module $paramod\VX_cp_arbiter\N=4\ENABLE_PRIORITY=1'1..
  Creating internal representation of mux trees.
  Evaluating internal representation of mux trees.
  Analyzing evaluation results.
Running muxtree optimizer on module \VX_cp_arbiter_top..
  Creating internal representation of mux trees.
  No muxes found in this module.
Removed 0 multiplexer ports.
<suppressed ~14 debug messages>

16.11. Executing OPT_REDUCE pass (consolidate $*mux and $reduce_* inputs).
  Optimizing cells in module $paramod\VX_cp_arbiter\N=4\ENABLE_PRIORITY=1'1.
  Optimizing cells in module \VX_cp_arbiter_top.
Performed a total of 0 changes.

16.12. Executing OPT_MERGE pass (detect identical cells).
Finding identical cells in module `$paramod\VX_cp_arbiter\N=4\ENABLE_PRIORITY=1'1'.
Finding identical cells in module `\VX_cp_arbiter_top'.
Removed a total of 0 cells.

16.13. Executing OPT_RMDFF pass (remove dff with constant values).

16.14. Executing OPT_CLEAN pass (remove unused cells and wires).
Finding unused cells or wires in module $paramod\VX_cp_arbiter\N=4\ENABLE_PRIORITY=1'1..
Finding unused cells or wires in module \VX_cp_arbiter_top..

16.15. Executing OPT_EXPR pass (perform const folding).
Optimizing module $paramod\VX_cp_arbiter\N=4\ENABLE_PRIORITY=1'1.
Optimizing module VX_cp_arbiter_top.

16.16. Finished OPT passes. (There is nothing left to do.)

17. Executing TECHMAP pass (map to technology primitives).

17.1. Executing Verilog-2005 frontend: <techmap.v>
Parsing SystemVerilog input from `<techmap.v>' to AST representation.
Generating RTLIL representation for module `\_90_simplemap_bool_ops'.
Generating RTLIL representation for module `\_90_simplemap_reduce_ops'.
Generating RTLIL representation for module `\_90_simplemap_logic_ops'.
Generating RTLIL representation for module `\_90_simplemap_compare_ops'.
Generating RTLIL representation for module `\_90_simplemap_various'.
Generating RTLIL representation for module `\_90_simplemap_registers'.
Generating RTLIL representation for module `\_90_shift_ops_shr_shl_sshl_sshr'.
Generating RTLIL representation for module `\_90_shift_shiftx'.
Generating RTLIL representation for module `\_90_fa'.
Generating RTLIL representation for module `\_90_lcu'.
Generating RTLIL representation for module `\_90_alu'.
Generating RTLIL representation for module `\_90_macc'.
Generating RTLIL representation for module `\_90_alumacc'.
Generating RTLIL representation for module `\$__div_mod_u'.
Generating RTLIL representation for module `\$__div_mod'.
Generating RTLIL representation for module `\_90_div'.
Generating RTLIL representation for module `\_90_mod'.
Generating RTLIL representation for module `\_90_pow'.
Generating RTLIL representation for module `\_90_pmux'.
Generating RTLIL representation for module `\_90_lut'.
Successfully finished Verilog frontend.

17.2. Continuing TECHMAP pass.
Using extmapper simplemap for cells of type $xor.
Using extmapper simplemap for cells of type $or.
Using extmapper simplemap for cells of type $logic_and.
Using extmapper simplemap for cells of type $eq.
Using extmapper simplemap for cells of type $not.
Using template $paramod$constmap:3cf042c45619902adb3de2341d420b7271e4488a$paramod$244602f8bdde01c3a10e7bdae9c4da54a090dc57\_90_shift_shiftx for cells of type $shiftx.
Using extmapper simplemap for cells of type $logic_not.
Using extmapper simplemap for cells of type $reduce_or.
Using extmapper simplemap for cells of type $reduce_and.
Using template $paramod\_90_alu\A_SIGNED=1\B_SIGNED=1\A_WIDTH=32\B_WIDTH=32\Y_WIDTH=32 for cells of type $alu.
Using extmapper simplemap for cells of type $mux.
Using template $paramod\_90_alu\A_SIGNED=0\B_SIGNED=0\A_WIDTH=2\B_WIDTH=2\Y_WIDTH=2 for cells of type $alu.
Using extmapper simplemap for cells of type $dff.
Using extmapper simplemap for cells of type $and.
Using template $paramod\_90_lcu\WIDTH=32 for cells of type $lcu.
Using extmapper simplemap for cells of type $pos.
Using template $paramod\_90_lcu\WIDTH=2 for cells of type $lcu.
No more expansions possible.
<suppressed ~1838 debug messages>

18. Executing OPT pass (performing simple optimizations).

18.1. Executing OPT_EXPR pass (perform const folding).
Optimizing module $paramod\VX_cp_arbiter\N=4\ENABLE_PRIORITY=1'1.
<suppressed ~2523 debug messages>
Optimizing module VX_cp_arbiter_top.

18.2. Executing OPT_MERGE pass (detect identical cells).
Finding identical cells in module `$paramod\VX_cp_arbiter\N=4\ENABLE_PRIORITY=1'1'.
<suppressed ~576 debug messages>
Finding identical cells in module `\VX_cp_arbiter_top'.
Removed a total of 192 cells.

18.3. Executing OPT_MUXTREE pass (detect dead branches in mux trees).
Running muxtree optimizer on module $paramod\VX_cp_arbiter\N=4\ENABLE_PRIORITY=1'1..
  Creating internal representation of mux trees.
  No muxes found in this module.
Running muxtree optimizer on module \VX_cp_arbiter_top..
  Creating internal representation of mux trees.
  No muxes found in this module.
Removed 0 multiplexer ports.

18.4. Executing OPT_REDUCE pass (consolidate $*mux and $reduce_* inputs).
  Optimizing cells in module $paramod\VX_cp_arbiter\N=4\ENABLE_PRIORITY=1'1.
  Optimizing cells in module \VX_cp_arbiter_top.
Performed a total of 0 changes.

18.5. Executing OPT_MERGE pass (detect identical cells).
Finding identical cells in module `$paramod\VX_cp_arbiter\N=4\ENABLE_PRIORITY=1'1'.
Finding identical cells in module `\VX_cp_arbiter_top'.
Removed a total of 0 cells.

18.6. Executing OPT_RMDFF pass (remove dff with constant values).

18.7. Executing OPT_CLEAN pass (remove unused cells and wires).
Finding unused cells or wires in module $paramod\VX_cp_arbiter\N=4\ENABLE_PRIORITY=1'1..
Finding unused cells or wires in module \VX_cp_arbiter_top..
Removed 123 unused cells and 1279 unused wires.
<suppressed ~124 debug messages>

18.8. Executing OPT_EXPR pass (perform const folding).
Optimizing module $paramod\VX_cp_arbiter\N=4\ENABLE_PRIORITY=1'1.
Optimizing module VX_cp_arbiter_top.

18.9. Rerunning OPT passes. (Maybe there is more to do..)

18.10. Executing OPT_MUXTREE pass (detect dead branches in mux trees).
Running muxtree optimizer on module $paramod\VX_cp_arbiter\N=4\ENABLE_PRIORITY=1'1..
  Creating internal representation of mux trees.
  No muxes found in this module.
Running muxtree optimizer on module \VX_cp_arbiter_top..
  Creating internal representation of mux trees.
  No muxes found in this module.
Removed 0 multiplexer ports.

18.11. Executing OPT_REDUCE pass (consolidate $*mux and $reduce_* inputs).
  Optimizing cells in module $paramod\VX_cp_arbiter\N=4\ENABLE_PRIORITY=1'1.
  Optimizing cells in module \VX_cp_arbiter_top.
Performed a total of 0 changes.

18.12. Executing OPT_MERGE pass (detect identical cells).
Finding identical cells in module `$paramod\VX_cp_arbiter\N=4\ENABLE_PRIORITY=1'1'.
Finding identical cells in module `\VX_cp_arbiter_top'.
Removed a total of 0 cells.

18.13. Executing OPT_RMDFF pass (remove dff with constant values).

18.14. Executing OPT_CLEAN pass (remove unused cells and wires).
Finding unused cells or wires in module $paramod\VX_cp_arbiter\N=4\ENABLE_PRIORITY=1'1..
Finding unused cells or wires in module \VX_cp_arbiter_top..

18.15. Executing OPT_EXPR pass (perform const folding).
Optimizing module $paramod\VX_cp_arbiter\N=4\ENABLE_PRIORITY=1'1.
Optimizing module VX_cp_arbiter_top.

18.16. Finished OPT passes. (There is nothing left to do.)

19. Executing Verilog backend.
Dumping module `$paramod\VX_cp_arbiter\N=4\ENABLE_PRIORITY=1'1'.
Dumping module `\VX_cp_arbiter_top'.

20. Executing JSON backend.

21. Executing DFFLIBMAP pass (mapping DFF cells to sequential cells from liberty file).
Warning: Found unsupported expression 'SE*SI+D*!SE' in pin attribute of cell 'SDFFRS_X1' - skipping.
Warning: Found unsupported expression 'SE*SI+D*!SE' in pin attribute of cell 'SDFFRS_X2' - skipping.
Warning: Found unsupported expression 'SE*SI+D*!SE' in pin attribute of cell 'SDFFR_X1' - skipping.
Warning: Found unsupported expression 'SE*SI+D*!SE' in pin attribute of cell 'SDFFR_X2' - skipping.
Warning: Found unsupported expression 'SE*SI+D*!SE' in pin attribute of cell 'SDFFS_X1' - skipping.
Warning: Found unsupported expression 'SE*SI+D*!SE' in pin attribute of cell 'SDFFS_X2' - skipping.
Warning: Found unsupported expression 'SE*SI+D*!SE' in pin attribute of cell 'SDFF_X1' - skipping.
Warning: Found unsupported expression 'SE*SI+D*!SE' in pin attribute of cell 'SDFF_X2' - skipping.
  cell DFF_X1 (noninv, pins=4, area=4.52) is a direct match for cell type $_DFF_P_.
Warning: Found unsupported expression 'SE*SI+D*!SE' in pin attribute of cell 'SDFFRS_X1' - skipping.
Warning: Found unsupported expression 'SE*SI+D*!SE' in pin attribute of cell 'SDFFRS_X2' - skipping.
Warning: Found unsupported expression 'SE*SI+D*!SE' in pin attribute of cell 'SDFFR_X1' - skipping.
Warning: Found unsupported expression 'SE*SI+D*!SE' in pin attribute of cell 'SDFFR_X2' - skipping.
Warning: Found unsupported expression 'SE*SI+D*!SE' in pin attribute of cell 'SDFFS_X1' - skipping.
Warning: Found unsupported expression 'SE*SI+D*!SE' in pin attribute of cell 'SDFFS_X2' - skipping.
Warning: Found unsupported expression 'SE*SI+D*!SE' in pin attribute of cell 'SDFF_X1' - skipping.
Warning: Found unsupported expression 'SE*SI+D*!SE' in pin attribute of cell 'SDFF_X2' - skipping.
  cell DFFR_X1 (noninv, pins=5, area=5.32) is a direct match for cell type $_DFF_PN0_.
Warning: Found unsupported expression 'SE*SI+D*!SE' in pin attribute of cell 'SDFFRS_X1' - skipping.
Warning: Found unsupported expression 'SE*SI+D*!SE' in pin attribute of cell 'SDFFRS_X2' - skipping.
Warning: Found unsupported expression 'SE*SI+D*!SE' in pin attribute of cell 'SDFFR_X1' - skipping.
Warning: Found unsupported expression 'SE*SI+D*!SE' in pin attribute of cell 'SDFFR_X2' - skipping.
Warning: Found unsupported expression 'SE*SI+D*!SE' in pin attribute of cell 'SDFFS_X1' - skipping.
Warning: Found unsupported expression 'SE*SI+D*!SE' in pin attribute of cell 'SDFFS_X2' - skipping.
Warning: Found unsupported expression 'SE*SI+D*!SE' in pin attribute of cell 'SDFF_X1' - skipping.
Warning: Found unsupported expression 'SE*SI+D*!SE' in pin attribute of cell 'SDFF_X2' - skipping.
  cell DFFS_X1 (noninv, pins=5, area=5.32) is a direct match for cell type $_DFF_PN1_.
Warning: Found unsupported expression 'SE*SI+D*!SE' in pin attribute of cell 'SDFFRS_X1' - skipping.
Warning: Found unsupported expression 'SE*SI+D*!SE' in pin attribute of cell 'SDFFRS_X2' - skipping.
Warning: Found unsupported expression 'SE*SI+D*!SE' in pin attribute of cell 'SDFFR_X1' - skipping.
Warning: Found unsupported expression 'SE*SI+D*!SE' in pin attribute of cell 'SDFFR_X2' - skipping.
Warning: Found unsupported expression 'SE*SI+D*!SE' in pin attribute of cell 'SDFFS_X1' - skipping.
Warning: Found unsupported expression 'SE*SI+D*!SE' in pin attribute of cell 'SDFFS_X2' - skipping.
Warning: Found unsupported expression 'SE*SI+D*!SE' in pin attribute of cell 'SDFF_X1' - skipping.
Warning: Found unsupported expression 'SE*SI+D*!SE' in pin attribute of cell 'SDFF_X2' - skipping.
Warning: Found unsupported expression 'SE*SI+D*!SE' in pin attribute of cell 'SDFFRS_X1' - skipping.
Warning: Found unsupported expression 'SE*SI+D*!SE' in pin attribute of cell 'SDFFRS_X2' - skipping.
Warning: Found unsupported expression 'SE*SI+D*!SE' in pin attribute of cell 'SDFFR_X1' - skipping.
Warning: Found unsupported expression 'SE*SI+D*!SE' in pin attribute of cell 'SDFFR_X2' - skipping.
Warning: Found unsupported expression 'SE*SI+D*!SE' in pin attribute of cell 'SDFFS_X1' - skipping.
Warning: Found unsupported expression 'SE*SI+D*!SE' in pin attribute of cell 'SDFFS_X2' - skipping.
Warning: Found unsupported expression 'SE*SI+D*!SE' in pin attribute of cell 'SDFF_X1' - skipping.
Warning: Found unsupported expression 'SE*SI+D*!SE' in pin attribute of cell 'SDFF_X2' - skipping.
Warning: Found unsupported expression 'SE*SI+D*!SE' in pin attribute of cell 'SDFFRS_X1' - skipping.
Warning: Found unsupported expression 'SE*SI+D*!SE' in pin attribute of cell 'SDFFRS_X2' - skipping.
Warning: Found unsupported expression 'SE*SI+D*!SE' in pin attribute of cell 'SDFFR_X1' - skipping.
Warning: Found unsupported expression 'SE*SI+D*!SE' in pin attribute of cell 'SDFFR_X2' - skipping.
Warning: Found unsupported expression 'SE*SI+D*!SE' in pin attribute of cell 'SDFFS_X1' - skipping.
Warning: Found unsupported expression 'SE*SI+D*!SE' in pin attribute of cell 'SDFFS_X2' - skipping.
Warning: Found unsupported expression 'SE*SI+D*!SE' in pin attribute of cell 'SDFF_X1' - skipping.
Warning: Found unsupported expression 'SE*SI+D*!SE' in pin attribute of cell 'SDFF_X2' - skipping.
  cell DFFRS_X1 (noninv, pins=6, area=6.38) is a direct match for cell type $_DFFSR_PNN_.
Warning: Found unsupported expression 'SE*SI+D*!SE' in pin attribute of cell 'SDFFRS_X1' - skipping.
Warning: Found unsupported expression 'SE*SI+D*!SE' in pin attribute of cell 'SDFFRS_X2' - skipping.
Warning: Found unsupported expression 'SE*SI+D*!SE' in pin attribute of cell 'SDFFR_X1' - skipping.
Warning: Found unsupported expression 'SE*SI+D*!SE' in pin attribute of cell 'SDFFR_X2' - skipping.
Warning: Found unsupported expression 'SE*SI+D*!SE' in pin attribute of cell 'SDFFS_X1' - skipping.
Warning: Found unsupported expression 'SE*SI+D*!SE' in pin attribute of cell 'SDFFS_X2' - skipping.
Warning: Found unsupported expression 'SE*SI+D*!SE' in pin attribute of cell 'SDFF_X1' - skipping.
Warning: Found unsupported expression 'SE*SI+D*!SE' in pin attribute of cell 'SDFF_X2' - skipping.
Warning: Found unsupported expression 'SE*SI+D*!SE' in pin attribute of cell 'SDFFRS_X1' - skipping.
Warning: Found unsupported expression 'SE*SI+D*!SE' in pin attribute of cell 'SDFFRS_X2' - skipping.
Warning: Found unsupported expression 'SE*SI+D*!SE' in pin attribute of cell 'SDFFR_X1' - skipping.
Warning: Found unsupported expression 'SE*SI+D*!SE' in pin attribute of cell 'SDFFR_X2' - skipping.
Warning: Found unsupported expression 'SE*SI+D*!SE' in pin attribute of cell 'SDFFS_X1' - skipping.
Warning: Found unsupported expression 'SE*SI+D*!SE' in pin attribute of cell 'SDFFS_X2' - skipping.
Warning: Found unsupported expression 'SE*SI+D*!SE' in pin attribute of cell 'SDFF_X1' - skipping.
Warning: Found unsupported expression 'SE*SI+D*!SE' in pin attribute of cell 'SDFF_X2' - skipping.
Warning: Found unsupported expression 'SE*SI+D*!SE' in pin attribute of cell 'SDFFRS_X1' - skipping.
Warning: Found unsupported expression 'SE*SI+D*!SE' in pin attribute of cell 'SDFFRS_X2' - skipping.
Warning: Found unsupported expression 'SE*SI+D*!SE' in pin attribute of cell 'SDFFR_X1' - skipping.
Warning: Found unsupported expression 'SE*SI+D*!SE' in pin attribute of cell 'SDFFR_X2' - skipping.
Warning: Found unsupported expression 'SE*SI+D*!SE' in pin attribute of cell 'SDFFS_X1' - skipping.
Warning: Found unsupported expression 'SE*SI+D*!SE' in pin attribute of cell 'SDFFS_X2' - skipping.
Warning: Found unsupported expression 'SE*SI+D*!SE' in pin attribute of cell 'SDFF_X1' - skipping.
Warning: Found unsupported expression 'SE*SI+D*!SE' in pin attribute of cell 'SDFF_X2' - skipping.
  create mapping for $_DFF_PP0_ from mapping for $_DFF_PN0_.
  create mapping for $_DFF_PP1_ from mapping for $_DFF_PN1_.
  create mapping for $_DFFSR_PPN_ from mapping for $_DFFSR_PNN_.
  create mapping for $_DFFSR_PNP_ from mapping for $_DFFSR_PNN_.
  create mapping for $_DFFSR_PPP_ from mapping for $_DFFSR_PNP_.
  create mapping for $_DFF_N_ from mapping for $_DFF_P_.
  create mapping for $_DFF_NN0_ from mapping for $_DFF_PN0_.
  create mapping for $_DFF_NP0_ from mapping for $_DFF_NN0_.
  create mapping for $_DFF_NN1_ from mapping for $_DFF_NN0_.
  create mapping for $_DFF_NP1_ from mapping for $_DFF_NN1_.
  create mapping for $_DFFSR_NNN_ from mapping for $_DFFSR_PNN_.
  create mapping for $_DFFSR_NPN_ from mapping for $_DFFSR_NNN_.
  create mapping for $_DFFSR_NNP_ from mapping for $_DFFSR_NNN_.
  create mapping for $_DFFSR_NPP_ from mapping for $_DFFSR_NNP_.
  final dff cell mappings:
    DFF_X1 _DFF_N_ (.CK(~C), .D( D), .Q( Q), .QN(~Q));
    DFF_X1 _DFF_P_ (.CK( C), .D( D), .Q( Q), .QN(~Q));
    DFFR_X1 _DFF_NN0_ (.CK(~C), .D( D), .Q( Q), .QN(~Q), .RN( R));
    DFFR_X1 _DFF_NN1_ (.CK(~C), .D(~D), .Q(~Q), .QN( Q), .RN( R));
    DFFR_X1 _DFF_NP0_ (.CK(~C), .D( D), .Q( Q), .QN(~Q), .RN(~R));
    DFFR_X1 _DFF_NP1_ (.CK(~C), .D(~D), .Q(~Q), .QN( Q), .RN(~R));
    DFFR_X1 _DFF_PN0_ (.CK( C), .D( D), .Q( Q), .QN(~Q), .RN( R));
    DFFS_X1 _DFF_PN1_ (.CK( C), .D( D), .Q( Q), .QN(~Q), .SN( R));
    DFFR_X1 _DFF_PP0_ (.CK( C), .D( D), .Q( Q), .QN(~Q), .RN(~R));
    DFFS_X1 _DFF_PP1_ (.CK( C), .D( D), .Q( Q), .QN(~Q), .SN(~R));
    DFFRS_X1 _DFFSR_NNN_ (.CK(~C), .D( D), .Q( Q), .QN(~Q), .RN( R), .SN( S));
    DFFRS_X1 _DFFSR_NNP_ (.CK(~C), .D( D), .Q( Q), .QN(~Q), .RN(~R), .SN( S));
    DFFRS_X1 _DFFSR_NPN_ (.CK(~C), .D( D), .Q( Q), .QN(~Q), .RN( R), .SN(~S));
    DFFRS_X1 _DFFSR_NPP_ (.CK(~C), .D( D), .Q( Q), .QN(~Q), .RN(~R), .SN(~S));
    DFFRS_X1 _DFFSR_PNN_ (.CK( C), .D( D), .Q( Q), .QN(~Q), .RN( R), .SN( S));
    DFFRS_X1 _DFFSR_PNP_ (.CK( C), .D( D), .Q( Q), .QN(~Q), .RN(~R), .SN( S));
    DFFRS_X1 _DFFSR_PPN_ (.CK( C), .D( D), .Q( Q), .QN(~Q), .RN( R), .SN(~S));
    DFFRS_X1 _DFFSR_PPP_ (.CK( C), .D( D), .Q( Q), .QN(~Q), .RN(~R), .SN(~S));
Mapping DFF cells in module `$paramod\VX_cp_arbiter\N=4\ENABLE_PRIORITY=1'1':
  mapped 2 $_DFF_P_ cells to \DFF_X1 cells.
Mapping DFF cells in module `\VX_cp_arbiter_top':

22. Executing ABC pass (technology mapping using ABC).

22.1. Extracting gate netlist of module `$paramod\VX_cp_arbiter\N=4\ENABLE_PRIORITY=1'1' to `<abc-temp-dir>/input.blif'..
Extracted 203 gates and 221 wires to a netlist network with 15 inputs and 8 outputs.

22.1.1. Executing ABC.
Running ABC command: berkeley-abc -s -f <abc-temp-dir>/abc.script 2>&1
ABC: ABC command line: "source <abc-temp-dir>/abc.script".
ABC: 
ABC: + read_blif <abc-temp-dir>/input.blif 
ABC: + read_lib -w /home/houdong/vortex/hw/syn/libs/NangateOpenCellLibrary_typical.lib 
ABC: Parsing finished successfully.  Parsing time =     0.02 sec
ABC: Scl_LibertyReadGenlib() skipped cell "ANTENNA_X1" due to dont_use attribute.
ABC: Scl_LibertyReadGenlib() skipped cell "CLKGATETST_X1" without logic function.
ABC: Scl_LibertyReadGenlib() skipped cell "CLKGATETST_X2" without logic function.
ABC: Scl_LibertyReadGenlib() skipped cell "CLKGATETST_X4" without logic function.
ABC: Scl_LibertyReadGenlib() skipped cell "CLKGATETST_X8" without logic function.
ABC: Scl_LibertyReadGenlib() skipped cell "CLKGATE_X1" without logic function.
ABC: Scl_LibertyReadGenlib() skipped cell "CLKGATE_X2" without logic function.
ABC: Scl_LibertyReadGenlib() skipped cell "CLKGATE_X4" without logic function.
ABC: Scl_LibertyReadGenlib() skipped cell "CLKGATE_X8" without logic function.
ABC: Scl_LibertyReadGenlib() skipped sequential cell "DFFRS_X1".
ABC: Scl_LibertyReadGenlib() skipped sequential cell "DFFRS_X2".
ABC: Scl_LibertyReadGenlib() skipped sequential cell "DFFR_X1".
ABC: Scl_LibertyReadGenlib() skipped sequential cell "DFFR_X2".
ABC: Scl_LibertyReadGenlib() skipped sequential cell "DFFS_X1".
ABC: Scl_LibertyReadGenlib() skipped sequential cell "DFFS_X2".
ABC: Scl_LibertyReadGenlib() skipped sequential cell "DFF_X1".
ABC: Scl_LibertyReadGenlib() skipped sequential cell "DFF_X2".
ABC: Scl_LibertyReadGenlib() skipped sequential cell "DLH_X1".
ABC: Scl_LibertyReadGenlib() skipped sequential cell "DLH_X2".
ABC: Scl_LibertyReadGenlib() skipped sequential cell "DLL_X1".
ABC: Scl_LibertyReadGenlib() skipped sequential cell "DLL_X2".
ABC: Scl_LibertyReadGenlib() skipped cell "FILLCELL_X1" due to dont_use attribute.
ABC: Scl_LibertyReadGenlib() skipped cell "TAPCELL_X1" due to dont_use attribute.
ABC: Scl_LibertyReadGenlib() skipped cell "FILLCELL_X2" due to dont_use attribute.
ABC: Scl_LibertyReadGenlib() skipped cell "FILLCELL_X4" due to dont_use attribute.
ABC: Scl_LibertyReadGenlib() skipped cell "FILLCELL_X8" due to dont_use attribute.
ABC: Scl_LibertyReadGenlib() skipped cell "FILLCELL_X16" due to dont_use attribute.
ABC: Scl_LibertyReadGenlib() skipped cell "FILLCELL_X32" due to dont_use attribute.
ABC: Scl_LibertyReadGenlib() skipped cell "LOGIC0_X1" due to dont_use attribute.
ABC: Scl_LibertyReadGenlib() skipped cell "LOGIC1_X1" due to dont_use attribute.
ABC: Scl_LibertyReadGenlib() skipped sequential cell "SDFFRS_X1".
ABC: Scl_LibertyReadGenlib() skipped sequential cell "SDFFRS_X2".
ABC: Scl_LibertyReadGenlib() skipped sequential cell "SDFFR_X1".
ABC: Scl_LibertyReadGenlib() skipped sequential cell "SDFFR_X2".
ABC: Scl_LibertyReadGenlib() skipped sequential cell "SDFFS_X1".
ABC: Scl_LibertyReadGenlib() skipped sequential cell "SDFFS_X2".
ABC: Scl_LibertyReadGenlib() skipped sequential cell "SDFF_X1".
ABC: Scl_LibertyReadGenlib() skipped sequential cell "SDFF_X2".
ABC: Scl_LibertyReadGenlib() skipped three-state cell "TBUF_X1".
ABC: Scl_LibertyReadGenlib() skipped three-state cell "TBUF_X2".
ABC: Scl_LibertyReadGenlib() skipped three-state cell "TBUF_X4".
ABC: Scl_LibertyReadGenlib() skipped three-state cell "TBUF_X8".
ABC: Scl_LibertyReadGenlib() skipped three-state cell "TBUF_X16".
ABC: Scl_LibertyReadGenlib() skipped three-state cell "TINV_X1".
ABC: Scl_LibertyReadGenlib() skipped sequential cell "TLAT_X1".
ABC: Library "NangateOpenCellLibrary" from "/home/houdong/vortex/hw/syn/libs/NangateOpenCellLibrary_typical.lib" has 90 cells (35 skipped: 21 seq; 6 tri-state; 8 no func; 10 dont_use).  Time =     0.03 sec
ABC: Memory =    8.88 MB. Time =     0.03 sec
ABC: Warning: Detected 2 multi-output gates (for example, "FA_X1").
ABC: + strash 
ABC: + ifraig 
ABC: + scorr 
ABC: Warning: The network is combinational (run "fraig" or "fraig_sweep").
ABC: + dc2 
ABC: + dretime 
ABC: + retime -D 2.5 
ABC: + strash 
ABC: + &get -n 
ABC: + &dch -f 
ABC: + &nf -D 2.5 
ABC: + &put 
ABC: + write_blif <abc-temp-dir>/output.blif 

22.1.2. Re-integrating ABC results.
ABC RESULTS:           AND2_X1 cells:        6
ABC RESULTS:           AND3_X1 cells:        2
ABC RESULTS:         AOI211_X1 cells:        3
ABC RESULTS:          AOI21_X1 cells:       12
ABC RESULTS:          AOI22_X1 cells:        3
ABC RESULTS:            INV_X1 cells:       16
ABC RESULTS:           MUX2_X1 cells:        5
ABC RESULTS:          NAND2_X1 cells:       11
ABC RESULTS:          NAND3_X1 cells:        4
ABC RESULTS:           NOR2_X1 cells:       10
ABC RESULTS:           NOR3_X1 cells:        4
ABC RESULTS:         OAI211_X1 cells:        3
ABC RESULTS:          OAI21_X1 cells:        6
ABC RESULTS:          OAI22_X1 cells:        2
ABC RESULTS:            OR2_X1 cells:        1
ABC RESULTS:          XNOR2_X1 cells:        1
ABC RESULTS:        internal signals:      198
ABC RESULTS:           input signals:       15
ABC RESULTS:          output signals:        8
Removing temp directory.

22.2. Extracting gate netlist of module `\VX_cp_arbiter_top' to `<abc-temp-dir>/input.blif'..
Extracted 0 gates and 0 wires to a netlist network with 0 inputs and 0 outputs.
Don't call ABC as there is nothing to map.
Removing temp directory.

23. Printing statistics.

=== $paramod\VX_cp_arbiter\N=4\ENABLE_PRIORITY=1'1 ===

   Number of wires:                250
   Number of wire bits:           1156
   Number of public wires:          16
   Number of public wire bits:     130
   Number of memories:               0
   Number of memory bits:            0
   Number of processes:              0
   Number of cells:                 91
     AND2_X1                         6
     AND3_X1                         2
     AOI211_X1                       3
     AOI21_X1                       12
     AOI22_X1                        3
     DFF_X1                          2
     INV_X1                         16
     MUX2_X1                         5
     NAND2_X1                       11
     NAND3_X1                        4
     NOR2_X1                        10
     NOR3_X1                         4
     OAI211_X1                       3
     OAI21_X1                        6
     OAI22_X1                        2
     OR2_X1                          1
     XNOR2_X1                        1

   Chip area for module '$paramod\VX_cp_arbiter\N=4\ENABLE_PRIORITY=1'1': 97.622000

=== VX_cp_arbiter_top ===

   Number of wires:                 10
   Number of wire bits:             38
   Number of public wires:          10
   Number of public wire bits:      38
   Number of memories:               0
   Number of memory bits:            0
   Number of processes:              0
   Number of cells:                  1
     $paramod\VX_cp_arbiter\N=4\ENABLE_PRIORITY=1'1      1

   Area for cell type $paramod\VX_cp_arbiter\N=4\ENABLE_PRIORITY=1'1 is unknown!

=== design hierarchy ===

   VX_cp_arbiter_top                 1
     $paramod\VX_cp_arbiter\N=4\ENABLE_PRIORITY=1'1      1

   Number of wires:                260
   Number of wire bits:           1194
   Number of public wires:          26
   Number of public wire bits:     168
   Number of memories:               0
   Number of memory bits:            0
   Number of processes:              0
   Number of cells:                 91
     AND2_X1                         6
     AND3_X1                         2
     AOI211_X1                       3
     AOI21_X1                       12
     AOI22_X1                        3
     DFF_X1                          2
     INV_X1                         16
     MUX2_X1                         5
     NAND2_X1                       11
     NAND3_X1                        4
     NOR2_X1                        10
     NOR3_X1                         4
     OAI211_X1                       3
     OAI21_X1                        6
     OAI22_X1                        2
     OR2_X1                          1
     XNOR2_X1                        1

   Chip area for top module '\VX_cp_arbiter_top': 97.622000

24. Executing Verilog backend.
Dumping module `$paramod\VX_cp_arbiter\N=4\ENABLE_PRIORITY=1'1'.
Dumping module `\VX_cp_arbiter_top'.

Warnings: 8 unique messages, 72 total
End of script. Logfile hash: e132418c14
CPU: user 0.39s system 0.01s, MEM: 38.86 MB total, 33.41 MB resident
Yosys 0.9 (git sha1 1979e0b)
Time spent: 14% 1x share (0 sec), 11% 1x techmap (0 sec), ...
