OpenSTA 2.7.0 d5761004cd Copyright (c) 2025, Parallax Software, Inc.
License GPLv3: GNU GPL version 3 <http://gnu.org/licenses/gpl.html>

This is free software, and you are free to change and redistribute it
under certain conditions; type `show_copying' for details. 
This program comes with ABSOLUTELY NO WARRANTY; for details type `show_warranty'.
read_liberty /home/houdong/vortex/hw/syn/libs/NangateOpenCellLibrary_typical.lib
read_verilog results/exp04/ppa/fastpath/asic400_out/VX_cp_engine_top_mapped.v
link_design VX_cp_engine_top
read_sdc results/exp04/ppa/fastpath/asic400_out/VX_cp_engine_top.resolved.sdc
INFO: Using clock port: clk
INFO: Found reset ports: _e0aa5dce32640000_p_Port
 time 1ns
 capacitance 1fF
 resistance 1kohm
 voltage 1v
 current 1mA
 power 1nW
 distance 1um
Clock                   Period          Waveform
----------------------------------------------------
clk                       2.50        0.00      1.25
ext_clk                   2.50        0.00      1.25
wns max -0.24
tns max -15.03
Startpoint: _3514_ (rising edge-triggered flip-flop clocked by clk)
Endpoint: _3514_ (rising edge-triggered flip-flop clocked by clk)
Path Group: clk
Path Type: max

   Delay     Time   Description
-----------------------------------------------------------
   0.000    0.000   clock clk (rise edge)
   0.000    0.000   clock network delay (ideal)
   0.000    0.000 ^ _3514_/CK (DFF_X1)
   0.107    0.107 ^ _3514_/Q (DFF_X1)
   0.013    0.120 v _2671_/ZN (NOR3_X1)
   2.238    2.358 ^ _2684_/ZN (NAND2_X1)
   0.175    2.534 v _3286_/ZN (OAI222_X1)
   0.110    2.644 v _3287_/ZN (AND2_X1)
   0.000    2.644 v _3514_/D (DFF_X1)
            2.644   data arrival time

   2.500    2.500   clock clk (rise edge)
   0.000    2.500   clock network delay (ideal)
  -0.050    2.450   clock uncertainty
   0.000    2.450   clock reconvergence pessimism
            2.450 ^ _3514_/CK (DFF_X1)
  -0.046    2.404   library setup time
            2.404   data required time
-----------------------------------------------------------
            2.404   data required time
           -2.644   data arrival time
-----------------------------------------------------------
           -0.240   slack (VIOLATED)


Startpoint: _3514_ (rising edge-triggered flip-flop clocked by clk)
Endpoint: end_evt (output port clocked by ext_clk)
Path Group: ext_clk
Path Type: max

   Delay     Time   Description
-----------------------------------------------------------
   0.000    0.000   clock clk (rise edge)
   0.000    0.000   clock network delay (ideal)
   0.000    0.000 ^ _3514_/CK (DFF_X1)
   0.107    0.107 ^ _3514_/Q (DFF_X1)
   0.018    0.124 v _2354_/ZN (INV_X1)
   0.115    0.239 ^ _2674_/ZN (NOR3_X1)
   0.040    0.279 ^ _2687_/ZN (AND2_X1)
   0.000    0.279 ^ end_evt (out)
            0.279   data arrival time

   2.500    2.500   clock ext_clk (rise edge)
   0.000    2.500   clock network delay (ideal)
   0.000    2.500   clock reconvergence pessimism
  -0.125    2.375   output external delay
            2.375   data required time
-----------------------------------------------------------
            2.375   data required time
           -0.279   data arrival time
-----------------------------------------------------------
            2.096   slack (MET)


Startpoint: _3515_ (rising edge-triggered flip-flop clocked by clk)
Endpoint: _3515_ (rising edge-triggered flip-flop clocked by clk)
Path Group: clk
Path Type: min

   Delay     Time   Description
-----------------------------------------------------------
   0.000    0.000   clock clk (rise edge)
   0.000    0.000   clock network delay (ideal)
   0.000    0.000 ^ _3515_/CK (DFF_X1)
   0.079    0.079 v _3515_/Q (DFF_X1)
   0.011    0.090 ^ _2440_/ZN (INV_X1)
   0.012    0.102 v _2694_/ZN (AOI21_X1)
   0.000    0.102 v _3515_/D (DFF_X1)
            0.102   data arrival time

   0.000    0.000   clock clk (rise edge)
   0.000    0.000   clock network delay (ideal)
   0.050    0.050   clock uncertainty
   0.000    0.050   clock reconvergence pessimism
            0.050 ^ _3515_/CK (DFF_X1)
   0.002    0.052   library hold time
            0.052   data required time
-----------------------------------------------------------
            0.052   data required time
           -0.102   data arrival time
-----------------------------------------------------------
            0.051   slack (MET)


Startpoint: _3515_ (rising edge-triggered flip-flop clocked by clk)
Endpoint: bid_dcr_cmd[0] (output port clocked by ext_clk)
Path Group: ext_clk
Path Type: min

   Delay     Time   Description
-----------------------------------------------------------
   0.000    0.000   clock clk (rise edge)
   0.000    0.000   clock network delay (ideal)
   0.000    0.000 ^ _3515_/CK (DFF_X1)
   0.079    0.079 v _3515_/Q (DFF_X1)
   0.000    0.079 v bid_dcr_cmd[0] (out)
            0.079   data arrival time

   0.000    0.000   clock ext_clk (rise edge)
   0.000    0.000   clock network delay (ideal)
   0.000    0.000   clock reconvergence pessimism
  -0.125   -0.125   output external delay
           -0.125   data required time
-----------------------------------------------------------
           -0.125   data required time
           -0.079   data arrival time
-----------------------------------------------------------
            0.204   slack (MET)


INFO: SAIF_FILE not provided (or not found); power will be vectorless/default.
STA done.
