
 /----------------------------------------------------------------------------\
 |                                                                            |
 |  yosys -- Yosys Open SYnthesis Suite                                       |
 |                                                                            |
 |  Copyright (C) 2012 - 2019  Clifford Wolf <clifford@clifford.at>           |
 |                                                                            |
 |  Permission to use, copy, modify, and/or distribute this software for any  |
 |  purpose with or without fee is hereby granted, provided that the above    |
 |  copyright notice and this permission notice appear in all copies.         |
 |                                                                            |
 |  THE SOFTWARE IS PROVIDED "AS IS" AND THE AUTHOR DISCLAIMS ALL WARRANTIES  |
 |  WITH REGARD TO THIS SOFTWARE INCLUDING ALL IMPLIED WARRANTIES OF          |
 |  MERCHANTABILITY AND FITNESS. IN NO EVENT SHALL THE AUTHOR BE LIABLE FOR   |
 |  ANY SPECIAL, DIRECT, INDIRECT, OR CONSEQUENTIAL DAMAGES OR ANY DAMAGES    |
 |  WHATSOEVER RESULTING FROM LOSS OF USE, DATA OR PROFITS, WHETHER IN AN     |
 |  ACTION OF CONTRACT, NEGLIGENCE OR OTHER TORTIOUS ACTION, ARISING OUT OF   |
 |  OR IN CONNECTION WITH THE USE OR PERFORMANCE OF THIS SOFTWARE.            |
 |                                                                            |
 \----------------------------------------------------------------------------/

 Yosys 0.9 (git sha1 1979e0b)


-- Running command `
read_verilog -defer /tmp/cp_engine_fast.v
hierarchy -check -top VX_cp_engine_top
proc; opt
fsm; opt
memory; opt
memory_map; opt
alumacc; wreduce; share; opt
techmap; opt
stat -top VX_cp_engine_top -width
write_json results/exp04/ppa/fastpath/cp_engine.json
write_verilog -noattr -noexpr results/exp04/ppa/fastpath/cp_engine_syn.v
' --

1. Executing Verilog-2005 frontend: /tmp/cp_engine_fast.v
Parsing Verilog input from `/tmp/cp_engine_fast.v' to AST representation.
Storing AST representation for module `$abstract\VX_cp_engine_top'.
Successfully finished Verilog frontend.

2. Executing HIERARCHY pass (managing design hierarchy).

3. Executing AST frontend in derive mode using pre-parsed AST for module `\VX_cp_engine_top'.
Generating RTLIL representation for module `\VX_cp_engine_top'.
Warning: wire '\VX_cp_engine_top.bid_kmu_if.valid' is assigned in a block at /tmp/cp_engine_fast.v:451.
Warning: wire '\VX_cp_engine_top.bid_kmu_if.priority_' is assigned in a block at /tmp/cp_engine_fast.v:453.
Warning: wire '\VX_cp_engine_top.bid_kmu_if.cmd' is assigned in a block at /tmp/cp_engine_fast.v:455.
Warning: wire '\VX_cp_engine_top.bid_dma_if.valid' is assigned in a block at /tmp/cp_engine_fast.v:457.
Warning: wire '\VX_cp_engine_top.bid_dma_if.priority_' is assigned in a block at /tmp/cp_engine_fast.v:459.
Warning: wire '\VX_cp_engine_top.bid_dma_if.cmd' is assigned in a block at /tmp/cp_engine_fast.v:461.
Warning: wire '\VX_cp_engine_top.bid_dcr_if.valid' is assigned in a block at /tmp/cp_engine_fast.v:463.
Warning: wire '\VX_cp_engine_top.bid_dcr_if.priority_' is assigned in a block at /tmp/cp_engine_fast.v:465.
Warning: wire '\VX_cp_engine_top.bid_dcr_if.cmd' is assigned in a block at /tmp/cp_engine_fast.v:467.
Warning: wire '\VX_cp_engine_top.bid_event_if.valid' is assigned in a block at /tmp/cp_engine_fast.v:469.
Warning: wire '\VX_cp_engine_top.bid_event_if.priority_' is assigned in a block at /tmp/cp_engine_fast.v:471.
Warning: wire '\VX_cp_engine_top.bid_event_if.cmd' is assigned in a block at /tmp/cp_engine_fast.v:473.
/tmp/cp_engine_fast.v:388: Warning: Identifier `\VX_cp_engine_top.bid_kmu_if.grant' is implicitly declared.
/tmp/cp_engine_fast.v:392: Warning: Identifier `\VX_cp_engine_top.bid_dma_if.grant' is implicitly declared.
/tmp/cp_engine_fast.v:396: Warning: Identifier `\VX_cp_engine_top.bid_dcr_if.grant' is implicitly declared.
/tmp/cp_engine_fast.v:400: Warning: Identifier `\VX_cp_engine_top.bid_event_if.grant' is implicitly declared.
/tmp/cp_engine_fast.v:451: Warning: Identifier `\VX_cp_engine_top.bid_kmu_if.valid' is implicitly declared.
/tmp/cp_engine_fast.v:453: Warning: Identifier `\VX_cp_engine_top.bid_kmu_if.priority_' is implicitly declared.
/tmp/cp_engine_fast.v:455: Warning: Identifier `\VX_cp_engine_top.bid_kmu_if.cmd' is implicitly declared.
/tmp/cp_engine_fast.v:457: Warning: Identifier `\VX_cp_engine_top.bid_dma_if.valid' is implicitly declared.
/tmp/cp_engine_fast.v:459: Warning: Identifier `\VX_cp_engine_top.bid_dma_if.priority_' is implicitly declared.
/tmp/cp_engine_fast.v:461: Warning: Identifier `\VX_cp_engine_top.bid_dma_if.cmd' is implicitly declared.
/tmp/cp_engine_fast.v:463: Warning: Identifier `\VX_cp_engine_top.bid_dcr_if.valid' is implicitly declared.
/tmp/cp_engine_fast.v:465: Warning: Identifier `\VX_cp_engine_top.bid_dcr_if.priority_' is implicitly declared.
/tmp/cp_engine_fast.v:467: Warning: Identifier `\VX_cp_engine_top.bid_dcr_if.cmd' is implicitly declared.
/tmp/cp_engine_fast.v:469: Warning: Identifier `\VX_cp_engine_top.bid_event_if.valid' is implicitly declared.
/tmp/cp_engine_fast.v:471: Warning: Identifier `\VX_cp_engine_top.bid_event_if.priority_' is implicitly declared.
/tmp/cp_engine_fast.v:473: Warning: Identifier `\VX_cp_engine_top.bid_event_if.cmd' is implicitly declared.

3.1. Analyzing design hierarchy..
Top module:  \VX_cp_engine_top

3.2. Analyzing design hierarchy..
Top module:  \VX_cp_engine_top
Removing unused module `$abstract\VX_cp_engine_top'.
Removed 1 unused modules.

4. Executing PROC pass (convert processes to netlists).

4.1. Executing PROC_CLEAN pass (remove empty switches from decision trees).
Found and cleaned up 1 empty switch in `\VX_cp_engine_top.$proc$/tmp/cp_engine_fast.v:445$24'.
Cleaned up 1 empty switch.

4.2. Executing PROC_RMDEAD pass (remove dead branches from decision trees).
Removed 2 dead cases from process $proc$/tmp/cp_engine_fast.v:335$3 in module VX_cp_engine_top.
Marked 7 switch rules as full_case in process $proc$/tmp/cp_engine_fast.v:335$3 in module VX_cp_engine_top.
Removed a total of 2 dead cases.

4.3. Executing PROC_INIT pass (extract init attributes).

4.4. Executing PROC_ARST pass (detect async resets in processes).

4.5. Executing PROC_MUX pass (convert decision trees to multiplexers).
Creating decoders for process `\VX_cp_engine_top.$proc$/tmp/cp_engine_fast.v:489$65'.
     1/1: $0\u_engine._sv2v_0[0:0]
Creating decoders for process `\VX_cp_engine_top.$proc$/tmp/cp_engine_fast.v:445$24'.
     1/18: $0\u_engine.profile_slot[63:0]
     2/18: $0\u_engine.end_evt[0:0]
     3/18: $0\u_engine.submit_evt[0:0]
     4/18: $0\u_engine.retire_seqnum[63:0]
     5/18: $0\u_engine.retire_evt[0:0]
     6/18: $0\VX_cp_engine_top.bid_event_if.cmd[0:0]
     7/18: $0\VX_cp_engine_top.bid_event_if.priority_[0:0]
     8/18: $0\VX_cp_engine_top.bid_event_if.valid[0:0]
     9/18: $0\VX_cp_engine_top.bid_dcr_if.cmd[0:0]
    10/18: $0\VX_cp_engine_top.bid_dcr_if.priority_[0:0]
    11/18: $0\VX_cp_engine_top.bid_dcr_if.valid[0:0]
    12/18: $0\VX_cp_engine_top.bid_dma_if.cmd[0:0]
    13/18: $0\VX_cp_engine_top.bid_dma_if.priority_[0:0]
    14/18: $0\VX_cp_engine_top.bid_dma_if.valid[0:0]
    15/18: $0\VX_cp_engine_top.bid_kmu_if.cmd[0:0]
    16/18: $0\VX_cp_engine_top.bid_kmu_if.priority_[0:0]
    17/18: $0\VX_cp_engine_top.bid_kmu_if.valid[0:0]
    18/18: $0\u_engine.cmd_in_ready[0:0]
Creating decoders for process `\VX_cp_engine_top.$proc$/tmp/cp_engine_fast.v:335$3'.
     1/28: $3$func$\u_engine.classify$/tmp/cp_engine_fast.v:371$2$\u_engine.classify[1:0]$21
     2/28: $3$func$\u_engine.classify$/tmp/cp_engine_fast.v:371$2$\skip[0:0]$22
     3/28: $2$func$\u_engine.classify$/tmp/cp_engine_fast.v:371$2$\skip[0:0]$18
     4/28: $2$func$\u_engine.classify$/tmp/cp_engine_fast.v:371$2$\op[7:0]$17
     5/28: $2$func$\u_engine.classify$/tmp/cp_engine_fast.v:371$2$\u_engine.classify[1:0]$16
     6/28: $2$func$\sv2v_cast_8$/tmp/cp_engine_fast.v:371$1$\inp[7:0]$15
     7/28: $2$func$\sv2v_cast_8$/tmp/cp_engine_fast.v:371$1$\sv2v_cast_8[7:0]$14
     8/28: $2\u_engine.sv2v_autoblock_1.skip_flag[0:0]
     9/28: $2\u_engine.sv2v_autoblock_1.res[1:0]
    10/28: $1$func$\u_engine.classify$/tmp/cp_engine_fast.v:371$2$\skip[0:0]$13
    11/28: $1$func$\u_engine.classify$/tmp/cp_engine_fast.v:371$2$\op[7:0]$12
    12/28: $1$func$\u_engine.classify$/tmp/cp_engine_fast.v:371$2$\u_engine.classify[1:0]$11
    13/28: $1$func$\sv2v_cast_8$/tmp/cp_engine_fast.v:371$1$\inp[7:0]$10
    14/28: $1$func$\sv2v_cast_8$/tmp/cp_engine_fast.v:371$1$\sv2v_cast_8[7:0]$9
    15/28: $1\u_engine.sv2v_autoblock_1.skip_flag[0:0]
    16/28: $1\u_engine.sv2v_autoblock_1.res[1:0]
    17/28: $0$func$\u_engine.classify$/tmp/cp_engine_fast.v:371$2$\skip[0:0]$8
    18/28: $0$func$\u_engine.classify$/tmp/cp_engine_fast.v:371$2$\op[7:0]$7
    19/28: $0$func$\u_engine.classify$/tmp/cp_engine_fast.v:371$2$\u_engine.classify[1:0]$6
    20/28: $0$func$\sv2v_cast_8$/tmp/cp_engine_fast.v:371$1$\inp[7:0]$5
    21/28: $0$func$\sv2v_cast_8$/tmp/cp_engine_fast.v:371$1$\sv2v_cast_8[7:0]$4
    22/28: $0\u_engine.sv2v_autoblock_1.skip_flag[0:0]
    23/28: $0\u_engine.sv2v_autoblock_1.res[1:0]
    24/28: $0\u_engine.seqnum_r[63:0]
    25/28: $0\u_engine.no_resource[0:0]
    26/28: $0\u_engine.cur_res[1:0]
    27/28: $0\u_engine.cur_cmd[287:0]
    28/28: $0\u_engine.fsm[2:0]

4.6. Executing PROC_DLATCH pass (convert process syncs to latches).
No latch inferred for signal `\VX_cp_engine_top.\u_engine._sv2v_0' from process `\VX_cp_engine_top.$proc$/tmp/cp_engine_fast.v:489$65'.
No latch inferred for signal `\VX_cp_engine_top.\u_engine.cmd_in_ready' from process `\VX_cp_engine_top.$proc$/tmp/cp_engine_fast.v:445$24'.
No latch inferred for signal `\VX_cp_engine_top.\u_engine.retire_evt' from process `\VX_cp_engine_top.$proc$/tmp/cp_engine_fast.v:445$24'.
No latch inferred for signal `\VX_cp_engine_top.\u_engine.retire_seqnum' from process `\VX_cp_engine_top.$proc$/tmp/cp_engine_fast.v:445$24'.
No latch inferred for signal `\VX_cp_engine_top.\u_engine.submit_evt' from process `\VX_cp_engine_top.$proc$/tmp/cp_engine_fast.v:445$24'.
No latch inferred for signal `\VX_cp_engine_top.\u_engine.end_evt' from process `\VX_cp_engine_top.$proc$/tmp/cp_engine_fast.v:445$24'.
No latch inferred for signal `\VX_cp_engine_top.\u_engine.profile_slot' from process `\VX_cp_engine_top.$proc$/tmp/cp_engine_fast.v:445$24'.
No latch inferred for signal `\VX_cp_engine_top.\VX_cp_engine_top.bid_dcr_if.valid' from process `\VX_cp_engine_top.$proc$/tmp/cp_engine_fast.v:445$24'.
No latch inferred for signal `\VX_cp_engine_top.\VX_cp_engine_top.bid_dcr_if.priority_' from process `\VX_cp_engine_top.$proc$/tmp/cp_engine_fast.v:445$24'.
No latch inferred for signal `\VX_cp_engine_top.\VX_cp_engine_top.bid_kmu_if.valid' from process `\VX_cp_engine_top.$proc$/tmp/cp_engine_fast.v:445$24'.
No latch inferred for signal `\VX_cp_engine_top.\VX_cp_engine_top.bid_kmu_if.priority_' from process `\VX_cp_engine_top.$proc$/tmp/cp_engine_fast.v:445$24'.
No latch inferred for signal `\VX_cp_engine_top.\VX_cp_engine_top.bid_kmu_if.cmd' from process `\VX_cp_engine_top.$proc$/tmp/cp_engine_fast.v:445$24'.
No latch inferred for signal `\VX_cp_engine_top.\VX_cp_engine_top.bid_dma_if.valid' from process `\VX_cp_engine_top.$proc$/tmp/cp_engine_fast.v:445$24'.
No latch inferred for signal `\VX_cp_engine_top.\VX_cp_engine_top.bid_dma_if.priority_' from process `\VX_cp_engine_top.$proc$/tmp/cp_engine_fast.v:445$24'.
No latch inferred for signal `\VX_cp_engine_top.\VX_cp_engine_top.bid_dma_if.cmd' from process `\VX_cp_engine_top.$proc$/tmp/cp_engine_fast.v:445$24'.
No latch inferred for signal `\VX_cp_engine_top.\VX_cp_engine_top.bid_dcr_if.cmd' from process `\VX_cp_engine_top.$proc$/tmp/cp_engine_fast.v:445$24'.
No latch inferred for signal `\VX_cp_engine_top.\VX_cp_engine_top.bid_event_if.valid' from process `\VX_cp_engine_top.$proc$/tmp/cp_engine_fast.v:445$24'.
No latch inferred for signal `\VX_cp_engine_top.\VX_cp_engine_top.bid_event_if.priority_' from process `\VX_cp_engine_top.$proc$/tmp/cp_engine_fast.v:445$24'.
No latch inferred for signal `\VX_cp_engine_top.\VX_cp_engine_top.bid_event_if.cmd' from process `\VX_cp_engine_top.$proc$/tmp/cp_engine_fast.v:445$24'.

4.7. Executing PROC_DFF pass (convert process syncs to FFs).
Creating register for signal `\VX_cp_engine_top.\u_engine.fsm' using process `\VX_cp_engine_top.$proc$/tmp/cp_engine_fast.v:335$3'.
  created $dff cell `$procdff$263' with positive edge clock.
Creating register for signal `\VX_cp_engine_top.\u_engine.cur_cmd' using process `\VX_cp_engine_top.$proc$/tmp/cp_engine_fast.v:335$3'.
  created $dff cell `$procdff$264' with positive edge clock.
Creating register for signal `\VX_cp_engine_top.\u_engine.cur_res' using process `\VX_cp_engine_top.$proc$/tmp/cp_engine_fast.v:335$3'.
  created $dff cell `$procdff$265' with positive edge clock.
Creating register for signal `\VX_cp_engine_top.\u_engine.no_resource' using process `\VX_cp_engine_top.$proc$/tmp/cp_engine_fast.v:335$3'.
  created $dff cell `$procdff$266' with positive edge clock.
Creating register for signal `\VX_cp_engine_top.\u_engine.seqnum_r' using process `\VX_cp_engine_top.$proc$/tmp/cp_engine_fast.v:335$3'.
  created $dff cell `$procdff$267' with positive edge clock.
Creating register for signal `\VX_cp_engine_top.\u_engine.sv2v_autoblock_1.res' using process `\VX_cp_engine_top.$proc$/tmp/cp_engine_fast.v:335$3'.
  created $dff cell `$procdff$268' with positive edge clock.
Creating register for signal `\VX_cp_engine_top.\u_engine.sv2v_autoblock_1.skip_flag' using process `\VX_cp_engine_top.$proc$/tmp/cp_engine_fast.v:335$3'.
  created $dff cell `$procdff$269' with positive edge clock.
Creating register for signal `\VX_cp_engine_top.$func$\sv2v_cast_8$/tmp/cp_engine_fast.v:371$1$\sv2v_cast_8' using process `\VX_cp_engine_top.$proc$/tmp/cp_engine_fast.v:335$3'.
  created $dff cell `$procdff$270' with positive edge clock.
Creating register for signal `\VX_cp_engine_top.$func$\sv2v_cast_8$/tmp/cp_engine_fast.v:371$1$\inp' using process `\VX_cp_engine_top.$proc$/tmp/cp_engine_fast.v:335$3'.
  created $dff cell `$procdff$271' with positive edge clock.
Creating register for signal `\VX_cp_engine_top.$func$\u_engine.classify$/tmp/cp_engine_fast.v:371$2$\u_engine.classify' using process `\VX_cp_engine_top.$proc$/tmp/cp_engine_fast.v:335$3'.
  created $dff cell `$procdff$272' with positive edge clock.
Creating register for signal `\VX_cp_engine_top.$func$\u_engine.classify$/tmp/cp_engine_fast.v:371$2$\op' using process `\VX_cp_engine_top.$proc$/tmp/cp_engine_fast.v:335$3'.
  created $dff cell `$procdff$273' with positive edge clock.
Creating register for signal `\VX_cp_engine_top.$func$\u_engine.classify$/tmp/cp_engine_fast.v:371$2$\skip' using process `\VX_cp_engine_top.$proc$/tmp/cp_engine_fast.v:335$3'.
  created $dff cell `$procdff$274' with positive edge clock.

4.8. Executing PROC_CLEAN pass (remove empty switches from decision trees).
Removing empty process `VX_cp_engine_top.$proc$/tmp/cp_engine_fast.v:489$65'.
Removing empty process `VX_cp_engine_top.$proc$/tmp/cp_engine_fast.v:445$24'.
Found and cleaned up 17 empty switches in `\VX_cp_engine_top.$proc$/tmp/cp_engine_fast.v:335$3'.
Removing empty process `VX_cp_engine_top.$proc$/tmp/cp_engine_fast.v:335$3'.
Cleaned up 17 empty switches.

5. Executing OPT pass (performing simple optimizations).

5.1. Executing OPT_EXPR pass (perform const folding).
Optimizing module VX_cp_engine_top.
<suppressed ~15 debug messages>

5.2. Executing OPT_MERGE pass (detect identical cells).
Finding identical cells in module `\VX_cp_engine_top'.
<suppressed ~147 debug messages>
Removed a total of 49 cells.

5.3. Executing OPT_MUXTREE pass (detect dead branches in mux trees).
Running muxtree optimizer on module \VX_cp_engine_top..
  Creating internal representation of mux trees.
  Evaluating internal representation of mux trees.
  Analyzing evaluation results.
    dead port 1/2 on $mux $procmux$171.
    dead port 2/2 on $mux $procmux$171.
    dead port 1/2 on $mux $procmux$168.
    dead port 2/2 on $mux $procmux$168.
    dead port 1/2 on $mux $procmux$165.
    dead port 2/2 on $mux $procmux$165.
    dead port 1/2 on $mux $procmux$162.
    dead port 2/2 on $mux $procmux$162.
    dead port 1/2 on $mux $procmux$159.
    dead port 2/2 on $mux $procmux$159.
    dead port 1/2 on $mux $procmux$156.
    dead port 1/2 on $mux $procmux$147.
    dead port 1/2 on $mux $procmux$138.
    dead port 2/2 on $mux $procmux$138.
    dead port 1/2 on $mux $procmux$135.
    dead port 2/2 on $mux $procmux$135.
    dead port 1/2 on $mux $procmux$129.
    dead port 2/2 on $mux $procmux$129.
    dead port 1/2 on $mux $procmux$126.
    dead port 2/2 on $mux $procmux$126.
    dead port 1/2 on $mux $procmux$120.
    dead port 2/2 on $mux $procmux$120.
    dead port 1/2 on $mux $procmux$117.
    dead port 2/2 on $mux $procmux$117.
    dead port 1/2 on $mux $procmux$111.
    dead port 2/2 on $mux $procmux$111.
    dead port 1/2 on $mux $procmux$108.
    dead port 2/2 on $mux $procmux$108.
    dead port 1/2 on $mux $procmux$102.
    dead port 2/2 on $mux $procmux$102.
    dead port 1/2 on $mux $procmux$99.
    dead port 2/2 on $mux $procmux$99.
    dead port 1/2 on $mux $procmux$78.
    dead port 2/2 on $mux $procmux$75.
Removed 34 multiplexer ports.
<suppressed ~9 debug messages>

5.4. Executing OPT_REDUCE pass (consolidate $*mux and $reduce_* inputs).
  Optimizing cells in module \VX_cp_engine_top.
    New input vector for $reduce_or cell $procmux$86_ANY: { $procmux$86_CMP [0] $procmux$86_CMP [1] }
    New input vector for $reduce_or cell $procmux$87_ANY: { $procmux$87_CMP [0] $procmux$87_CMP [1] $procmux$87_CMP [2] }
    New input vector for $reduce_or cell $procmux$88_ANY: { $procmux$88_CMP [0] $procmux$88_CMP [1] $procmux$88_CMP [2] }
    New ctrl vector for $pmux cell $procmux$85: $auto$opt_reduce.cc:132:opt_mux$276
    New ctrl vector for $pmux cell $procmux$220: { $procmux$259_CMP $procmux$253_CMP $procmux$249_CMP $procmux$235_CMP }
    New input vector for $reduce_or cell $auto$opt_reduce.cc:126:opt_mux$275: { $procmux$86_CMP [0] $procmux$86_CMP [1] $procmux$87_CMP [0] $procmux$87_CMP [1] $procmux$87_CMP [2] $procmux$88_CMP [0] $procmux$88_CMP [1] $procmux$88_CMP [2] $procmux$89_CMP }
  Optimizing cells in module \VX_cp_engine_top.
Performed a total of 6 changes.

5.5. Executing OPT_MERGE pass (detect identical cells).
Finding identical cells in module `\VX_cp_engine_top'.
Removed a total of 0 cells.

5.6. Executing OPT_RMDFF pass (remove dff with constant values).
Removing $procdff$272 ($dff) from module VX_cp_engine_top.
Removing $procdff$270 ($dff) from module VX_cp_engine_top.
Removing $procdff$274 ($dff) from module VX_cp_engine_top.
Replaced 3 DFF cells.

5.7. Executing OPT_CLEAN pass (remove unused cells and wires).
Finding unused cells or wires in module \VX_cp_engine_top..
Removed 13 unused cells and 175 unused wires.
<suppressed ~21 debug messages>

5.8. Executing OPT_EXPR pass (perform const folding).
Optimizing module VX_cp_engine_top.

5.9. Rerunning OPT passes. (Maybe there is more to do..)

5.10. Executing OPT_MUXTREE pass (detect dead branches in mux trees).
Running muxtree optimizer on module \VX_cp_engine_top..
  Creating internal representation of mux trees.
  Evaluating internal representation of mux trees.
  Analyzing evaluation results.
Removed 0 multiplexer ports.
<suppressed ~5 debug messages>

5.11. Executing OPT_REDUCE pass (consolidate $*mux and $reduce_* inputs).
  Optimizing cells in module \VX_cp_engine_top.
Performed a total of 0 changes.

5.12. Executing OPT_MERGE pass (detect identical cells).
Finding identical cells in module `\VX_cp_engine_top'.
Removed a total of 0 cells.

5.13. Executing OPT_RMDFF pass (remove dff with constant values).

5.14. Executing OPT_CLEAN pass (remove unused cells and wires).
Finding unused cells or wires in module \VX_cp_engine_top..

5.15. Executing OPT_EXPR pass (perform const folding).
Optimizing module VX_cp_engine_top.

5.16. Finished OPT passes. (There is nothing left to do.)

6. Executing FSM pass (extract and optimize FSM).

6.1. Executing FSM_DETECT pass (finding FSMs in design).
Found FSM state register VX_cp_engine_top.u_engine.cur_res.
Not marking VX_cp_engine_top.u_engine.fsm as FSM state register:
    Register is connected to module port.
    Users of register don't seem to benefit from recoding.

6.2. Executing FSM_EXTRACT pass (extracting FSM from design).
Extracting FSM `\u_engine.cur_res' from module `\VX_cp_engine_top'.
  found $dff cell for state register: $procdff$265
  root of input selection tree: $0\u_engine.cur_res[1:0]
  found reset state: 2'00 (guessed from mux tree)
  found ctrl input: \reset
  found ctrl input: $eq$/tmp/cp_engine_fast.v:479$39_Y
  found ctrl input: $procmux$72_CTRL
  found ctrl input: $procmux$73_CTRL
  found ctrl input: $procmux$74_CTRL
  found state code: 2'00
  found state code: 2'11
  found state code: 2'01
  found state code: 2'10
  found ctrl output: $eq$/tmp/cp_engine_fast.v:469$36_Y
  found ctrl output: $eq$/tmp/cp_engine_fast.v:463$33_Y
  found ctrl output: $eq$/tmp/cp_engine_fast.v:457$30_Y
  found ctrl output: $eq$/tmp/cp_engine_fast.v:451$27_Y
  ctrl inputs: { $procmux$74_CTRL $procmux$73_CTRL $procmux$72_CTRL $eq$/tmp/cp_engine_fast.v:479$39_Y \reset }
  ctrl outputs: { $eq$/tmp/cp_engine_fast.v:469$36_Y $eq$/tmp/cp_engine_fast.v:463$33_Y $eq$/tmp/cp_engine_fast.v:457$30_Y $eq$/tmp/cp_engine_fast.v:451$27_Y $0\u_engine.cur_res[1:0] }
  transition:       2'00 5'---00 ->       2'00 6'000100
  transition:       2'00 5'00010 ->       2'00 6'000100
  transition:       2'00 5'1--10 ->       2'10 6'000110
  transition:       2'00 5'-1-10 ->       2'01 6'000101
  transition:       2'00 5'--110 ->       2'11 6'000111
  transition:       2'00 5'----1 ->       2'00 6'000100
  transition:       2'10 5'---00 ->       2'10 6'010010
  transition:       2'10 5'00010 ->       2'00 6'010000
  transition:       2'10 5'1--10 ->       2'10 6'010010
  transition:       2'10 5'-1-10 ->       2'01 6'010001
  transition:       2'10 5'--110 ->       2'11 6'010011
  transition:       2'10 5'----1 ->       2'00 6'010000
  transition:       2'01 5'---00 ->       2'01 6'001001
  transition:       2'01 5'00010 ->       2'00 6'001000
  transition:       2'01 5'1--10 ->       2'10 6'001010
  transition:       2'01 5'-1-10 ->       2'01 6'001001
  transition:       2'01 5'--110 ->       2'11 6'001011
  transition:       2'01 5'----1 ->       2'00 6'001000
  transition:       2'11 5'---00 ->       2'11 6'100011
  transition:       2'11 5'00010 ->       2'00 6'100000
  transition:       2'11 5'1--10 ->       2'10 6'100010
  transition:       2'11 5'-1-10 ->       2'01 6'100001
  transition:       2'11 5'--110 ->       2'11 6'100011
  transition:       2'11 5'----1 ->       2'00 6'100000

6.3. Executing FSM_OPT pass (simple optimizations of FSMs).
Optimizing FSM `$fsm$\u_engine.cur_res$277' from module `\VX_cp_engine_top'.

6.4. Executing OPT_CLEAN pass (remove unused cells and wires).
Finding unused cells or wires in module \VX_cp_engine_top..
Removed 8 unused cells and 8 unused wires.
<suppressed ~9 debug messages>

6.5. Executing FSM_OPT pass (simple optimizations of FSMs).
Optimizing FSM `$fsm$\u_engine.cur_res$277' from module `\VX_cp_engine_top'.
  Removing unused output signal $0\u_engine.cur_res[1:0] [0].
  Removing unused output signal $0\u_engine.cur_res[1:0] [1].

6.6. Executing FSM_RECODE pass (re-assigning FSM state encoding).
Recoding FSM `$fsm$\u_engine.cur_res$277' from module `\VX_cp_engine_top' using `auto' encoding:
  mapping auto encoding to `one-hot` for this FSM.
  00 -> ---1
  10 -> --1-
  01 -> -1--
  11 -> 1---

6.7. Executing FSM_INFO pass (dumping all available information on FSM cells).

FSM `$fsm$\u_engine.cur_res$277' from module `\VX_cp_engine_top':
-------------------------------------

  Information on FSM $fsm$\u_engine.cur_res$277 (\u_engine.cur_res):

  Number of input signals:    5
  Number of output signals:   4
  Number of state bits:       4

  Input signals:
    0: \reset
    1: $eq$/tmp/cp_engine_fast.v:479$39_Y
    2: $procmux$72_CTRL
    3: $procmux$73_CTRL
    4: $procmux$74_CTRL

  Output signals:
    0: $eq$/tmp/cp_engine_fast.v:451$27_Y
    1: $eq$/tmp/cp_engine_fast.v:457$30_Y
    2: $eq$/tmp/cp_engine_fast.v:463$33_Y
    3: $eq$/tmp/cp_engine_fast.v:469$36_Y

  State encoding:
    0:     4'---1  <RESET STATE>
    1:     4'--1-
    2:     4'-1--
    3:     4'1---

  Transition Table (state_in, ctrl_in, state_out, ctrl_out):
      0:     0 5'---00   ->     0 4'0001
      1:     0 5'00010   ->     0 4'0001
      2:     0 5'----1   ->     0 4'0001
      3:     0 5'1--10   ->     1 4'0001
      4:     0 5'-1-10   ->     2 4'0001
      5:     0 5'--110   ->     3 4'0001
      6:     1 5'00010   ->     0 4'0100
      7:     1 5'----1   ->     0 4'0100
      8:     1 5'---00   ->     1 4'0100
      9:     1 5'1--10   ->     1 4'0100
     10:     1 5'-1-10   ->     2 4'0100
     11:     1 5'--110   ->     3 4'0100
     12:     2 5'00010   ->     0 4'0010
     13:     2 5'----1   ->     0 4'0010
     14:     2 5'1--10   ->     1 4'0010
     15:     2 5'---00   ->     2 4'0010
     16:     2 5'-1-10   ->     2 4'0010
     17:     2 5'--110   ->     3 4'0010
     18:     3 5'00010   ->     0 4'1000
     19:     3 5'----1   ->     0 4'1000
     20:     3 5'1--10   ->     1 4'1000
     21:     3 5'-1-10   ->     2 4'1000
     22:     3 5'---00   ->     3 4'1000
     23:     3 5'--110   ->     3 4'1000

-------------------------------------

6.8. Executing FSM_MAP pass (mapping FSMs to basic logic).
Mapping FSM `$fsm$\u_engine.cur_res$277' from module `\VX_cp_engine_top'.

7. Executing OPT pass (performing simple optimizations).

7.1. Executing OPT_EXPR pass (perform const folding).
Optimizing module VX_cp_engine_top.
<suppressed ~5 debug messages>

7.2. Executing OPT_MERGE pass (detect identical cells).
Finding identical cells in module `\VX_cp_engine_top'.
<suppressed ~9 debug messages>
Removed a total of 3 cells.

7.3. Executing OPT_MUXTREE pass (detect dead branches in mux trees).
Running muxtree optimizer on module \VX_cp_engine_top..
  Creating internal representation of mux trees.
  Evaluating internal representation of mux trees.
  Analyzing evaluation results.
Removed 0 multiplexer ports.
<suppressed ~4 debug messages>

7.4. Executing OPT_REDUCE pass (consolidate $*mux and $reduce_* inputs).
  Optimizing cells in module \VX_cp_engine_top.
    New input vector for $reduce_or cell $auto$fsm_map.cc:144:implement_pattern_cache$295: { \reset $auto$fsm_map.cc:118:implement_pattern_cache$289 $auto$fsm_map.cc:74:implement_pattern_cache$291 }
  Optimizing cells in module \VX_cp_engine_top.
Performed a total of 1 changes.

7.5. Executing OPT_MERGE pass (detect identical cells).
Finding identical cells in module `\VX_cp_engine_top'.
Removed a total of 0 cells.

7.6. Executing OPT_RMDFF pass (remove dff with constant values).

7.7. Executing OPT_CLEAN pass (remove unused cells and wires).
Finding unused cells or wires in module \VX_cp_engine_top..
Removed 0 unused cells and 11 unused wires.
<suppressed ~1 debug messages>

7.8. Executing OPT_EXPR pass (perform const folding).
Optimizing module VX_cp_engine_top.

7.9. Rerunning OPT passes. (Maybe there is more to do..)

7.10. Executing OPT_MUXTREE pass (detect dead branches in mux trees).
Running muxtree optimizer on module \VX_cp_engine_top..
  Creating internal representation of mux trees.
  Evaluating internal representation of mux trees.
  Analyzing evaluation results.
Removed 0 multiplexer ports.
<suppressed ~4 debug messages>

7.11. Executing OPT_REDUCE pass (consolidate $*mux and $reduce_* inputs).
  Optimizing cells in module \VX_cp_engine_top.
Performed a total of 0 changes.

7.12. Executing OPT_MERGE pass (detect identical cells).
Finding identical cells in module `\VX_cp_engine_top'.
Removed a total of 0 cells.

7.13. Executing OPT_RMDFF pass (remove dff with constant values).

7.14. Executing OPT_CLEAN pass (remove unused cells and wires).
Finding unused cells or wires in module \VX_cp_engine_top..

7.15. Executing OPT_EXPR pass (perform const folding).
Optimizing module VX_cp_engine_top.

7.16. Finished OPT passes. (There is nothing left to do.)

8. Executing MEMORY pass.

8.1. Executing MEMORY_DFF pass (merging $dff cells to $memrd and $memwr).

8.2. Executing OPT_CLEAN pass (remove unused cells and wires).
Finding unused cells or wires in module \VX_cp_engine_top..

8.3. Executing MEMORY_SHARE pass (consolidating $memrd/$memwr cells).

8.4. Executing OPT_CLEAN pass (remove unused cells and wires).
Finding unused cells or wires in module \VX_cp_engine_top..

8.5. Executing MEMORY_COLLECT pass (generating $mem cells).

8.6. Executing MEMORY_MAP pass (converting $mem cells to logic and flip-flops).

9. Executing OPT pass (performing simple optimizations).

9.1. Executing OPT_EXPR pass (perform const folding).
Optimizing module VX_cp_engine_top.

9.2. Executing OPT_MERGE pass (detect identical cells).
Finding identical cells in module `\VX_cp_engine_top'.
Removed a total of 0 cells.

9.3. Executing OPT_MUXTREE pass (detect dead branches in mux trees).
Running muxtree optimizer on module \VX_cp_engine_top..
  Creating internal representation of mux trees.
  Evaluating internal representation of mux trees.
  Analyzing evaluation results.
Removed 0 multiplexer ports.
<suppressed ~4 debug messages>

9.4. Executing OPT_REDUCE pass (consolidate $*mux and $reduce_* inputs).
  Optimizing cells in module \VX_cp_engine_top.
Performed a total of 0 changes.

9.5. Executing OPT_MERGE pass (detect identical cells).
Finding identical cells in module `\VX_cp_engine_top'.
Removed a total of 0 cells.

9.6. Executing OPT_RMDFF pass (remove dff with constant values).

9.7. Executing OPT_CLEAN pass (remove unused cells and wires).
Finding unused cells or wires in module \VX_cp_engine_top..

9.8. Executing OPT_EXPR pass (perform const folding).
Optimizing module VX_cp_engine_top.

9.9. Finished OPT passes. (There is nothing left to do.)

10. Executing MEMORY_MAP pass (converting $mem cells to logic and flip-flops).

11. Executing OPT pass (performing simple optimizations).

11.1. Executing OPT_EXPR pass (perform const folding).
Optimizing module VX_cp_engine_top.

11.2. Executing OPT_MERGE pass (detect identical cells).
Finding identical cells in module `\VX_cp_engine_top'.
Removed a total of 0 cells.

11.3. Executing OPT_MUXTREE pass (detect dead branches in mux trees).
Running muxtree optimizer on module \VX_cp_engine_top..
  Creating internal representation of mux trees.
  Evaluating internal representation of mux trees.
  Analyzing evaluation results.
Removed 0 multiplexer ports.
<suppressed ~4 debug messages>

11.4. Executing OPT_REDUCE pass (consolidate $*mux and $reduce_* inputs).
  Optimizing cells in module \VX_cp_engine_top.
Performed a total of 0 changes.

11.5. Executing OPT_MERGE pass (detect identical cells).
Finding identical cells in module `\VX_cp_engine_top'.
Removed a total of 0 cells.

11.6. Executing OPT_RMDFF pass (remove dff with constant values).

11.7. Executing OPT_CLEAN pass (remove unused cells and wires).
Finding unused cells or wires in module \VX_cp_engine_top..

11.8. Executing OPT_EXPR pass (perform const folding).
Optimizing module VX_cp_engine_top.

11.9. Finished OPT passes. (There is nothing left to do.)

12. Executing ALUMACC pass (create $alu and $macc cells).
Extracting $alu and $macc cells in module VX_cp_engine_top:
  creating $macc model for $add$/tmp/cp_engine_fast.v:434$23 ($add).
  creating $alu model for $macc $add$/tmp/cp_engine_fast.v:434$23.
  creating $alu cell for $add$/tmp/cp_engine_fast.v:434$23: $auto$alumacc.cc:474:replace_alu$317
  created 1 $alu and 0 $macc cells.

13. Executing WREDUCE pass (reducing word size of cells).
Removed top 3 bits (of 5) from port B of cell VX_cp_engine_top.$auto$fsm_map.cc:77:implement_pattern_cache$292 ($eq).
Removed top 7 bits (of 8) from port B of cell VX_cp_engine_top.$procmux$87_CMP0 ($eq).
Removed top 4 bits (of 8) from port B of cell VX_cp_engine_top.$procmux$86_CMP0 ($eq).
Removed top 4 bits (of 8) from port B of cell VX_cp_engine_top.$procmux$86_CMP1 ($eq).
Removed top 6 bits (of 8) from port B of cell VX_cp_engine_top.$procmux$87_CMP1 ($eq).
Removed top 6 bits (of 8) from port B of cell VX_cp_engine_top.$procmux$87_CMP2 ($eq).
Removed top 5 bits (of 8) from port B of cell VX_cp_engine_top.$procmux$88_CMP0 ($eq).
Removed top 5 bits (of 8) from port B of cell VX_cp_engine_top.$procmux$88_CMP1 ($eq).
Removed top 4 bits (of 8) from port B of cell VX_cp_engine_top.$procmux$88_CMP2 ($eq).
Removed top 5 bits (of 8) from port B of cell VX_cp_engine_top.$procmux$89_CMP0 ($eq).
Removed cell VX_cp_engine_top.$procmux$90 ($mux).
Removed cell VX_cp_engine_top.$procmux$93 ($mux).
Removed top 1 bits (of 3) from port B of cell VX_cp_engine_top.$procmux$235_CMP0 ($eq).
Removed top 1 bits (of 3) from port B of cell VX_cp_engine_top.$procmux$249_CMP0 ($eq).
Removed top 2 bits (of 3) from port B of cell VX_cp_engine_top.$procmux$253_CMP0 ($eq).

14. Executing SHARE pass (SAT-based resource sharing).

15. Executing OPT pass (performing simple optimizations).

15.1. Executing OPT_EXPR pass (perform const folding).
Optimizing module VX_cp_engine_top.
<suppressed ~1 debug messages>

15.2. Executing OPT_MERGE pass (detect identical cells).
Finding identical cells in module `\VX_cp_engine_top'.
Removed a total of 0 cells.

15.3. Executing OPT_MUXTREE pass (detect dead branches in mux trees).
Running muxtree optimizer on module \VX_cp_engine_top..
  Creating internal representation of mux trees.
  Evaluating internal representation of mux trees.
  Analyzing evaluation results.
    dead port 1/2 on $mux $procmux$85.
    dead port 2/2 on $mux $procmux$85.
Removed 2 multiplexer ports.
<suppressed ~3 debug messages>

15.4. Executing OPT_REDUCE pass (consolidate $*mux and $reduce_* inputs).
  Optimizing cells in module \VX_cp_engine_top.
Performed a total of 0 changes.

15.5. Executing OPT_MERGE pass (detect identical cells).
Finding identical cells in module `\VX_cp_engine_top'.
Removed a total of 0 cells.

15.6. Executing OPT_RMDFF pass (remove dff with constant values).

15.7. Executing OPT_CLEAN pass (remove unused cells and wires).
Finding unused cells or wires in module \VX_cp_engine_top..
Removed 0 unused cells and 3 unused wires.
<suppressed ~1 debug messages>

15.8. Executing OPT_EXPR pass (perform const folding).
Optimizing module VX_cp_engine_top.

15.9. Rerunning OPT passes. (Maybe there is more to do..)

15.10. Executing OPT_MUXTREE pass (detect dead branches in mux trees).
Running muxtree optimizer on module \VX_cp_engine_top..
  Creating internal representation of mux trees.
  Evaluating internal representation of mux trees.
  Analyzing evaluation results.
Removed 0 multiplexer ports.
<suppressed ~3 debug messages>

15.11. Executing OPT_REDUCE pass (consolidate $*mux and $reduce_* inputs).
  Optimizing cells in module \VX_cp_engine_top.
Performed a total of 0 changes.

15.12. Executing OPT_MERGE pass (detect identical cells).
Finding identical cells in module `\VX_cp_engine_top'.
Removed a total of 0 cells.

15.13. Executing OPT_RMDFF pass (remove dff with constant values).

15.14. Executing OPT_CLEAN pass (remove unused cells and wires).
Finding unused cells or wires in module \VX_cp_engine_top..

15.15. Executing OPT_EXPR pass (perform const folding).
Optimizing module VX_cp_engine_top.

15.16. Finished OPT passes. (There is nothing left to do.)

16. Executing TECHMAP pass (map to technology primitives).

16.1. Executing Verilog-2005 frontend: <techmap.v>
Parsing Verilog input from `<techmap.v>' to AST representation.
Generating RTLIL representation for module `\_90_simplemap_bool_ops'.
Generating RTLIL representation for module `\_90_simplemap_reduce_ops'.
Generating RTLIL representation for module `\_90_simplemap_logic_ops'.
Generating RTLIL representation for module `\_90_simplemap_compare_ops'.
Generating RTLIL representation for module `\_90_simplemap_various'.
Generating RTLIL representation for module `\_90_simplemap_registers'.
Generating RTLIL representation for module `\_90_shift_ops_shr_shl_sshl_sshr'.
Generating RTLIL representation for module `\_90_shift_shiftx'.
Generating RTLIL representation for module `\_90_fa'.
Generating RTLIL representation for module `\_90_lcu'.
Generating RTLIL representation for module `\_90_alu'.
Generating RTLIL representation for module `\_90_macc'.
Generating RTLIL representation for module `\_90_alumacc'.
Generating RTLIL representation for module `\$__div_mod_u'.
Generating RTLIL representation for module `\$__div_mod'.
Generating RTLIL representation for module `\_90_div'.
Generating RTLIL representation for module `\_90_mod'.
Generating RTLIL representation for module `\_90_pow'.
Generating RTLIL representation for module `\_90_pmux'.
Generating RTLIL representation for module `\_90_lut'.
Successfully finished Verilog frontend.

16.2. Continuing TECHMAP pass.
Using extmapper simplemap for cells of type $eq.
Using extmapper simplemap for cells of type $logic_and.
Using extmapper simplemap for cells of type $logic_not.
Using extmapper simplemap for cells of type $logic_or.
Using extmapper simplemap for cells of type $reduce_or.
Using extmapper simplemap for cells of type $mux.
Using extmapper simplemap for cells of type $and.
Using template $paramod\_90_pmux\WIDTH=3\S_WIDTH=4 for cells of type $pmux.
Using extmapper simplemap for cells of type $dff.
Using template $paramod\_90_alu\A_SIGNED=0\B_SIGNED=0\A_WIDTH=64\B_WIDTH=64\Y_WIDTH=64 for cells of type $alu.
Using extmapper simplemap for cells of type $xor.
Using template $paramod\_90_lcu\WIDTH=64 for cells of type $lcu.
Using extmapper simplemap for cells of type $not.
Using extmapper simplemap for cells of type $pos.
Using extmapper simplemap for cells of type $or.
No more expansions possible.
<suppressed ~709 debug messages>

17. Executing OPT pass (performing simple optimizations).

17.1. Executing OPT_EXPR pass (perform const folding).
Optimizing module VX_cp_engine_top.
<suppressed ~869 debug messages>

17.2. Executing OPT_MERGE pass (detect identical cells).
Finding identical cells in module `\VX_cp_engine_top'.
<suppressed ~177 debug messages>
Removed a total of 59 cells.

17.3. Executing OPT_MUXTREE pass (detect dead branches in mux trees).
Running muxtree optimizer on module \VX_cp_engine_top..
  Creating internal representation of mux trees.
  No muxes found in this module.
Removed 0 multiplexer ports.

17.4. Executing OPT_REDUCE pass (consolidate $*mux and $reduce_* inputs).
  Optimizing cells in module \VX_cp_engine_top.
Performed a total of 0 changes.

17.5. Executing OPT_MERGE pass (detect identical cells).
Finding identical cells in module `\VX_cp_engine_top'.
Removed a total of 0 cells.

17.6. Executing OPT_RMDFF pass (remove dff with constant values).

17.7. Executing OPT_CLEAN pass (remove unused cells and wires).
Finding unused cells or wires in module \VX_cp_engine_top..
Removed 866 unused cells and 311 unused wires.
<suppressed ~867 debug messages>

17.8. Executing OPT_EXPR pass (perform const folding).
Optimizing module VX_cp_engine_top.

17.9. Rerunning OPT passes. (Maybe there is more to do..)

17.10. Executing OPT_MUXTREE pass (detect dead branches in mux trees).
Running muxtree optimizer on module \VX_cp_engine_top..
  Creating internal representation of mux trees.
  No muxes found in this module.
Removed 0 multiplexer ports.

17.11. Executing OPT_REDUCE pass (consolidate $*mux and $reduce_* inputs).
  Optimizing cells in module \VX_cp_engine_top.
Performed a total of 0 changes.

17.12. Executing OPT_MERGE pass (detect identical cells).
Finding identical cells in module `\VX_cp_engine_top'.
Removed a total of 0 cells.

17.13. Executing OPT_RMDFF pass (remove dff with constant values).

17.14. Executing OPT_CLEAN pass (remove unused cells and wires).
Finding unused cells or wires in module \VX_cp_engine_top..

17.15. Executing OPT_EXPR pass (perform const folding).
Optimizing module VX_cp_engine_top.

17.16. Finished OPT passes. (There is nothing left to do.)

18. Printing statistics.

=== VX_cp_engine_top ===

   Number of wires:                271
   Number of wire bits:           5510
   Number of public wires:          89
   Number of public wire bits:    4054
   Number of memories:               0
   Number of memory bits:            0
   Number of processes:              0
   Number of cells:                895
     $_AND_                        164
     $_DFF_P_                      144
     $_MUX_                        386
     $_NOT_                         21
     $_OR_                         105
     $_XOR_                         75

19. Executing JSON backend.

20. Executing Verilog backend.
Dumping module `\VX_cp_engine_top'.

Warnings: 28 unique messages, 28 total
End of script. Logfile hash: 0f61b80a23
CPU: user 0.33s system 0.01s, MEM: 25.50 MB total, 19.68 MB resident
Yosys 0.9 (git sha1 1979e0b)
Time spent: 25% 14x opt_clean (0 sec), 15% 17x opt_expr (0 sec), ...
