OpenSTA 2.7.0 d5761004cd Copyright (c) 2025, Parallax Software, Inc.
License GPLv3: GNU GPL version 3 <http://gnu.org/licenses/gpl.html>

This is free software, and you are free to change and redistribute it
under certain conditions; type `show_copying' for details. 
This program comes with ABSOLUTELY NO WARRANTY; for details type `show_warranty'.
read_liberty /home/houdong/vortex/hw/syn/libs/NangateOpenCellLibrary_typical.lib
read_verilog results/exp04/ppa/baseline/asic_out/VX_cp_engine_top_mapped.v
link_design VX_cp_engine_top
read_sdc results/exp04/ppa/baseline/asic_out/VX_cp_engine_top.resolved.sdc
INFO: Using clock port: clk
INFO: Found reset ports: _707d7315c9600000_p_Port
 time 1ns
 capacitance 1fF
 resistance 1kohm
 voltage 1v
 current 1mA
 power 1nW
 distance 1um
Clock                   Period          Waveform
----------------------------------------------------
clk                       1.25        0.00      0.62
ext_clk                   1.25        0.00      0.62
wns max -1.29
tns max -381.72
Startpoint: _3513_ (rising edge-triggered flip-flop clocked by clk)
Endpoint: _3514_ (rising edge-triggered flip-flop clocked by clk)
Path Group: clk
Path Type: max

   Delay     Time   Description
-----------------------------------------------------------
   0.000    0.000   clock clk (rise edge)
   0.000    0.000   clock network delay (ideal)
   0.000    0.000 ^ _3513_/CK (DFF_X1)
   0.118    0.118 ^ _3513_/Q (DFF_X1)
   0.016    0.134 v _2670_/ZN (NOR3_X1)
   2.240    2.374 ^ _2687_/ZN (NAND2_X1)
  -0.028    2.346 v _2688_/ZN (OAI21_X1)
   0.113    2.459 ^ _2689_/ZN (AOI21_X1)
   0.000    2.459 ^ _3514_/D (DFF_X1)
            2.459   data arrival time

   1.250    1.250   clock clk (rise edge)
   0.000    1.250   clock network delay (ideal)
  -0.025    1.225   clock uncertainty
   0.000    1.225   clock reconvergence pessimism
            1.225 ^ _3514_/CK (DFF_X1)
  -0.058    1.167   library setup time
            1.167   data required time
-----------------------------------------------------------
            1.167   data required time
           -2.459   data arrival time
-----------------------------------------------------------
           -1.292   slack (VIOLATED)


Startpoint: _3512_ (rising edge-triggered flip-flop clocked by clk)
Endpoint: start_evt (output port clocked by ext_clk)
Path Group: ext_clk
Path Type: max

   Delay     Time   Description
-----------------------------------------------------------
   0.000    0.000   clock clk (rise edge)
   0.000    0.000   clock network delay (ideal)
   0.000    0.000 ^ _3512_/CK (DFF_X1)
   0.095    0.095 ^ _3512_/Q (DFF_X1)
   0.015    0.110 v _2350_/ZN (INV_X1)
   0.092    0.202 ^ _2675_/ZN (NOR3_X1)
   0.025    0.227 v _2685_/ZN (NAND2_X1)
   0.023    0.250 ^ _2686_/ZN (NOR2_X1)
   0.000    0.250 ^ start_evt (out)
            0.250   data arrival time

   1.250    1.250   clock ext_clk (rise edge)
   0.000    1.250   clock network delay (ideal)
   0.000    1.250   clock reconvergence pessimism
  -0.062    1.188   output external delay
            1.188   data required time
-----------------------------------------------------------
            1.188   data required time
           -0.250   data arrival time
-----------------------------------------------------------
            0.937   slack (MET)


Startpoint: reset (input port clocked by ext_clk)
Endpoint: _3512_ (rising edge-triggered flip-flop clocked by clk)
Path Group: clk
Path Type: min

   Delay     Time   Description
-----------------------------------------------------------
   0.000    0.000   clock ext_clk (rise edge)
   0.000    0.000   clock network delay (ideal)
   0.062    0.062 ^ input external delay
   0.000    0.062 ^ reset (in)
   0.004    0.067 v _3274_/ZN (NOR2_X1)
   0.000    0.067 v _3512_/D (DFF_X1)
            0.067   data arrival time

   0.000    0.000   clock clk (rise edge)
   0.000    0.000   clock network delay (ideal)
   0.025    0.025   clock uncertainty
   0.000    0.025   clock reconvergence pessimism
            0.025 ^ _3512_/CK (DFF_X1)
   0.001    0.026   library hold time
            0.026   data required time
-----------------------------------------------------------
            0.026   data required time
           -0.067   data arrival time
-----------------------------------------------------------
            0.040   slack (MET)


Startpoint: state_prio[0] (input port clocked by ext_clk)
Endpoint: bid_dcr_prio[0] (output port clocked by ext_clk)
Path Group: ext_clk
Path Type: min

   Delay     Time   Description
-----------------------------------------------------------
   0.000    0.000   clock ext_clk (rise edge)
   0.000    0.000   clock network delay (ideal)
   0.062    0.062 ^ input external delay
   0.000    0.062 ^ state_prio[0] (in)
   0.000    0.062 ^ bid_dcr_prio[0] (out)
            0.062   data arrival time

   0.000    0.000   clock ext_clk (rise edge)
   0.000    0.000   clock network delay (ideal)
   0.000    0.000   clock reconvergence pessimism
  -0.062   -0.062   output external delay
           -0.062   data required time
-----------------------------------------------------------
           -0.062   data required time
           -0.062   data arrival time
-----------------------------------------------------------
            0.125   slack (MET)


INFO: SAIF_FILE not provided (or not found); power will be vectorless/default.
STA done.
