
 /----------------------------------------------------------------------------\
 |                                                                            |
 |  yosys -- Yosys Open SYnthesis Suite                                       |
 |                                                                            |
 |  Copyright (C) 2012 - 2019  Clifford Wolf <clifford@clifford.at>           |
 |                                                                            |
 |  Permission to use, copy, modify, and/or distribute this software for any  |
 |  purpose with or without fee is hereby granted, provided that the above    |
 |  copyright notice and this permission notice appear in all copies.         |
 |                                                                            |
 |  THE SOFTWARE IS PROVIDED "AS IS" AND THE AUTHOR DISCLAIMS ALL WARRANTIES  |
 |  WITH REGARD TO THIS SOFTWARE INCLUDING ALL IMPLIED WARRANTIES OF          |
 |  MERCHANTABILITY AND FITNESS. IN NO EVENT SHALL THE AUTHOR BE LIABLE FOR   |
 |  ANY SPECIAL, DIRECT, INDIRECT, OR CONSEQUENTIAL DAMAGES OR ANY DAMAGES    |
 |  WHATSOEVER RESULTING FROM LOSS OF USE, DATA OR PROFITS, WHETHER IN AN     |
 |  ACTION OF CONTRACT, NEGLIGENCE OR OTHER TORTIOUS ACTION, ARISING OUT OF   |
 |  OR IN CONNECTION WITH THE USE OR PERFORMANCE OF THIS SOFTWARE.            |
 |                                                                            |
 \----------------------------------------------------------------------------/

 Yosys 0.9 (git sha1 1979e0b)


-- Executing script file `results/exp04/ppa/baseline/asic_out/synth.ys' --

1. Executing Liberty frontend.
Imported 135 cell types from liberty file.

2. Executing Verilog-2005 frontend: results/exp04/ppa/baseline/cp_engine_input.v
Parsing SystemVerilog input from `results/exp04/ppa/baseline/cp_engine_input.v' to AST representation.
Storing AST representation for module `$abstract\VX_cp_engine_top'.
Successfully finished Verilog frontend.

3. Executing HIERARCHY pass (managing design hierarchy).

4. Executing AST frontend in derive mode using pre-parsed AST for module `\VX_cp_engine_top'.
Generating RTLIL representation for module `\VX_cp_engine_top'.

4.1. Analyzing design hierarchy..
Top module:  \VX_cp_engine_top

4.2. Analyzing design hierarchy..
Top module:  \VX_cp_engine_top
Removing unused module `$abstract\VX_cp_engine_top'.
Removed 1 unused modules.

5. Executing PROC pass (convert processes to netlists).

5.1. Executing PROC_CLEAN pass (remove empty switches from decision trees).
Found and cleaned up 1 empty switch in `\VX_cp_engine_top.$proc$results/exp04/ppa/baseline/cp_engine_input.v:445$24'.
Cleaned up 1 empty switch.

5.2. Executing PROC_RMDEAD pass (remove dead branches from decision trees).
Removed 2 dead cases from process $proc$results/exp04/ppa/baseline/cp_engine_input.v:335$3 in module VX_cp_engine_top.
Marked 7 switch rules as full_case in process $proc$results/exp04/ppa/baseline/cp_engine_input.v:335$3 in module VX_cp_engine_top.
Removed a total of 2 dead cases.

5.3. Executing PROC_INIT pass (extract init attributes).

5.4. Executing PROC_ARST pass (detect async resets in processes).

5.5. Executing PROC_MUX pass (convert decision trees to multiplexers).
Creating decoders for process `\VX_cp_engine_top.$proc$results/exp04/ppa/baseline/cp_engine_input.v:489$65'.
     1/1: $0\u_engine._sv2v_0[0:0]
Creating decoders for process `\VX_cp_engine_top.$proc$results/exp04/ppa/baseline/cp_engine_input.v:445$24'.
     1/18: $0\u_engine.profile_slot[63:0]
     2/18: $0\u_engine.end_evt[0:0]
     3/18: $0\u_engine.submit_evt[0:0]
     4/18: $0\u_engine.retire_seqnum[63:0]
     5/18: $0\u_engine.retire_evt[0:0]
     6/18: $0\bid_event_if.cmd[287:0]
     7/18: $0\bid_event_if.priority_[1:0]
     8/18: $0\bid_event_if.valid[0:0]
     9/18: $0\bid_dcr_if.cmd[287:0]
    10/18: $0\bid_dcr_if.priority_[1:0]
    11/18: $0\bid_dcr_if.valid[0:0]
    12/18: $0\bid_dma_if.cmd[287:0]
    13/18: $0\bid_dma_if.priority_[1:0]
    14/18: $0\bid_dma_if.valid[0:0]
    15/18: $0\bid_kmu_if.cmd[287:0]
    16/18: $0\bid_kmu_if.priority_[1:0]
    17/18: $0\bid_kmu_if.valid[0:0]
    18/18: $0\u_engine.cmd_in_ready[0:0]
Creating decoders for process `\VX_cp_engine_top.$proc$results/exp04/ppa/baseline/cp_engine_input.v:335$3'.
     1/28: $3$func$\u_engine.classify$results/exp04/ppa/baseline/cp_engine_input.v:371$2$\u_engine.classify[1:0]$21
     2/28: $3$func$\u_engine.classify$results/exp04/ppa/baseline/cp_engine_input.v:371$2$\skip[0:0]$22
     3/28: $2$func$\u_engine.classify$results/exp04/ppa/baseline/cp_engine_input.v:371$2$\skip[0:0]$18
     4/28: $2$func$\u_engine.classify$results/exp04/ppa/baseline/cp_engine_input.v:371$2$\op[7:0]$17
     5/28: $2$func$\u_engine.classify$results/exp04/ppa/baseline/cp_engine_input.v:371$2$\u_engine.classify[1:0]$16
     6/28: $2$func$\sv2v_cast_8$results/exp04/ppa/baseline/cp_engine_input.v:371$1$\inp[7:0]$15
     7/28: $2$func$\sv2v_cast_8$results/exp04/ppa/baseline/cp_engine_input.v:371$1$\sv2v_cast_8[7:0]$14
     8/28: $2\u_engine.sv2v_autoblock_1.skip_flag[0:0]
     9/28: $2\u_engine.sv2v_autoblock_1.res[1:0]
    10/28: $1$func$\u_engine.classify$results/exp04/ppa/baseline/cp_engine_input.v:371$2$\skip[0:0]$13
    11/28: $1$func$\u_engine.classify$results/exp04/ppa/baseline/cp_engine_input.v:371$2$\op[7:0]$12
    12/28: $1$func$\u_engine.classify$results/exp04/ppa/baseline/cp_engine_input.v:371$2$\u_engine.classify[1:0]$11
    13/28: $1$func$\sv2v_cast_8$results/exp04/ppa/baseline/cp_engine_input.v:371$1$\inp[7:0]$10
    14/28: $1$func$\sv2v_cast_8$results/exp04/ppa/baseline/cp_engine_input.v:371$1$\sv2v_cast_8[7:0]$9
    15/28: $1\u_engine.sv2v_autoblock_1.skip_flag[0:0]
    16/28: $1\u_engine.sv2v_autoblock_1.res[1:0]
    17/28: $0$func$\u_engine.classify$results/exp04/ppa/baseline/cp_engine_input.v:371$2$\skip[0:0]$8
    18/28: $0$func$\u_engine.classify$results/exp04/ppa/baseline/cp_engine_input.v:371$2$\op[7:0]$7
    19/28: $0$func$\u_engine.classify$results/exp04/ppa/baseline/cp_engine_input.v:371$2$\u_engine.classify[1:0]$6
    20/28: $0$func$\sv2v_cast_8$results/exp04/ppa/baseline/cp_engine_input.v:371$1$\inp[7:0]$5
    21/28: $0$func$\sv2v_cast_8$results/exp04/ppa/baseline/cp_engine_input.v:371$1$\sv2v_cast_8[7:0]$4
    22/28: $0\u_engine.sv2v_autoblock_1.skip_flag[0:0]
    23/28: $0\u_engine.sv2v_autoblock_1.res[1:0]
    24/28: $0\u_engine.seqnum_r[63:0]
    25/28: $0\u_engine.no_resource[0:0]
    26/28: $0\u_engine.cur_res[1:0]
    27/28: $0\u_engine.cur_cmd[287:0]
    28/28: $0\u_engine.fsm[2:0]

5.6. Executing PROC_DLATCH pass (convert process syncs to latches).
No latch inferred for signal `\VX_cp_engine_top.\u_engine._sv2v_0' from process `\VX_cp_engine_top.$proc$results/exp04/ppa/baseline/cp_engine_input.v:489$65'.
No latch inferred for signal `\VX_cp_engine_top.\bid_kmu_if.valid' from process `\VX_cp_engine_top.$proc$results/exp04/ppa/baseline/cp_engine_input.v:445$24'.
No latch inferred for signal `\VX_cp_engine_top.\bid_kmu_if.priority_' from process `\VX_cp_engine_top.$proc$results/exp04/ppa/baseline/cp_engine_input.v:445$24'.
No latch inferred for signal `\VX_cp_engine_top.\bid_kmu_if.cmd' from process `\VX_cp_engine_top.$proc$results/exp04/ppa/baseline/cp_engine_input.v:445$24'.
No latch inferred for signal `\VX_cp_engine_top.\bid_dma_if.valid' from process `\VX_cp_engine_top.$proc$results/exp04/ppa/baseline/cp_engine_input.v:445$24'.
No latch inferred for signal `\VX_cp_engine_top.\bid_dma_if.priority_' from process `\VX_cp_engine_top.$proc$results/exp04/ppa/baseline/cp_engine_input.v:445$24'.
No latch inferred for signal `\VX_cp_engine_top.\bid_dma_if.cmd' from process `\VX_cp_engine_top.$proc$results/exp04/ppa/baseline/cp_engine_input.v:445$24'.
No latch inferred for signal `\VX_cp_engine_top.\bid_dcr_if.valid' from process `\VX_cp_engine_top.$proc$results/exp04/ppa/baseline/cp_engine_input.v:445$24'.
No latch inferred for signal `\VX_cp_engine_top.\bid_dcr_if.priority_' from process `\VX_cp_engine_top.$proc$results/exp04/ppa/baseline/cp_engine_input.v:445$24'.
No latch inferred for signal `\VX_cp_engine_top.\bid_dcr_if.cmd' from process `\VX_cp_engine_top.$proc$results/exp04/ppa/baseline/cp_engine_input.v:445$24'.
No latch inferred for signal `\VX_cp_engine_top.\bid_event_if.valid' from process `\VX_cp_engine_top.$proc$results/exp04/ppa/baseline/cp_engine_input.v:445$24'.
No latch inferred for signal `\VX_cp_engine_top.\bid_event_if.priority_' from process `\VX_cp_engine_top.$proc$results/exp04/ppa/baseline/cp_engine_input.v:445$24'.
No latch inferred for signal `\VX_cp_engine_top.\bid_event_if.cmd' from process `\VX_cp_engine_top.$proc$results/exp04/ppa/baseline/cp_engine_input.v:445$24'.
No latch inferred for signal `\VX_cp_engine_top.\u_engine.cmd_in_ready' from process `\VX_cp_engine_top.$proc$results/exp04/ppa/baseline/cp_engine_input.v:445$24'.
No latch inferred for signal `\VX_cp_engine_top.\u_engine.retire_evt' from process `\VX_cp_engine_top.$proc$results/exp04/ppa/baseline/cp_engine_input.v:445$24'.
No latch inferred for signal `\VX_cp_engine_top.\u_engine.retire_seqnum' from process `\VX_cp_engine_top.$proc$results/exp04/ppa/baseline/cp_engine_input.v:445$24'.
No latch inferred for signal `\VX_cp_engine_top.\u_engine.submit_evt' from process `\VX_cp_engine_top.$proc$results/exp04/ppa/baseline/cp_engine_input.v:445$24'.
No latch inferred for signal `\VX_cp_engine_top.\u_engine.end_evt' from process `\VX_cp_engine_top.$proc$results/exp04/ppa/baseline/cp_engine_input.v:445$24'.
No latch inferred for signal `\VX_cp_engine_top.\u_engine.profile_slot' from process `\VX_cp_engine_top.$proc$results/exp04/ppa/baseline/cp_engine_input.v:445$24'.

5.7. Executing PROC_DFF pass (convert process syncs to FFs).
Creating register for signal `\VX_cp_engine_top.\u_engine.fsm' using process `\VX_cp_engine_top.$proc$results/exp04/ppa/baseline/cp_engine_input.v:335$3'.
  created $dff cell `$procdff$263' with positive edge clock.
Creating register for signal `\VX_cp_engine_top.\u_engine.cur_cmd' using process `\VX_cp_engine_top.$proc$results/exp04/ppa/baseline/cp_engine_input.v:335$3'.
  created $dff cell `$procdff$264' with positive edge clock.
Creating register for signal `\VX_cp_engine_top.\u_engine.cur_res' using process `\VX_cp_engine_top.$proc$results/exp04/ppa/baseline/cp_engine_input.v:335$3'.
  created $dff cell `$procdff$265' with positive edge clock.
Creating register for signal `\VX_cp_engine_top.\u_engine.no_resource' using process `\VX_cp_engine_top.$proc$results/exp04/ppa/baseline/cp_engine_input.v:335$3'.
  created $dff cell `$procdff$266' with positive edge clock.
Creating register for signal `\VX_cp_engine_top.\u_engine.seqnum_r' using process `\VX_cp_engine_top.$proc$results/exp04/ppa/baseline/cp_engine_input.v:335$3'.
  created $dff cell `$procdff$267' with positive edge clock.
Creating register for signal `\VX_cp_engine_top.\u_engine.sv2v_autoblock_1.res' using process `\VX_cp_engine_top.$proc$results/exp04/ppa/baseline/cp_engine_input.v:335$3'.
  created $dff cell `$procdff$268' with positive edge clock.
Creating register for signal `\VX_cp_engine_top.\u_engine.sv2v_autoblock_1.skip_flag' using process `\VX_cp_engine_top.$proc$results/exp04/ppa/baseline/cp_engine_input.v:335$3'.
  created $dff cell `$procdff$269' with positive edge clock.
Creating register for signal `\VX_cp_engine_top.$func$\sv2v_cast_8$results/exp04/ppa/baseline/cp_engine_input.v:371$1$\sv2v_cast_8' using process `\VX_cp_engine_top.$proc$results/exp04/ppa/baseline/cp_engine_input.v:335$3'.
  created $dff cell `$procdff$270' with positive edge clock.
Creating register for signal `\VX_cp_engine_top.$func$\sv2v_cast_8$results/exp04/ppa/baseline/cp_engine_input.v:371$1$\inp' using process `\VX_cp_engine_top.$proc$results/exp04/ppa/baseline/cp_engine_input.v:335$3'.
  created $dff cell `$procdff$271' with positive edge clock.
Creating register for signal `\VX_cp_engine_top.$func$\u_engine.classify$results/exp04/ppa/baseline/cp_engine_input.v:371$2$\u_engine.classify' using process `\VX_cp_engine_top.$proc$results/exp04/ppa/baseline/cp_engine_input.v:335$3'.
  created $dff cell `$procdff$272' with positive edge clock.
Creating register for signal `\VX_cp_engine_top.$func$\u_engine.classify$results/exp04/ppa/baseline/cp_engine_input.v:371$2$\op' using process `\VX_cp_engine_top.$proc$results/exp04/ppa/baseline/cp_engine_input.v:335$3'.
  created $dff cell `$procdff$273' with positive edge clock.
Creating register for signal `\VX_cp_engine_top.$func$\u_engine.classify$results/exp04/ppa/baseline/cp_engine_input.v:371$2$\skip' using process `\VX_cp_engine_top.$proc$results/exp04/ppa/baseline/cp_engine_input.v:335$3'.
  created $dff cell `$procdff$274' with positive edge clock.

5.8. Executing PROC_CLEAN pass (remove empty switches from decision trees).
Removing empty process `VX_cp_engine_top.$proc$results/exp04/ppa/baseline/cp_engine_input.v:489$65'.
Removing empty process `VX_cp_engine_top.$proc$results/exp04/ppa/baseline/cp_engine_input.v:445$24'.
Found and cleaned up 17 empty switches in `\VX_cp_engine_top.$proc$results/exp04/ppa/baseline/cp_engine_input.v:335$3'.
Removing empty process `VX_cp_engine_top.$proc$results/exp04/ppa/baseline/cp_engine_input.v:335$3'.
Cleaned up 17 empty switches.

6. Executing OPT pass (performing simple optimizations).

6.1. Executing OPT_EXPR pass (perform const folding).
Optimizing module VX_cp_engine_top.
<suppressed ~19 debug messages>

6.2. Executing OPT_MERGE pass (detect identical cells).
Finding identical cells in module `\VX_cp_engine_top'.
<suppressed ~147 debug messages>
Removed a total of 49 cells.

6.3. Executing OPT_MUXTREE pass (detect dead branches in mux trees).
Running muxtree optimizer on module \VX_cp_engine_top..
  Creating internal representation of mux trees.
  Evaluating internal representation of mux trees.
  Analyzing evaluation results.
    dead port 1/2 on $mux $procmux$168.
    dead port 2/2 on $mux $procmux$168.
    dead port 1/2 on $mux $procmux$165.
    dead port 2/2 on $mux $procmux$165.
    dead port 1/2 on $mux $procmux$162.
    dead port 2/2 on $mux $procmux$162.
    dead port 1/2 on $mux $procmux$159.
    dead port 2/2 on $mux $procmux$159.
    dead port 1/2 on $mux $procmux$156.
    dead port 1/2 on $mux $procmux$147.
    dead port 1/2 on $mux $procmux$138.
    dead port 2/2 on $mux $procmux$138.
    dead port 1/2 on $mux $procmux$135.
    dead port 2/2 on $mux $procmux$135.
    dead port 1/2 on $mux $procmux$129.
    dead port 2/2 on $mux $procmux$129.
    dead port 1/2 on $mux $procmux$126.
    dead port 2/2 on $mux $procmux$126.
    dead port 1/2 on $mux $procmux$120.
    dead port 2/2 on $mux $procmux$120.
    dead port 1/2 on $mux $procmux$117.
    dead port 2/2 on $mux $procmux$117.
    dead port 1/2 on $mux $procmux$111.
    dead port 2/2 on $mux $procmux$111.
    dead port 1/2 on $mux $procmux$108.
    dead port 2/2 on $mux $procmux$108.
    dead port 1/2 on $mux $procmux$102.
    dead port 2/2 on $mux $procmux$102.
    dead port 1/2 on $mux $procmux$99.
    dead port 2/2 on $mux $procmux$99.
    dead port 1/2 on $mux $procmux$78.
    dead port 2/2 on $mux $procmux$75.
    dead port 1/2 on $mux $procmux$171.
    dead port 2/2 on $mux $procmux$171.
Removed 34 multiplexer ports.
<suppressed ~9 debug messages>

6.4. Executing OPT_REDUCE pass (consolidate $*mux and $reduce_* inputs).
  Optimizing cells in module \VX_cp_engine_top.
    New input vector for $reduce_or cell $procmux$86_ANY: { $procmux$86_CMP [0] $procmux$86_CMP [1] }
    New input vector for $reduce_or cell $procmux$87_ANY: { $procmux$87_CMP [0] $procmux$87_CMP [1] $procmux$87_CMP [2] }
    New input vector for $reduce_or cell $procmux$88_ANY: { $procmux$88_CMP [0] $procmux$88_CMP [1] $procmux$88_CMP [2] }
    New ctrl vector for $pmux cell $procmux$85: $auto$opt_reduce.cc:132:opt_mux$276
    New ctrl vector for $pmux cell $procmux$220: { $procmux$259_CMP $procmux$253_CMP $procmux$249_CMP $procmux$235_CMP }
    New input vector for $reduce_or cell $auto$opt_reduce.cc:126:opt_mux$275: { $procmux$86_CMP [0] $procmux$86_CMP [1] $procmux$87_CMP [0] $procmux$87_CMP [1] $procmux$87_CMP [2] $procmux$88_CMP [0] $procmux$88_CMP [1] $procmux$88_CMP [2] $procmux$89_CMP }
  Optimizing cells in module \VX_cp_engine_top.
Performed a total of 6 changes.

6.5. Executing OPT_MERGE pass (detect identical cells).
Finding identical cells in module `\VX_cp_engine_top'.
Removed a total of 0 cells.

6.6. Executing OPT_RMDFF pass (remove dff with constant values).
Removing $procdff$270 ($dff) from module VX_cp_engine_top.
Removing $procdff$272 ($dff) from module VX_cp_engine_top.
Removing $procdff$274 ($dff) from module VX_cp_engine_top.
Replaced 3 DFF cells.

6.7. Executing OPT_CLEAN pass (remove unused cells and wires).
Finding unused cells or wires in module \VX_cp_engine_top..
Removed 11 unused cells and 177 unused wires.
<suppressed ~15 debug messages>

6.8. Executing OPT_EXPR pass (perform const folding).
Optimizing module VX_cp_engine_top.

6.9. Rerunning OPT passes. (Maybe there is more to do..)

6.10. Executing OPT_MUXTREE pass (detect dead branches in mux trees).
Running muxtree optimizer on module \VX_cp_engine_top..
  Creating internal representation of mux trees.
  Evaluating internal representation of mux trees.
  Analyzing evaluation results.
Removed 0 multiplexer ports.
<suppressed ~5 debug messages>

6.11. Executing OPT_REDUCE pass (consolidate $*mux and $reduce_* inputs).
  Optimizing cells in module \VX_cp_engine_top.
Performed a total of 0 changes.

6.12. Executing OPT_MERGE pass (detect identical cells).
Finding identical cells in module `\VX_cp_engine_top'.
Removed a total of 0 cells.

6.13. Executing OPT_RMDFF pass (remove dff with constant values).

6.14. Executing OPT_CLEAN pass (remove unused cells and wires).
Finding unused cells or wires in module \VX_cp_engine_top..

6.15. Executing OPT_EXPR pass (perform const folding).
Optimizing module VX_cp_engine_top.

6.16. Finished OPT passes. (There is nothing left to do.)

7. Executing FSM pass (extract and optimize FSM).

7.1. Executing FSM_DETECT pass (finding FSMs in design).
Found FSM state register VX_cp_engine_top.u_engine.cur_res.
Not marking VX_cp_engine_top.u_engine.fsm as FSM state register:
    Register is connected to module port.
    Users of register don't seem to benefit from recoding.

7.2. Executing FSM_EXTRACT pass (extracting FSM from design).
Extracting FSM `\u_engine.cur_res' from module `\VX_cp_engine_top'.
  found $dff cell for state register: $procdff$265
  root of input selection tree: $0\u_engine.cur_res[1:0]
  found reset state: 2'00 (guessed from mux tree)
  found ctrl input: \reset
  found ctrl input: $eq$results/exp04/ppa/baseline/cp_engine_input.v:479$39_Y
  found ctrl input: $procmux$72_CTRL
  found ctrl input: $procmux$73_CTRL
  found ctrl input: $procmux$74_CTRL
  found state code: 2'00
  found state code: 2'11
  found state code: 2'01
  found state code: 2'10
  found ctrl output: $eq$results/exp04/ppa/baseline/cp_engine_input.v:469$36_Y
  found ctrl output: $eq$results/exp04/ppa/baseline/cp_engine_input.v:463$33_Y
  found ctrl output: $eq$results/exp04/ppa/baseline/cp_engine_input.v:457$30_Y
  found ctrl output: $eq$results/exp04/ppa/baseline/cp_engine_input.v:451$27_Y
  ctrl inputs: { $procmux$74_CTRL $procmux$73_CTRL $procmux$72_CTRL $eq$results/exp04/ppa/baseline/cp_engine_input.v:479$39_Y \reset }
  ctrl outputs: { $eq$results/exp04/ppa/baseline/cp_engine_input.v:469$36_Y $eq$results/exp04/ppa/baseline/cp_engine_input.v:463$33_Y $eq$results/exp04/ppa/baseline/cp_engine_input.v:457$30_Y $eq$results/exp04/ppa/baseline/cp_engine_input.v:451$27_Y $0\u_engine.cur_res[1:0] }
  transition:       2'00 5'---00 ->       2'00 6'000100
  transition:       2'00 5'00010 ->       2'00 6'000100
  transition:       2'00 5'1--10 ->       2'10 6'000110
  transition:       2'00 5'-1-10 ->       2'01 6'000101
  transition:       2'00 5'--110 ->       2'11 6'000111
  transition:       2'00 5'----1 ->       2'00 6'000100
  transition:       2'10 5'---00 ->       2'10 6'010010
  transition:       2'10 5'00010 ->       2'00 6'010000
  transition:       2'10 5'1--10 ->       2'10 6'010010
  transition:       2'10 5'-1-10 ->       2'01 6'010001
  transition:       2'10 5'--110 ->       2'11 6'010011
  transition:       2'10 5'----1 ->       2'00 6'010000
  transition:       2'01 5'---00 ->       2'01 6'001001
  transition:       2'01 5'00010 ->       2'00 6'001000
  transition:       2'01 5'1--10 ->       2'10 6'001010
  transition:       2'01 5'-1-10 ->       2'01 6'001001
  transition:       2'01 5'--110 ->       2'11 6'001011
  transition:       2'01 5'----1 ->       2'00 6'001000
  transition:       2'11 5'---00 ->       2'11 6'100011
  transition:       2'11 5'00010 ->       2'00 6'100000
  transition:       2'11 5'1--10 ->       2'10 6'100010
  transition:       2'11 5'-1-10 ->       2'01 6'100001
  transition:       2'11 5'--110 ->       2'11 6'100011
  transition:       2'11 5'----1 ->       2'00 6'100000

7.3. Executing FSM_OPT pass (simple optimizations of FSMs).
Optimizing FSM `$fsm$\u_engine.cur_res$277' from module `\VX_cp_engine_top'.

7.4. Executing OPT_CLEAN pass (remove unused cells and wires).
Finding unused cells or wires in module \VX_cp_engine_top..
Removed 8 unused cells and 8 unused wires.
<suppressed ~9 debug messages>

7.5. Executing FSM_OPT pass (simple optimizations of FSMs).
Optimizing FSM `$fsm$\u_engine.cur_res$277' from module `\VX_cp_engine_top'.
  Removing unused output signal $0\u_engine.cur_res[1:0] [0].
  Removing unused output signal $0\u_engine.cur_res[1:0] [1].

7.6. Executing FSM_RECODE pass (re-assigning FSM state encoding).
Recoding FSM `$fsm$\u_engine.cur_res$277' from module `\VX_cp_engine_top' using `auto' encoding:
  mapping auto encoding to `one-hot` for this FSM.
  00 -> ---1
  10 -> --1-
  01 -> -1--
  11 -> 1---

7.7. Executing FSM_INFO pass (dumping all available information on FSM cells).

FSM `$fsm$\u_engine.cur_res$277' from module `\VX_cp_engine_top':
-------------------------------------

  Information on FSM $fsm$\u_engine.cur_res$277 (\u_engine.cur_res):

  Number of input signals:    5
  Number of output signals:   4
  Number of state bits:       4

  Input signals:
    0: \reset
    1: $eq$results/exp04/ppa/baseline/cp_engine_input.v:479$39_Y
    2: $procmux$72_CTRL
    3: $procmux$73_CTRL
    4: $procmux$74_CTRL

  Output signals:
    0: $eq$results/exp04/ppa/baseline/cp_engine_input.v:451$27_Y
    1: $eq$results/exp04/ppa/baseline/cp_engine_input.v:457$30_Y
    2: $eq$results/exp04/ppa/baseline/cp_engine_input.v:463$33_Y
    3: $eq$results/exp04/ppa/baseline/cp_engine_input.v:469$36_Y

  State encoding:
    0:     4'---1  <RESET STATE>
    1:     4'--1-
    2:     4'-1--
    3:     4'1---

  Transition Table (state_in, ctrl_in, state_out, ctrl_out):
      0:     0 5'---00   ->     0 4'0001
      1:     0 5'00010   ->     0 4'0001
      2:     0 5'----1   ->     0 4'0001
      3:     0 5'1--10   ->     1 4'0001
      4:     0 5'-1-10   ->     2 4'0001
      5:     0 5'--110   ->     3 4'0001
      6:     1 5'00010   ->     0 4'0100
      7:     1 5'----1   ->     0 4'0100
      8:     1 5'---00   ->     1 4'0100
      9:     1 5'1--10   ->     1 4'0100
     10:     1 5'-1-10   ->     2 4'0100
     11:     1 5'--110   ->     3 4'0100
     12:     2 5'00010   ->     0 4'0010
     13:     2 5'----1   ->     0 4'0010
     14:     2 5'1--10   ->     1 4'0010
     15:     2 5'---00   ->     2 4'0010
     16:     2 5'-1-10   ->     2 4'0010
     17:     2 5'--110   ->     3 4'0010
     18:     3 5'00010   ->     0 4'1000
     19:     3 5'----1   ->     0 4'1000
     20:     3 5'1--10   ->     1 4'1000
     21:     3 5'-1-10   ->     2 4'1000
     22:     3 5'---00   ->     3 4'1000
     23:     3 5'--110   ->     3 4'1000

-------------------------------------

7.8. Executing FSM_MAP pass (mapping FSMs to basic logic).
Mapping FSM `$fsm$\u_engine.cur_res$277' from module `\VX_cp_engine_top'.

8. Executing OPT pass (performing simple optimizations).

8.1. Executing OPT_EXPR pass (perform const folding).
Optimizing module VX_cp_engine_top.
<suppressed ~5 debug messages>

8.2. Executing OPT_MERGE pass (detect identical cells).
Finding identical cells in module `\VX_cp_engine_top'.
<suppressed ~9 debug messages>
Removed a total of 3 cells.

8.3. Executing OPT_MUXTREE pass (detect dead branches in mux trees).
Running muxtree optimizer on module \VX_cp_engine_top..
  Creating internal representation of mux trees.
  Evaluating internal representation of mux trees.
  Analyzing evaluation results.
Removed 0 multiplexer ports.
<suppressed ~4 debug messages>

8.4. Executing OPT_REDUCE pass (consolidate $*mux and $reduce_* inputs).
  Optimizing cells in module \VX_cp_engine_top.
    New input vector for $reduce_or cell $auto$fsm_map.cc:144:implement_pattern_cache$302: { $auto$fsm_map.cc:118:implement_pattern_cache$298 $auto$fsm_map.cc:74:implement_pattern_cache$300 }
  Optimizing cells in module \VX_cp_engine_top.
Performed a total of 1 changes.

8.5. Executing OPT_MERGE pass (detect identical cells).
Finding identical cells in module `\VX_cp_engine_top'.
Removed a total of 0 cells.

8.6. Executing OPT_RMDFF pass (remove dff with constant values).

8.7. Executing OPT_CLEAN pass (remove unused cells and wires).
Finding unused cells or wires in module \VX_cp_engine_top..
Removed 0 unused cells and 11 unused wires.
<suppressed ~1 debug messages>

8.8. Executing OPT_EXPR pass (perform const folding).
Optimizing module VX_cp_engine_top.

8.9. Rerunning OPT passes. (Maybe there is more to do..)

8.10. Executing OPT_MUXTREE pass (detect dead branches in mux trees).
Running muxtree optimizer on module \VX_cp_engine_top..
  Creating internal representation of mux trees.
  Evaluating internal representation of mux trees.
  Analyzing evaluation results.
Removed 0 multiplexer ports.
<suppressed ~4 debug messages>

8.11. Executing OPT_REDUCE pass (consolidate $*mux and $reduce_* inputs).
  Optimizing cells in module \VX_cp_engine_top.
Performed a total of 0 changes.

8.12. Executing OPT_MERGE pass (detect identical cells).
Finding identical cells in module `\VX_cp_engine_top'.
Removed a total of 0 cells.

8.13. Executing OPT_RMDFF pass (remove dff with constant values).

8.14. Executing OPT_CLEAN pass (remove unused cells and wires).
Finding unused cells or wires in module \VX_cp_engine_top..

8.15. Executing OPT_EXPR pass (perform const folding).
Optimizing module VX_cp_engine_top.

8.16. Finished OPT passes. (There is nothing left to do.)

9. Executing MEMORY pass.

9.1. Executing MEMORY_DFF pass (merging $dff cells to $memrd and $memwr).

9.2. Executing OPT_CLEAN pass (remove unused cells and wires).
Finding unused cells or wires in module \VX_cp_engine_top..

9.3. Executing MEMORY_SHARE pass (consolidating $memrd/$memwr cells).

9.4. Executing OPT_CLEAN pass (remove unused cells and wires).
Finding unused cells or wires in module \VX_cp_engine_top..

9.5. Executing MEMORY_COLLECT pass (generating $mem cells).

9.6. Executing MEMORY_MAP pass (converting $mem cells to logic and flip-flops).

10. Executing OPT pass (performing simple optimizations).

10.1. Executing OPT_EXPR pass (perform const folding).
Optimizing module VX_cp_engine_top.

10.2. Executing OPT_MERGE pass (detect identical cells).
Finding identical cells in module `\VX_cp_engine_top'.
Removed a total of 0 cells.

10.3. Executing OPT_MUXTREE pass (detect dead branches in mux trees).
Running muxtree optimizer on module \VX_cp_engine_top..
  Creating internal representation of mux trees.
  Evaluating internal representation of mux trees.
  Analyzing evaluation results.
Removed 0 multiplexer ports.
<suppressed ~4 debug messages>

10.4. Executing OPT_REDUCE pass (consolidate $*mux and $reduce_* inputs).
  Optimizing cells in module \VX_cp_engine_top.
Performed a total of 0 changes.

10.5. Executing OPT_MERGE pass (detect identical cells).
Finding identical cells in module `\VX_cp_engine_top'.
Removed a total of 0 cells.

10.6. Executing OPT_RMDFF pass (remove dff with constant values).

10.7. Executing OPT_CLEAN pass (remove unused cells and wires).
Finding unused cells or wires in module \VX_cp_engine_top..

10.8. Executing OPT_EXPR pass (perform const folding).
Optimizing module VX_cp_engine_top.

10.9. Finished OPT passes. (There is nothing left to do.)

11. Executing MEMORY_MAP pass (converting $mem cells to logic and flip-flops).

12. Executing OPT pass (performing simple optimizations).

12.1. Executing OPT_EXPR pass (perform const folding).
Optimizing module VX_cp_engine_top.

12.2. Executing OPT_MERGE pass (detect identical cells).
Finding identical cells in module `\VX_cp_engine_top'.
Removed a total of 0 cells.

12.3. Executing OPT_MUXTREE pass (detect dead branches in mux trees).
Running muxtree optimizer on module \VX_cp_engine_top..
  Creating internal representation of mux trees.
  Evaluating internal representation of mux trees.
  Analyzing evaluation results.
Removed 0 multiplexer ports.
<suppressed ~4 debug messages>

12.4. Executing OPT_REDUCE pass (consolidate $*mux and $reduce_* inputs).
  Optimizing cells in module \VX_cp_engine_top.
Performed a total of 0 changes.

12.5. Executing OPT_MERGE pass (detect identical cells).
Finding identical cells in module `\VX_cp_engine_top'.
Removed a total of 0 cells.

12.6. Executing OPT_RMDFF pass (remove dff with constant values).

12.7. Executing OPT_CLEAN pass (remove unused cells and wires).
Finding unused cells or wires in module \VX_cp_engine_top..

12.8. Executing OPT_EXPR pass (perform const folding).
Optimizing module VX_cp_engine_top.

12.9. Finished OPT passes. (There is nothing left to do.)

13. Executing ALUMACC pass (create $alu and $macc cells).
Extracting $alu and $macc cells in module VX_cp_engine_top:
  creating $macc model for $add$results/exp04/ppa/baseline/cp_engine_input.v:434$23 ($add).
  creating $alu model for $macc $add$results/exp04/ppa/baseline/cp_engine_input.v:434$23.
  creating $alu cell for $add$results/exp04/ppa/baseline/cp_engine_input.v:434$23: $auto$alumacc.cc:474:replace_alu$317
  created 1 $alu and 0 $macc cells.

14. Executing WREDUCE pass (reducing word size of cells).
Removed top 7 bits (of 8) from port B of cell VX_cp_engine_top.$procmux$87_CMP0 ($eq).
Removed top 4 bits (of 8) from port B of cell VX_cp_engine_top.$procmux$86_CMP0 ($eq).
Removed top 4 bits (of 8) from port B of cell VX_cp_engine_top.$procmux$86_CMP1 ($eq).
Removed top 6 bits (of 8) from port B of cell VX_cp_engine_top.$procmux$87_CMP1 ($eq).
Removed top 6 bits (of 8) from port B of cell VX_cp_engine_top.$procmux$87_CMP2 ($eq).
Removed top 5 bits (of 8) from port B of cell VX_cp_engine_top.$procmux$88_CMP0 ($eq).
Removed top 5 bits (of 8) from port B of cell VX_cp_engine_top.$procmux$88_CMP1 ($eq).
Removed top 4 bits (of 8) from port B of cell VX_cp_engine_top.$procmux$88_CMP2 ($eq).
Removed top 5 bits (of 8) from port B of cell VX_cp_engine_top.$procmux$89_CMP0 ($eq).
Removed cell VX_cp_engine_top.$procmux$90 ($mux).
Removed cell VX_cp_engine_top.$procmux$93 ($mux).
Removed top 3 bits (of 5) from port B of cell VX_cp_engine_top.$auto$fsm_map.cc:77:implement_pattern_cache$292 ($eq).
Removed top 1 bits (of 3) from port B of cell VX_cp_engine_top.$procmux$235_CMP0 ($eq).
Removed top 1 bits (of 3) from port B of cell VX_cp_engine_top.$procmux$249_CMP0 ($eq).
Removed top 2 bits (of 3) from port B of cell VX_cp_engine_top.$procmux$253_CMP0 ($eq).

15. Executing SHARE pass (SAT-based resource sharing).

16. Executing OPT pass (performing simple optimizations).

16.1. Executing OPT_EXPR pass (perform const folding).
Optimizing module VX_cp_engine_top.
<suppressed ~1 debug messages>

16.2. Executing OPT_MERGE pass (detect identical cells).
Finding identical cells in module `\VX_cp_engine_top'.
Removed a total of 0 cells.

16.3. Executing OPT_MUXTREE pass (detect dead branches in mux trees).
Running muxtree optimizer on module \VX_cp_engine_top..
  Creating internal representation of mux trees.
  Evaluating internal representation of mux trees.
  Analyzing evaluation results.
    dead port 1/2 on $mux $procmux$85.
    dead port 2/2 on $mux $procmux$85.
Removed 2 multiplexer ports.
<suppressed ~3 debug messages>

16.4. Executing OPT_REDUCE pass (consolidate $*mux and $reduce_* inputs).
  Optimizing cells in module \VX_cp_engine_top.
Performed a total of 0 changes.

16.5. Executing OPT_MERGE pass (detect identical cells).
Finding identical cells in module `\VX_cp_engine_top'.
Removed a total of 0 cells.

16.6. Executing OPT_RMDFF pass (remove dff with constant values).

16.7. Executing OPT_CLEAN pass (remove unused cells and wires).
Finding unused cells or wires in module \VX_cp_engine_top..
Removed 0 unused cells and 3 unused wires.
<suppressed ~1 debug messages>

16.8. Executing OPT_EXPR pass (perform const folding).
Optimizing module VX_cp_engine_top.

16.9. Rerunning OPT passes. (Maybe there is more to do..)

16.10. Executing OPT_MUXTREE pass (detect dead branches in mux trees).
Running muxtree optimizer on module \VX_cp_engine_top..
  Creating internal representation of mux trees.
  Evaluating internal representation of mux trees.
  Analyzing evaluation results.
Removed 0 multiplexer ports.
<suppressed ~3 debug messages>

16.11. Executing OPT_REDUCE pass (consolidate $*mux and $reduce_* inputs).
  Optimizing cells in module \VX_cp_engine_top.
Performed a total of 0 changes.

16.12. Executing OPT_MERGE pass (detect identical cells).
Finding identical cells in module `\VX_cp_engine_top'.
Removed a total of 0 cells.

16.13. Executing OPT_RMDFF pass (remove dff with constant values).

16.14. Executing OPT_CLEAN pass (remove unused cells and wires).
Finding unused cells or wires in module \VX_cp_engine_top..

16.15. Executing OPT_EXPR pass (perform const folding).
Optimizing module VX_cp_engine_top.

16.16. Finished OPT passes. (There is nothing left to do.)

17. Executing TECHMAP pass (map to technology primitives).

17.1. Executing Verilog-2005 frontend: <techmap.v>
Parsing SystemVerilog input from `<techmap.v>' to AST representation.
Generating RTLIL representation for module `\_90_simplemap_bool_ops'.
Generating RTLIL representation for module `\_90_simplemap_reduce_ops'.
Generating RTLIL representation for module `\_90_simplemap_logic_ops'.
Generating RTLIL representation for module `\_90_simplemap_compare_ops'.
Generating RTLIL representation for module `\_90_simplemap_various'.
Generating RTLIL representation for module `\_90_simplemap_registers'.
Generating RTLIL representation for module `\_90_shift_ops_shr_shl_sshl_sshr'.
Generating RTLIL representation for module `\_90_shift_shiftx'.
Generating RTLIL representation for module `\_90_fa'.
Generating RTLIL representation for module `\_90_lcu'.
Generating RTLIL representation for module `\_90_alu'.
Generating RTLIL representation for module `\_90_macc'.
Generating RTLIL representation for module `\_90_alumacc'.
Generating RTLIL representation for module `\$__div_mod_u'.
Generating RTLIL representation for module `\$__div_mod'.
Generating RTLIL representation for module `\_90_div'.
Generating RTLIL representation for module `\_90_mod'.
Generating RTLIL representation for module `\_90_pow'.
Generating RTLIL representation for module `\_90_pmux'.
Generating RTLIL representation for module `\_90_lut'.
Successfully finished Verilog frontend.

17.2. Continuing TECHMAP pass.
Using extmapper simplemap for cells of type $logic_and.
Using extmapper simplemap for cells of type $logic_or.
Using extmapper simplemap for cells of type $eq.
Using extmapper simplemap for cells of type $reduce_or.
Using extmapper simplemap for cells of type $mux.
Using extmapper simplemap for cells of type $and.
Using extmapper simplemap for cells of type $logic_not.
Using template $paramod\_90_pmux\WIDTH=3\S_WIDTH=4 for cells of type $pmux.
Using extmapper simplemap for cells of type $dff.
Using template $paramod\_90_alu\A_SIGNED=0\B_SIGNED=0\A_WIDTH=64\B_WIDTH=64\Y_WIDTH=64 for cells of type $alu.
Using extmapper simplemap for cells of type $xor.
Using template $paramod\_90_lcu\WIDTH=64 for cells of type $lcu.
Using extmapper simplemap for cells of type $not.
Using extmapper simplemap for cells of type $pos.
Using extmapper simplemap for cells of type $or.
No more expansions possible.
<suppressed ~707 debug messages>

18. Executing OPT pass (performing simple optimizations).

18.1. Executing OPT_EXPR pass (perform const folding).
Optimizing module VX_cp_engine_top.
<suppressed ~864 debug messages>

18.2. Executing OPT_MERGE pass (detect identical cells).
Finding identical cells in module `\VX_cp_engine_top'.
<suppressed ~174 debug messages>
Removed a total of 58 cells.

18.3. Executing OPT_MUXTREE pass (detect dead branches in mux trees).
Running muxtree optimizer on module \VX_cp_engine_top..
  Creating internal representation of mux trees.
  No muxes found in this module.
Removed 0 multiplexer ports.

18.4. Executing OPT_REDUCE pass (consolidate $*mux and $reduce_* inputs).
  Optimizing cells in module \VX_cp_engine_top.
Performed a total of 0 changes.

18.5. Executing OPT_MERGE pass (detect identical cells).
Finding identical cells in module `\VX_cp_engine_top'.
Removed a total of 0 cells.

18.6. Executing OPT_RMDFF pass (remove dff with constant values).

18.7. Executing OPT_CLEAN pass (remove unused cells and wires).
Finding unused cells or wires in module \VX_cp_engine_top..
Removed 6 unused cells and 311 unused wires.
<suppressed ~7 debug messages>

18.8. Executing OPT_EXPR pass (perform const folding).
Optimizing module VX_cp_engine_top.

18.9. Rerunning OPT passes. (Maybe there is more to do..)

18.10. Executing OPT_MUXTREE pass (detect dead branches in mux trees).
Running muxtree optimizer on module \VX_cp_engine_top..
  Creating internal representation of mux trees.
  No muxes found in this module.
Removed 0 multiplexer ports.

18.11. Executing OPT_REDUCE pass (consolidate $*mux and $reduce_* inputs).
  Optimizing cells in module \VX_cp_engine_top.
Performed a total of 0 changes.

18.12. Executing OPT_MERGE pass (detect identical cells).
Finding identical cells in module `\VX_cp_engine_top'.
Removed a total of 0 cells.

18.13. Executing OPT_RMDFF pass (remove dff with constant values).

18.14. Executing OPT_CLEAN pass (remove unused cells and wires).
Finding unused cells or wires in module \VX_cp_engine_top..

18.15. Executing OPT_EXPR pass (perform const folding).
Optimizing module VX_cp_engine_top.

18.16. Finished OPT passes. (There is nothing left to do.)

19. Executing Verilog backend.
Dumping module `\VX_cp_engine_top'.

20. Executing JSON backend.

21. Executing DFFLIBMAP pass (mapping DFF cells to sequential cells from liberty file).
Warning: Found unsupported expression 'SE*SI+D*!SE' in pin attribute of cell 'SDFFRS_X1' - skipping.
Warning: Found unsupported expression 'SE*SI+D*!SE' in pin attribute of cell 'SDFFRS_X2' - skipping.
Warning: Found unsupported expression 'SE*SI+D*!SE' in pin attribute of cell 'SDFFR_X1' - skipping.
Warning: Found unsupported expression 'SE*SI+D*!SE' in pin attribute of cell 'SDFFR_X2' - skipping.
Warning: Found unsupported expression 'SE*SI+D*!SE' in pin attribute of cell 'SDFFS_X1' - skipping.
Warning: Found unsupported expression 'SE*SI+D*!SE' in pin attribute of cell 'SDFFS_X2' - skipping.
Warning: Found unsupported expression 'SE*SI+D*!SE' in pin attribute of cell 'SDFF_X1' - skipping.
Warning: Found unsupported expression 'SE*SI+D*!SE' in pin attribute of cell 'SDFF_X2' - skipping.
  cell DFF_X1 (noninv, pins=4, area=4.52) is a direct match for cell type $_DFF_P_.
Warning: Found unsupported expression 'SE*SI+D*!SE' in pin attribute of cell 'SDFFRS_X1' - skipping.
Warning: Found unsupported expression 'SE*SI+D*!SE' in pin attribute of cell 'SDFFRS_X2' - skipping.
Warning: Found unsupported expression 'SE*SI+D*!SE' in pin attribute of cell 'SDFFR_X1' - skipping.
Warning: Found unsupported expression 'SE*SI+D*!SE' in pin attribute of cell 'SDFFR_X2' - skipping.
Warning: Found unsupported expression 'SE*SI+D*!SE' in pin attribute of cell 'SDFFS_X1' - skipping.
Warning: Found unsupported expression 'SE*SI+D*!SE' in pin attribute of cell 'SDFFS_X2' - skipping.
Warning: Found unsupported expression 'SE*SI+D*!SE' in pin attribute of cell 'SDFF_X1' - skipping.
Warning: Found unsupported expression 'SE*SI+D*!SE' in pin attribute of cell 'SDFF_X2' - skipping.
  cell DFFR_X1 (noninv, pins=5, area=5.32) is a direct match for cell type $_DFF_PN0_.
Warning: Found unsupported expression 'SE*SI+D*!SE' in pin attribute of cell 'SDFFRS_X1' - skipping.
Warning: Found unsupported expression 'SE*SI+D*!SE' in pin attribute of cell 'SDFFRS_X2' - skipping.
Warning: Found unsupported expression 'SE*SI+D*!SE' in pin attribute of cell 'SDFFR_X1' - skipping.
Warning: Found unsupported expression 'SE*SI+D*!SE' in pin attribute of cell 'SDFFR_X2' - skipping.
Warning: Found unsupported expression 'SE*SI+D*!SE' in pin attribute of cell 'SDFFS_X1' - skipping.
Warning: Found unsupported expression 'SE*SI+D*!SE' in pin attribute of cell 'SDFFS_X2' - skipping.
Warning: Found unsupported expression 'SE*SI+D*!SE' in pin attribute of cell 'SDFF_X1' - skipping.
Warning: Found unsupported expression 'SE*SI+D*!SE' in pin attribute of cell 'SDFF_X2' - skipping.
  cell DFFS_X1 (noninv, pins=5, area=5.32) is a direct match for cell type $_DFF_PN1_.
Warning: Found unsupported expression 'SE*SI+D*!SE' in pin attribute of cell 'SDFFRS_X1' - skipping.
Warning: Found unsupported expression 'SE*SI+D*!SE' in pin attribute of cell 'SDFFRS_X2' - skipping.
Warning: Found unsupported expression 'SE*SI+D*!SE' in pin attribute of cell 'SDFFR_X1' - skipping.
Warning: Found unsupported expression 'SE*SI+D*!SE' in pin attribute of cell 'SDFFR_X2' - skipping.
Warning: Found unsupported expression 'SE*SI+D*!SE' in pin attribute of cell 'SDFFS_X1' - skipping.
Warning: Found unsupported expression 'SE*SI+D*!SE' in pin attribute of cell 'SDFFS_X2' - skipping.
Warning: Found unsupported expression 'SE*SI+D*!SE' in pin attribute of cell 'SDFF_X1' - skipping.
Warning: Found unsupported expression 'SE*SI+D*!SE' in pin attribute of cell 'SDFF_X2' - skipping.
Warning: Found unsupported expression 'SE*SI+D*!SE' in pin attribute of cell 'SDFFRS_X1' - skipping.
Warning: Found unsupported expression 'SE*SI+D*!SE' in pin attribute of cell 'SDFFRS_X2' - skipping.
Warning: Found unsupported expression 'SE*SI+D*!SE' in pin attribute of cell 'SDFFR_X1' - skipping.
Warning: Found unsupported expression 'SE*SI+D*!SE' in pin attribute of cell 'SDFFR_X2' - skipping.
Warning: Found unsupported expression 'SE*SI+D*!SE' in pin attribute of cell 'SDFFS_X1' - skipping.
Warning: Found unsupported expression 'SE*SI+D*!SE' in pin attribute of cell 'SDFFS_X2' - skipping.
Warning: Found unsupported expression 'SE*SI+D*!SE' in pin attribute of cell 'SDFF_X1' - skipping.
Warning: Found unsupported expression 'SE*SI+D*!SE' in pin attribute of cell 'SDFF_X2' - skipping.
Warning: Found unsupported expression 'SE*SI+D*!SE' in pin attribute of cell 'SDFFRS_X1' - skipping.
Warning: Found unsupported expression 'SE*SI+D*!SE' in pin attribute of cell 'SDFFRS_X2' - skipping.
Warning: Found unsupported expression 'SE*SI+D*!SE' in pin attribute of cell 'SDFFR_X1' - skipping.
Warning: Found unsupported expression 'SE*SI+D*!SE' in pin attribute of cell 'SDFFR_X2' - skipping.
Warning: Found unsupported expression 'SE*SI+D*!SE' in pin attribute of cell 'SDFFS_X1' - skipping.
Warning: Found unsupported expression 'SE*SI+D*!SE' in pin attribute of cell 'SDFFS_X2' - skipping.
Warning: Found unsupported expression 'SE*SI+D*!SE' in pin attribute of cell 'SDFF_X1' - skipping.
Warning: Found unsupported expression 'SE*SI+D*!SE' in pin attribute of cell 'SDFF_X2' - skipping.
  cell DFFRS_X1 (noninv, pins=6, area=6.38) is a direct match for cell type $_DFFSR_PNN_.
Warning: Found unsupported expression 'SE*SI+D*!SE' in pin attribute of cell 'SDFFRS_X1' - skipping.
Warning: Found unsupported expression 'SE*SI+D*!SE' in pin attribute of cell 'SDFFRS_X2' - skipping.
Warning: Found unsupported expression 'SE*SI+D*!SE' in pin attribute of cell 'SDFFR_X1' - skipping.
Warning: Found unsupported expression 'SE*SI+D*!SE' in pin attribute of cell 'SDFFR_X2' - skipping.
Warning: Found unsupported expression 'SE*SI+D*!SE' in pin attribute of cell 'SDFFS_X1' - skipping.
Warning: Found unsupported expression 'SE*SI+D*!SE' in pin attribute of cell 'SDFFS_X2' - skipping.
Warning: Found unsupported expression 'SE*SI+D*!SE' in pin attribute of cell 'SDFF_X1' - skipping.
Warning: Found unsupported expression 'SE*SI+D*!SE' in pin attribute of cell 'SDFF_X2' - skipping.
Warning: Found unsupported expression 'SE*SI+D*!SE' in pin attribute of cell 'SDFFRS_X1' - skipping.
Warning: Found unsupported expression 'SE*SI+D*!SE' in pin attribute of cell 'SDFFRS_X2' - skipping.
Warning: Found unsupported expression 'SE*SI+D*!SE' in pin attribute of cell 'SDFFR_X1' - skipping.
Warning: Found unsupported expression 'SE*SI+D*!SE' in pin attribute of cell 'SDFFR_X2' - skipping.
Warning: Found unsupported expression 'SE*SI+D*!SE' in pin attribute of cell 'SDFFS_X1' - skipping.
Warning: Found unsupported expression 'SE*SI+D*!SE' in pin attribute of cell 'SDFFS_X2' - skipping.
Warning: Found unsupported expression 'SE*SI+D*!SE' in pin attribute of cell 'SDFF_X1' - skipping.
Warning: Found unsupported expression 'SE*SI+D*!SE' in pin attribute of cell 'SDFF_X2' - skipping.
Warning: Found unsupported expression 'SE*SI+D*!SE' in pin attribute of cell 'SDFFRS_X1' - skipping.
Warning: Found unsupported expression 'SE*SI+D*!SE' in pin attribute of cell 'SDFFRS_X2' - skipping.
Warning: Found unsupported expression 'SE*SI+D*!SE' in pin attribute of cell 'SDFFR_X1' - skipping.
Warning: Found unsupported expression 'SE*SI+D*!SE' in pin attribute of cell 'SDFFR_X2' - skipping.
Warning: Found unsupported expression 'SE*SI+D*!SE' in pin attribute of cell 'SDFFS_X1' - skipping.
Warning: Found unsupported expression 'SE*SI+D*!SE' in pin attribute of cell 'SDFFS_X2' - skipping.
Warning: Found unsupported expression 'SE*SI+D*!SE' in pin attribute of cell 'SDFF_X1' - skipping.
Warning: Found unsupported expression 'SE*SI+D*!SE' in pin attribute of cell 'SDFF_X2' - skipping.
  create mapping for $_DFF_PP0_ from mapping for $_DFF_PN0_.
  create mapping for $_DFF_PP1_ from mapping for $_DFF_PN1_.
  create mapping for $_DFFSR_PPN_ from mapping for $_DFFSR_PNN_.
  create mapping for $_DFFSR_PNP_ from mapping for $_DFFSR_PNN_.
  create mapping for $_DFFSR_PPP_ from mapping for $_DFFSR_PNP_.
  create mapping for $_DFF_N_ from mapping for $_DFF_P_.
  create mapping for $_DFF_NN0_ from mapping for $_DFF_PN0_.
  create mapping for $_DFF_NP0_ from mapping for $_DFF_NN0_.
  create mapping for $_DFF_NN1_ from mapping for $_DFF_NN0_.
  create mapping for $_DFF_NP1_ from mapping for $_DFF_NN1_.
  create mapping for $_DFFSR_NNN_ from mapping for $_DFFSR_PNN_.
  create mapping for $_DFFSR_NPN_ from mapping for $_DFFSR_NNN_.
  create mapping for $_DFFSR_NNP_ from mapping for $_DFFSR_NNN_.
  create mapping for $_DFFSR_NPP_ from mapping for $_DFFSR_NNP_.
  final dff cell mappings:
    DFF_X1 _DFF_N_ (.CK(~C), .D( D), .Q( Q), .QN(~Q));
    DFF_X1 _DFF_P_ (.CK( C), .D( D), .Q( Q), .QN(~Q));
    DFFR_X1 _DFF_NN0_ (.CK(~C), .D( D), .Q( Q), .QN(~Q), .RN( R));
    DFFR_X1 _DFF_NN1_ (.CK(~C), .D(~D), .Q(~Q), .QN( Q), .RN( R));
    DFFR_X1 _DFF_NP0_ (.CK(~C), .D( D), .Q( Q), .QN(~Q), .RN(~R));
    DFFR_X1 _DFF_NP1_ (.CK(~C), .D(~D), .Q(~Q), .QN( Q), .RN(~R));
    DFFR_X1 _DFF_PN0_ (.CK( C), .D( D), .Q( Q), .QN(~Q), .RN( R));
    DFFS_X1 _DFF_PN1_ (.CK( C), .D( D), .Q( Q), .QN(~Q), .SN( R));
    DFFR_X1 _DFF_PP0_ (.CK( C), .D( D), .Q( Q), .QN(~Q), .RN(~R));
    DFFS_X1 _DFF_PP1_ (.CK( C), .D( D), .Q( Q), .QN(~Q), .SN(~R));
    DFFRS_X1 _DFFSR_NNN_ (.CK(~C), .D( D), .Q( Q), .QN(~Q), .RN( R), .SN( S));
    DFFRS_X1 _DFFSR_NNP_ (.CK(~C), .D( D), .Q( Q), .QN(~Q), .RN(~R), .SN( S));
    DFFRS_X1 _DFFSR_NPN_ (.CK(~C), .D( D), .Q( Q), .QN(~Q), .RN( R), .SN(~S));
    DFFRS_X1 _DFFSR_NPP_ (.CK(~C), .D( D), .Q( Q), .QN(~Q), .RN(~R), .SN(~S));
    DFFRS_X1 _DFFSR_PNN_ (.CK( C), .D( D), .Q( Q), .QN(~Q), .RN( R), .SN( S));
    DFFRS_X1 _DFFSR_PNP_ (.CK( C), .D( D), .Q( Q), .QN(~Q), .RN(~R), .SN( S));
    DFFRS_X1 _DFFSR_PPN_ (.CK( C), .D( D), .Q( Q), .QN(~Q), .RN( R), .SN(~S));
    DFFRS_X1 _DFFSR_PPP_ (.CK( C), .D( D), .Q( Q), .QN(~Q), .RN(~R), .SN(~S));
Mapping DFF cells in module `\VX_cp_engine_top':
  mapped 359 $_DFF_P_ cells to \DFF_X1 cells.

22. Executing ABC pass (technology mapping using ABC).

22.1. Extracting gate netlist of module `\VX_cp_engine_top' to `<abc-temp-dir>/input.blif'..
Extracted 1388 gates and 2047 wires to a netlist network with 657 inputs and 368 outputs.

22.1.1. Executing ABC.
Running ABC command: berkeley-abc -s -f <abc-temp-dir>/abc.script 2>&1
ABC: ABC command line: "source <abc-temp-dir>/abc.script".
ABC: 
ABC: + read_blif <abc-temp-dir>/input.blif 
ABC: + read_lib -w /home/houdong/vortex/hw/syn/libs/NangateOpenCellLibrary_typical.lib 
ABC: Parsing finished successfully.  Parsing time =     0.02 sec
ABC: Scl_LibertyReadGenlib() skipped cell "ANTENNA_X1" due to dont_use attribute.
ABC: Scl_LibertyReadGenlib() skipped cell "CLKGATETST_X1" without logic function.
ABC: Scl_LibertyReadGenlib() skipped cell "CLKGATETST_X2" without logic function.
ABC: Scl_LibertyReadGenlib() skipped cell "CLKGATETST_X4" without logic function.
ABC: Scl_LibertyReadGenlib() skipped cell "CLKGATETST_X8" without logic function.
ABC: Scl_LibertyReadGenlib() skipped cell "CLKGATE_X1" without logic function.
ABC: Scl_LibertyReadGenlib() skipped cell "CLKGATE_X2" without logic function.
ABC: Scl_LibertyReadGenlib() skipped cell "CLKGATE_X4" without logic function.
ABC: Scl_LibertyReadGenlib() skipped cell "CLKGATE_X8" without logic function.
ABC: Scl_LibertyReadGenlib() skipped sequential cell "DFFRS_X1".
ABC: Scl_LibertyReadGenlib() skipped sequential cell "DFFRS_X2".
ABC: Scl_LibertyReadGenlib() skipped sequential cell "DFFR_X1".
ABC: Scl_LibertyReadGenlib() skipped sequential cell "DFFR_X2".
ABC: Scl_LibertyReadGenlib() skipped sequential cell "DFFS_X1".
ABC: Scl_LibertyReadGenlib() skipped sequential cell "DFFS_X2".
ABC: Scl_LibertyReadGenlib() skipped sequential cell "DFF_X1".
ABC: Scl_LibertyReadGenlib() skipped sequential cell "DFF_X2".
ABC: Scl_LibertyReadGenlib() skipped sequential cell "DLH_X1".
ABC: Scl_LibertyReadGenlib() skipped sequential cell "DLH_X2".
ABC: Scl_LibertyReadGenlib() skipped sequential cell "DLL_X1".
ABC: Scl_LibertyReadGenlib() skipped sequential cell "DLL_X2".
ABC: Scl_LibertyReadGenlib() skipped cell "FILLCELL_X1" due to dont_use attribute.
ABC: Scl_LibertyReadGenlib() skipped cell "TAPCELL_X1" due to dont_use attribute.
ABC: Scl_LibertyReadGenlib() skipped cell "FILLCELL_X2" due to dont_use attribute.
ABC: Scl_LibertyReadGenlib() skipped cell "FILLCELL_X4" due to dont_use attribute.
ABC: Scl_LibertyReadGenlib() skipped cell "FILLCELL_X8" due to dont_use attribute.
ABC: Scl_LibertyReadGenlib() skipped cell "FILLCELL_X16" due to dont_use attribute.
ABC: Scl_LibertyReadGenlib() skipped cell "FILLCELL_X32" due to dont_use attribute.
ABC: Scl_LibertyReadGenlib() skipped cell "LOGIC0_X1" due to dont_use attribute.
ABC: Scl_LibertyReadGenlib() skipped cell "LOGIC1_X1" due to dont_use attribute.
ABC: Scl_LibertyReadGenlib() skipped sequential cell "SDFFRS_X1".
ABC: Scl_LibertyReadGenlib() skipped sequential cell "SDFFRS_X2".
ABC: Scl_LibertyReadGenlib() skipped sequential cell "SDFFR_X1".
ABC: Scl_LibertyReadGenlib() skipped sequential cell "SDFFR_X2".
ABC: Scl_LibertyReadGenlib() skipped sequential cell "SDFFS_X1".
ABC: Scl_LibertyReadGenlib() skipped sequential cell "SDFFS_X2".
ABC: Scl_LibertyReadGenlib() skipped sequential cell "SDFF_X1".
ABC: Scl_LibertyReadGenlib() skipped sequential cell "SDFF_X2".
ABC: Scl_LibertyReadGenlib() skipped three-state cell "TBUF_X1".
ABC: Scl_LibertyReadGenlib() skipped three-state cell "TBUF_X2".
ABC: Scl_LibertyReadGenlib() skipped three-state cell "TBUF_X4".
ABC: Scl_LibertyReadGenlib() skipped three-state cell "TBUF_X8".
ABC: Scl_LibertyReadGenlib() skipped three-state cell "TBUF_X16".
ABC: Scl_LibertyReadGenlib() skipped three-state cell "TINV_X1".
ABC: Scl_LibertyReadGenlib() skipped sequential cell "TLAT_X1".
ABC: Library "NangateOpenCellLibrary" from "/home/houdong/vortex/hw/syn/libs/NangateOpenCellLibrary_typical.lib" has 90 cells (35 skipped: 21 seq; 6 tri-state; 8 no func; 10 dont_use).  Time =     0.03 sec
ABC: Memory =    8.88 MB. Time =     0.03 sec
ABC: Warning: Detected 2 multi-output gates (for example, "FA_X1").
ABC: + strash 
ABC: + ifraig 
ABC: + scorr 
ABC: Warning: The network is combinational (run "fraig" or "fraig_sweep").
ABC: + dc2 
ABC: + dretime 
ABC: + retime -D 1.25 
ABC: + strash 
ABC: + &get -n 
ABC: + &dch -f 
ABC: + &nf -D 1.25 
ABC: + &put 
ABC: + write_blif <abc-temp-dir>/output.blif 

22.1.2. Re-integrating ABC results.
ABC RESULTS:           AND2_X1 cells:       24
ABC RESULTS:           AND3_X1 cells:        9
ABC RESULTS:           AND4_X1 cells:        6
ABC RESULTS:         AOI211_X1 cells:        7
ABC RESULTS:          AOI21_X1 cells:      343
ABC RESULTS:          AOI22_X1 cells:        3
ABC RESULTS:            INV_X1 cells:      309
ABC RESULTS:          NAND2_X1 cells:       17
ABC RESULTS:          NAND3_X1 cells:       17
ABC RESULTS:          NAND4_X1 cells:       17
ABC RESULTS:           NOR2_X1 cells:       23
ABC RESULTS:           NOR3_X1 cells:       27
ABC RESULTS:           NOR4_X1 cells:       16
ABC RESULTS:         OAI211_X1 cells:        1
ABC RESULTS:          OAI21_X1 cells:      326
ABC RESULTS:         OAI222_X1 cells:        1
ABC RESULTS:            OR2_X1 cells:        6
ABC RESULTS:            OR3_X1 cells:        2
ABC RESULTS:            OR4_X1 cells:        1
ABC RESULTS:          XNOR2_X1 cells:        1
ABC RESULTS:           XOR2_X1 cells:        3
ABC RESULTS:        internal signals:     1022
ABC RESULTS:           input signals:      657
ABC RESULTS:          output signals:      368
Removing temp directory.

23. Printing statistics.

=== VX_cp_engine_top ===

   Number of wires:               2425
   Number of wire bits:           7660
   Number of public wires:          77
   Number of public wire bits:    4042
   Number of memories:               0
   Number of memory bits:            0
   Number of processes:              0
   Number of cells:               1518
     AND2_X1                        24
     AND3_X1                         9
     AND4_X1                         6
     AOI211_X1                       7
     AOI21_X1                      343
     AOI22_X1                        3
     DFF_X1                        359
     INV_X1                        309
     NAND2_X1                       17
     NAND3_X1                       17
     NAND4_X1                       17
     NOR2_X1                        23
     NOR3_X1                        27
     NOR4_X1                        16
     OAI211_X1                       1
     OAI21_X1                      326
     OAI222_X1                       1
     OR2_X1                          6
     OR3_X1                          2
     OR4_X1                          1
     XNOR2_X1                        1
     XOR2_X1                         3

   Chip area for module '\VX_cp_engine_top': 2703.092000

24. Executing Verilog backend.
Dumping module `\VX_cp_engine_top'.

Warnings: 8 unique messages, 72 total
End of script. Logfile hash: 8486c50d81
CPU: user 0.63s system 0.06s, MEM: 40.18 MB total, 34.80 MB resident
Yosys 0.9 (git sha1 1979e0b)
Time spent: 23% 4x write_verilog (0 sec), 13% 14x opt_clean (0 sec), ...
