
 /----------------------------------------------------------------------------\
 |                                                                            |
 |  yosys -- Yosys Open SYnthesis Suite                                       |
 |                                                                            |
 |  Copyright (C) 2012 - 2019  Clifford Wolf <clifford@clifford.at>           |
 |                                                                            |
 |  Permission to use, copy, modify, and/or distribute this software for any  |
 |  purpose with or without fee is hereby granted, provided that the above    |
 |  copyright notice and this permission notice appear in all copies.         |
 |                                                                            |
 |  THE SOFTWARE IS PROVIDED "AS IS" AND THE AUTHOR DISCLAIMS ALL WARRANTIES  |
 |  WITH REGARD TO THIS SOFTWARE INCLUDING ALL IMPLIED WARRANTIES OF          |
 |  MERCHANTABILITY AND FITNESS. IN NO EVENT SHALL THE AUTHOR BE LIABLE FOR   |
 |  ANY SPECIAL, DIRECT, INDIRECT, OR CONSEQUENTIAL DAMAGES OR ANY DAMAGES    |
 |  WHATSOEVER RESULTING FROM LOSS OF USE, DATA OR PROFITS, WHETHER IN AN     |
 |  ACTION OF CONTRACT, NEGLIGENCE OR OTHER TORTIOUS ACTION, ARISING OUT OF   |
 |  OR IN CONNECTION WITH THE USE OR PERFORMANCE OF THIS SOFTWARE.            |
 |                                                                            |
 \----------------------------------------------------------------------------/

 Yosys 0.9 (git sha1 1979e0b)


-- Running command `read_verilog -defer /tmp/cp_core_flat.v; chparam -set NUM_QUEUES 4 VX_cp_core_top; synth_xilinx -flatten -family xc7 -top VX_cp_core_top; stat' --

1. Executing Verilog-2005 frontend: /tmp/cp_core_flat.v
Parsing Verilog input from `/tmp/cp_core_flat.v' to AST representation.
Storing AST representation for module `$abstract\VX_cp_core_top'.
Storing AST representation for module `$abstract\VX_cp_arbiter'.
Storing AST representation for module `$abstract\VX_cp_dcr_proxy'.
Storing AST representation for module `$abstract\VX_cp_launch'.
Storing AST representation for module `$abstract\VX_cp_unpack'.
Storing AST representation for module `$abstract\VX_elastic_buffer'.
Storing AST representation for module `$abstract\VX_mm_axi_slice'.
Storing AST representation for module `$abstract\VX_mm_axi_xbar'.
Storing AST representation for module `$abstract\VX_pipe_register'.
Storing AST representation for module `$abstract\VX_fifo_queue'.
Storing AST representation for module `$abstract\VX_mm_axi_arb'.
Storing AST representation for module `$abstract\VX_pipe_buffer'.
Storing AST representation for module `$abstract\VX_skid_buffer'.
Storing AST representation for module `$abstract\VX_stream_buffer'.
Storing AST representation for module `$abstract\VX_dp_ram'.
Storing AST representation for module `$abstract\VX_generic_arbiter'.
Storing AST representation for module `$abstract\VX_pending_size'.
Storing AST representation for module `$abstract\VX_toggle_buffer'.
Storing AST representation for module `$abstract\VX_cyclic_arbiter'.
Storing AST representation for module `$abstract\VX_gto_arbiter'.
Storing AST representation for module `$abstract\VX_matrix_arbiter'.
Storing AST representation for module `$abstract\VX_priority_arbiter'.
Storing AST representation for module `$abstract\VX_rr_arbiter'.
Storing AST representation for module `$abstract\VX_demux'.
Storing AST representation for module `$abstract\VX_onehot_encoder'.
Storing AST representation for module `$abstract\VX_priority_encoder'.
Storing AST representation for module `$abstract\VX_find_first'.
Storing AST representation for module `$abstract\VX_lzc'.
Storing AST representation for module `$abstract\VX_scan'.
Successfully finished Verilog frontend.

2. Executing AST frontend in derive mode using pre-parsed AST for module `\VX_cp_core_top'.
Parameter \NUM_QUEUES = 4
Generating RTLIL representation for module `$paramod\VX_cp_core_top\NUM_QUEUES=4'.
Warning: Deep recursion in AST simplifier.
Does this design contain insanely long expressions?
