
22. Printing statistics.

=== $paramod$08f5926ccb34b1a68bbe3bf2bffc734c7ce718b5\VX_mm_axi_slice ===

   Number of wires:                 52
   Number of wire bits:           2546
   Number of public wires:          52
   Number of public wire bits:    2546
   Number of ports:                 52
   Number of port bits:           2546
   Number of memories:               0
   Number of memory bits:            0
   Number of processes:              0
   Number of cells:                  5
     $paramod$14e6aea35e7d6ba57701114953c42647aaa73ea0\VX_skid_buffer      1
     $paramod$1af168841491ae31ea8e4855135a15933fcd3ea4\VX_skid_buffer      2
     $paramod$230215b21a3f3566ad1622a91c4a5198379932db\VX_skid_buffer      1
     $paramod$2b4d4de3b6172c1c3d7c15e39c33ff61c5906377\VX_skid_buffer      1

   Area for cell type $paramod$14e6aea35e7d6ba57701114953c42647aaa73ea0\VX_skid_buffer is unknown!
   Area for cell type $paramod$1af168841491ae31ea8e4855135a15933fcd3ea4\VX_skid_buffer is unknown!
   Area for cell type $paramod$2b4d4de3b6172c1c3d7c15e39c33ff61c5906377\VX_skid_buffer is unknown!
   Area for cell type $paramod$230215b21a3f3566ad1622a91c4a5198379932db\VX_skid_buffer is unknown!

   Estimated number of transistors:          0+

=== $paramod$109bb6766c248c9ad65357cc08032166e3078fd7\VX_mm_axi_arb ===

   Number of wires:              10246
   Number of wire bits:          42712
   Number of public wires:          87
   Number of public wire bits:   10198
   Number of ports:                 52
   Number of port bits:           8906
   Number of memories:               0
   Number of memory bits:            0
   Number of processes:              0
   Number of cells:               5636
     $paramod$73ef93ceb080b708c56aceff71c4460dbee622f2\VX_generic_arbiter      2
     AND2_X1                         3
     AND3_X1                         2
     AOI211_X1                       7
     AOI21_X1                     1231
     AOI221_X1                     114
     AOI22_X1                      189
     DFF_X1                          4
     INV_X1                        749
     MUX2_X1                       622
     NAND2_X1                       15
     NAND3_X1                        3
     NOR2_X1                       716
     NOR3_X1                        18
     NOR4_X1                         2
     OAI211_X1                      73
     OAI21_X1                     1197
     OAI22_X1                      687
     OR2_X1                          2

   Area for cell type $paramod$73ef93ceb080b708c56aceff71c4460dbee622f2\VX_generic_arbiter is unknown!

   Chip area for module '$paramod$109bb6766c248c9ad65357cc08032166e3078fd7\VX_mm_axi_arb': 6227.858000
     of which used for sequential elements: 18.088000 (0.29%)

   Estimated number of transistors:          0+

=== $paramod$14e6aea35e7d6ba57701114953c42647aaa73ea0\VX_skid_buffer ===

   Number of wires:                  8
   Number of wire bits:           1048
   Number of public wires:           8
   Number of public wire bits:    1048
   Number of ports:                  8
   Number of port bits:           1048
   Number of memories:               0
   Number of memory bits:            0
   Number of processes:              0
   Number of cells:                  1
     $paramod$14e6aea35e7d6ba57701114953c42647aaa73ea0\VX_stream_buffer      1

   Area for cell type $paramod$14e6aea35e7d6ba57701114953c42647aaa73ea0\VX_stream_buffer is unknown!

   Estimated number of transistors:          0+

=== $paramod$14e6aea35e7d6ba57701114953c42647aaa73ea0\VX_stream_buffer ===

   Number of wires:               5252
   Number of wire bits:           7852
   Number of public wires:          14
   Number of public wire bits:    2094
   Number of ports:                  8
   Number of port bits:           1048
   Number of memories:               0
   Number of memory bits:            0
   Number of processes:              0
   Number of cells:               2615
     AND2_X1                         1
     AOI211_X1                       1
     DFF_X1                       1044
     INV_X1                          1
     MUX2_X1                      1563
     NOR2_X1                         1
     NOR3_X1                         2
     OAI21_X1                        1
     OR2_X1                          1

   Chip area for module '$paramod$14e6aea35e7d6ba57701114953c42647aaa73ea0\VX_stream_buffer': 7639.254000
     of which used for sequential elements: 4739.056000 (62.04%)

   Estimated number of transistors:          0+

=== $paramod$16dfd0cc9c94a3fedf300165b996dec38137037e\VX_pipe_register ===

   Number of wires:                183
   Number of wire bits:            344
   Number of public wires:           8
   Number of public wire bits:     169
   Number of ports:                  5
   Number of port bits:             71
   Number of memories:               0
   Number of memory bits:            0
   Number of processes:              0
   Number of cells:                 70
     AOI211_X1                       1
     DFF_X1                         34
     INV_X1                          1
     MUX2_X1                        33
     NOR2_X1                         1

   Chip area for module '$paramod$16dfd0cc9c94a3fedf300165b996dec38137037e\VX_pipe_register': 217.854000
     of which used for sequential elements: 4892.804000 (2245.91%)

   Estimated number of transistors:          0+

=== $paramod$1af168841491ae31ea8e4855135a15933fcd3ea4\VX_skid_buffer ===

   Number of wires:                  8
   Number of wire bits:            162
   Number of public wires:           8
   Number of public wire bits:     162
   Number of ports:                  8
   Number of port bits:            162
   Number of memories:               0
   Number of memory bits:            0
   Number of processes:              0
   Number of cells:                  1
     $paramod$1af168841491ae31ea8e4855135a15933fcd3ea4\VX_stream_buffer      1

   Area for cell type $paramod$1af168841491ae31ea8e4855135a15933fcd3ea4\VX_stream_buffer is unknown!

   Estimated number of transistors:          0+

=== $paramod$1af168841491ae31ea8e4855135a15933fcd3ea4\VX_stream_buffer ===

   Number of wires:                822
   Number of wire bits:           1207
   Number of public wires:          14
   Number of public wire bits:     322
   Number of ports:                  8
   Number of port bits:            162
   Number of memories:               0
   Number of memory bits:            0
   Number of processes:              0
   Number of cells:                400
     AOI211_X1                       1
     DFF_X1                        158
     INV_X1                          1
     MUX2_X1                       234
     NAND2_X1                        1
     NOR2_X1                         1
     NOR3_X1                         2
     OAI21_X1                        1
     OR2_X1                          1

   Chip area for module '$paramod$1af168841491ae31ea8e4855135a15933fcd3ea4\VX_stream_buffer': 1157.898000
     of which used for sequential elements: 5607.280000 (484.26%)

   Estimated number of transistors:          0+

=== $paramod$230215b21a3f3566ad1622a91c4a5198379932db\VX_skid_buffer ===

   Number of wires:                  8
   Number of wire bits:           1160
   Number of public wires:           8
   Number of public wire bits:    1160
   Number of ports:                  8
   Number of port bits:           1160
   Number of memories:               0
   Number of memory bits:            0
   Number of processes:              0
   Number of cells:                  1
     $paramod$230215b21a3f3566ad1622a91c4a5198379932db\VX_stream_buffer      1

   Area for cell type $paramod$230215b21a3f3566ad1622a91c4a5198379932db\VX_stream_buffer is unknown!

   Estimated number of transistors:          0+

=== $paramod$230215b21a3f3566ad1622a91c4a5198379932db\VX_stream_buffer ===

   Number of wires:               5812
   Number of wire bits:           8692
   Number of public wires:          14
   Number of public wire bits:    2318
   Number of ports:                  8
   Number of port bits:           1160
   Number of memories:               0
   Number of memory bits:            0
   Number of processes:              0
   Number of cells:               2895
     AND2_X1                         1
     AOI211_X1                       1
     DFF_X1                       1156
     INV_X1                          1
     MUX2_X1                      1731
     NOR2_X1                         1
     NOR3_X1                         2
     OAI21_X1                        1
     OR2_X1                          1

   Chip area for module '$paramod$230215b21a3f3566ad1622a91c4a5198379932db\VX_stream_buffer': 8458.534000
     of which used for sequential elements: 10834.712000 (128.09%)

   Estimated number of transistors:          0+

=== $paramod$29c2fcf872559fbb3909a88efa6502a5e44b3975\VX_rr_arbiter ===

   Number of wires:                 75
   Number of wire bits:             91
   Number of public wires:          20
   Number of public wire bits:      31
   Number of ports:                  7
   Number of port bits:              9
   Number of memories:               0
   Number of memory bits:            0
   Number of processes:              0
   Number of cells:                 30
     $paramod\VX_onehot_encoder\N=s32'00000000000000000000000000000010      1
     AND2_X1                         2
     AOI211_X1                       1
     AOI21_X1                        4
     AOI22_X1                        1
     DFF_X1                          4
     INV_X1                          5
     NAND2_X1                        4
     NAND3_X1                        2
     NAND4_X1                        1
     NOR2_X1                         2
     NOR3_X1                         1
     OAI22_X1                        1
     OR2_X1                          1

   Area for cell type $paramod\VX_onehot_encoder\N=s32'00000000000000000000000000000010 is unknown!

   Chip area for module '$paramod$29c2fcf872559fbb3909a88efa6502a5e44b3975\VX_rr_arbiter': 41.496000
     of which used for sequential elements: 10852.800000 (26153.85%)

   Estimated number of transistors:          0+

=== $paramod$2b4d4de3b6172c1c3d7c15e39c33ff61c5906377\VX_skid_buffer ===

   Number of wires:                  8
   Number of wire bits:             22
   Number of public wires:           8
   Number of public wire bits:      22
   Number of ports:                  8
   Number of port bits:             22
   Number of memories:               0
   Number of memory bits:            0
   Number of processes:              0
   Number of cells:                  1
     $paramod$2b4d4de3b6172c1c3d7c15e39c33ff61c5906377\VX_stream_buffer      1

   Area for cell type $paramod$2b4d4de3b6172c1c3d7c15e39c33ff61c5906377\VX_stream_buffer is unknown!

   Estimated number of transistors:          0+

=== $paramod$2b4d4de3b6172c1c3d7c15e39c33ff61c5906377\VX_stream_buffer ===

   Number of wires:                122
   Number of wire bits:            157
   Number of public wires:          14
   Number of public wire bits:      42
   Number of ports:                  8
   Number of port bits:             22
   Number of memories:               0
   Number of memory bits:            0
   Number of processes:              0
   Number of cells:                 50
     AOI211_X1                       1
     DFF_X1                         18
     INV_X1                          1
     MUX2_X1                        24
     NAND2_X1                        1
     NOR2_X1                         1
     NOR3_X1                         2
     OAI21_X1                        1
     OR2_X1                          1

   Chip area for module '$paramod$2b4d4de3b6172c1c3d7c15e39c33ff61c5906377\VX_stream_buffer': 133.798000
     of which used for sequential elements: 10934.196000 (8172.17%)

   Estimated number of transistors:          0+

=== $paramod$370a6d8436a31b276ab676f06b99d10febb9d45e\VX_pipe_buffer ===

   Number of wires:                  8
   Number of wire bits:             96
   Number of public wires:           8
   Number of public wire bits:      96
   Number of ports:                  8
   Number of port bits:             96
   Number of memories:               0
   Number of memory bits:            0
   Number of processes:              0
   Number of cells:                  0

   Estimated number of transistors:          0

=== $paramod$438cc21b37d6aedd0aa9ce5f06688afdfb2b13fd\VX_generic_arbiter ===

   Number of wires:                  7
   Number of wire bits:              9
   Number of public wires:           7
   Number of public wire bits:       9
   Number of ports:                  7
   Number of port bits:              9
   Number of memories:               0
   Number of memory bits:            0
   Number of processes:              0
   Number of cells:                  1
     $paramod$29c2fcf872559fbb3909a88efa6502a5e44b3975\VX_rr_arbiter      1

   Area for cell type $paramod$29c2fcf872559fbb3909a88efa6502a5e44b3975\VX_rr_arbiter is unknown!

   Estimated number of transistors:          0+

=== $paramod$570ecca0a00db6aa969dcc9c018d73028732eb67\VX_mm_axi_xbar ===

   Number of wires:                356
   Number of wire bits:           9334
   Number of public wires:          66
   Number of public wire bits:    9016
   Number of ports:                 55
   Number of port bits:           8921
   Number of memories:               0
   Number of memory bits:            0
   Number of processes:              0
   Number of cells:                 95
     $paramod$109bb6766c248c9ad65357cc08032166e3078fd7\VX_mm_axi_arb      1
     AND2_X1                         2
     AOI211_X1                       2
     AOI21_X1                       12
     AOI22_X1                        3
     DFF_X1                          8
     INV_X1                         13
     NAND2_X1                       10
     NAND3_X1                        4
     NAND4_X1                        3
     NOR2_X1                        15
     NOR4_X1                         1
     OAI211_X1                       3
     OAI21_X1                        4
     OAI221_X1                       1
     OR2_X1                          4
     OR3_X1                          1
     OR4_X1                          1
     XNOR2_X1                        5
     XOR2_X1                         2

   Area for cell type $paramod$109bb6766c248c9ad65357cc08032166e3078fd7\VX_mm_axi_arb is unknown!

   Chip area for module '$paramod$570ecca0a00db6aa969dcc9c018d73028732eb67\VX_mm_axi_xbar': 122.360000
     of which used for sequential elements: 10970.372000 (8965.65%)

   Estimated number of transistors:          0+

=== $paramod$658729e91df3272ac594003e15346a1a891f952a\VX_pipe_register ===

   Number of wires:                 16
   Number of wire bits:             16
   Number of public wires:           6
   Number of public wire bits:       6
   Number of ports:                  5
   Number of port bits:              5
   Number of memories:               0
   Number of memory bits:            0
   Number of processes:              0
   Number of cells:                  4
     AOI211_X1                       1
     DFF_X1                          1
     INV_X1                          1
     NOR2_X1                         1

   Chip area for module '$paramod$658729e91df3272ac594003e15346a1a891f952a\VX_pipe_register': 7.182000
     of which used for sequential elements: 10974.894000 (152811.11%)

   Estimated number of transistors:          0+

=== $paramod$73ef93ceb080b708c56aceff71c4460dbee622f2\VX_generic_arbiter ===

   Number of wires:                  7
   Number of wire bits:             19
   Number of public wires:           7
   Number of public wire bits:      19
   Number of ports:                  7
   Number of port bits:             19
   Number of memories:               0
   Number of memory bits:            0
   Number of processes:              0
   Number of cells:                  1
     $paramod$7c8524b521b53b55fae9efbbc14d48821ad02fb8\VX_rr_arbiter      1

   Area for cell type $paramod$7c8524b521b53b55fae9efbbc14d48821ad02fb8\VX_rr_arbiter is unknown!

   Estimated number of transistors:          0+

=== $paramod$7814bec23dc4aec7ed858ac2573811bbdb649317\VX_cp_arbiter ===

   Number of wires:                188
   Number of wire bits:           1034
   Number of public wires:          41
   Number of public wire bits:     417
   Number of ports:                 11
   Number of port bits:             67
   Number of memories:               0
   Number of memory bits:            0
   Number of processes:              0
   Number of cells:                 56
     AND2_X1                         4
     AND3_X1                         2
     AOI211_X1                       3
     AOI21_X1                        4
     AOI22_X1                        1
     BUF_X1                          8
     DFF_X1                          2
     INV_X1                          8
     MUX2_X1                         7
     NAND2_X1                        2
     NOR2_X1                         3
     NOR3_X1                         3
     NOR4_X1                         2
     OAI21_X1                        1
     OAI22_X1                        1
     OAI33_X1                        1
     OR3_X1                          1
     OR4_X1                          1
     XNOR2_X1                        2

   Chip area for module '$paramod$7814bec23dc4aec7ed858ac2573811bbdb649317\VX_cp_arbiter': 69.426000
     of which used for sequential elements: 10983.938000 (15821.07%)

   Estimated number of transistors:          0+

=== $paramod$7c8524b521b53b55fae9efbbc14d48821ad02fb8\VX_rr_arbiter ===

   Number of wires:                178
   Number of wire bits:            266
   Number of public wires:          20
   Number of public wire bits:      77
   Number of ports:                  7
   Number of port bits:             19
   Number of memories:               0
   Number of memory bits:            0
   Number of processes:              0
   Number of cells:                 99
     $paramod\VX_onehot_encoder\N=s32'00000000000000000000000000000110      1
     AND2_X1                         2
     AND3_X1                         2
     AND4_X1                         1
     AOI21_X1                       13
     AOI222_X1                       3
     AOI22_X1                        2
     DFF_X1                         12
     INV_X1                         16
     NAND2_X1                       14
     NAND3_X1                        3
     NAND4_X1                        1
     NOR2_X1                         4
     NOR3_X1                         1
     OAI211_X1                       2
     OAI21_X1                       15
     OAI221_X1                       2
     OR2_X1                          3
     OR3_X1                          1
     OR4_X1                          1

   Area for cell type $paramod\VX_onehot_encoder\N=s32'00000000000000000000000000000110 is unknown!

   Chip area for module '$paramod$7c8524b521b53b55fae9efbbc14d48821ad02fb8\VX_rr_arbiter': 139.916000
     of which used for sequential elements: 11038.202000 (7889.16%)

   Estimated number of transistors:          0+

=== $paramod$9fdd7775c1ee94a9ab095485f1686b63d9ee7a81\VX_mm_axi_arb ===

   Number of wires:               2355
   Number of wire bits:           7459
   Number of public wires:          87
   Number of public wire bits:    5100
   Number of ports:                 52
   Number of port bits:           3818
   Number of memories:               0
   Number of memory bits:            0
   Number of processes:              0
   Number of cells:                761
     $paramod$438cc21b37d6aedd0aa9ce5f06688afdfb2b13fd\VX_generic_arbiter      2
     AND2_X1                         8
     AND3_X1                         2
     AOI211_X1                       1
     AOI21_X1                        1
     DFF_X1                          2
     INV_X1                          5
     MUX2_X1                       734
     NAND3_X1                        1
     NAND4_X1                        1
     NOR2_X1                         4

   Area for cell type $paramod$438cc21b37d6aedd0aa9ce5f06688afdfb2b13fd\VX_generic_arbiter is unknown!

   Chip area for module '$paramod$9fdd7775c1ee94a9ab095485f1686b63d9ee7a81\VX_mm_axi_arb': 1397.564000
     of which used for sequential elements: 11047.246000 (790.46%)

   Estimated number of transistors:          0+

=== $paramod$a162576d6f7c7153cbe8a4fac1ff2ee16504be9d\VX_elastic_buffer ===

   Number of wires:                 11
   Number of wire bits:            143
   Number of public wires:          11
   Number of public wire bits:     143
   Number of ports:                  8
   Number of port bits:             96
   Number of memories:               0
   Number of memory bits:            0
   Number of processes:              0
   Number of cells:                  2
     $paramod$370a6d8436a31b276ab676f06b99d10febb9d45e\VX_pipe_buffer      1
     $paramod\VX_stream_buffer\DATAW=s32'00000000000000000000000000101101\OUT_REG=1'1      1

   Area for cell type $paramod\VX_stream_buffer\DATAW=s32'00000000000000000000000000101101\OUT_REG=1'1 is unknown!
   Area for cell type $paramod$370a6d8436a31b276ab676f06b99d10febb9d45e\VX_pipe_buffer is unknown!

   Estimated number of transistors:          0+

=== $paramod$afbc1128b975ae89151e5279765dd6b3ce57df06\VX_mm_axi_xbar ===

   Number of wires:                103
   Number of wire bits:           3941
   Number of public wires:          63
   Number of public wire bits:    3898
   Number of ports:                 55
   Number of port bits:           3824
   Number of memories:               0
   Number of memory bits:            0
   Number of processes:              0
   Number of cells:                 15
     $paramod$9fdd7775c1ee94a9ab095485f1686b63d9ee7a81\VX_mm_axi_arb      1
     AOI21_X1                        2
     DFF_X1                          3
     INV_X1                          1
     NAND2_X1                        1
     NAND3_X1                        2
     NOR2_X1                         1
     OAI21_X1                        1
     XNOR2_X1                        2
     XOR2_X1                         1

   Area for cell type $paramod$9fdd7775c1ee94a9ab095485f1686b63d9ee7a81\VX_mm_axi_arb is unknown!

   Chip area for module '$paramod$afbc1128b975ae89151e5279765dd6b3ce57df06\VX_mm_axi_xbar': 25.802000
     of which used for sequential elements: 11060.812000 (42868.04%)

   Estimated number of transistors:          0+

=== $paramod\VX_onehot_encoder\N=s32'00000000000000000000000000000010 ===

   Number of wires:                  6
   Number of wire bits:              7
   Number of public wires:           3
   Number of public wire bits:       4
   Number of ports:                  3
   Number of port bits:              4
   Number of memories:               0
   Number of memory bits:            0
   Number of processes:              0
   Number of cells:                  1
     OR2_X1                          1

   Chip area for module '$paramod\VX_onehot_encoder\N=s32'00000000000000000000000000000010': 1.064000
     of which used for sequential elements: 11060.812000 (1039550.00%)

   Estimated number of transistors:          0+

=== $paramod\VX_onehot_encoder\N=s32'00000000000000000000000000000110 ===

   Number of wires:                 32
   Number of wire bits:             98
   Number of public wires:          19
   Number of public wire bits:      83
   Number of ports:                  3
   Number of port bits:             10
   Number of memories:               0
   Number of memory bits:            0
   Number of processes:              0
   Number of cells:                  5
     OR2_X1                          2
     OR3_X1                          3

   Chip area for module '$paramod\VX_onehot_encoder\N=s32'00000000000000000000000000000110': 6.118000
     of which used for sequential elements: 11060.812000 (180791.30%)

   Estimated number of transistors:          0+

=== $paramod\VX_stream_buffer\DATAW=s32'00000000000000000000000000101101\OUT_REG=1'1 ===

   Number of wires:                492
   Number of wire bits:            712
   Number of public wires:          14
   Number of public wire bits:     190
   Number of ports:                  8
   Number of port bits:             96
   Number of memories:               0
   Number of memory bits:            0
   Number of processes:              0
   Number of cells:                235
     AOI211_X1                       1
     DFF_X1                         92
     INV_X1                          1
     MUX2_X1                       135
     NAND2_X1                        1
     NOR2_X1                         1
     NOR3_X1                         2
     OAI21_X1                        1
     OR2_X1                          1

   Chip area for module '$paramod\VX_stream_buffer\DATAW=s32'00000000000000000000000000101101\OUT_REG=1'1': 675.108000
     of which used for sequential elements: 11476.836000 (1700.00%)

   Estimated number of transistors:          0+

=== VX_cp_core_top ===

   Number of wires:             243326
   Number of wire bits:         420539
   Number of public wires:        1509
   Number of public wire bits:  109592
   Number of ports:                127
   Number of port bits:           3130
   Number of memories:               0
   Number of memory bits:            0
   Number of processes:              0
   Number of cells:             147874
     $paramod$08f5926ccb34b1a68bbe3bf2bffc734c7ce718b5\VX_mm_axi_slice      2
     $paramod$16dfd0cc9c94a3fedf300165b996dec38137037e\VX_pipe_register      1
     $paramod$570ecca0a00db6aa969dcc9c018d73028732eb67\VX_mm_axi_xbar      1
     $paramod$658729e91df3272ac594003e15346a1a891f952a\VX_pipe_register      1
     $paramod$7814bec23dc4aec7ed858ac2573811bbdb649317\VX_cp_arbiter      4
     $paramod$a162576d6f7c7153cbe8a4fac1ff2ee16504be9d\VX_elastic_buffer      1
     $paramod$afbc1128b975ae89151e5279765dd6b3ce57df06\VX_mm_axi_xbar      1
     AND2_X1                      1479
     AND3_X1                       321
     AND4_X1                       142
     AOI211_X1                    2545
     AOI21_X1                    10193
     AOI221_X1                    1268
     AOI222_X1                      36
     AOI22_X1                     2482
     DFF_X1                      40200
     INV_X1                       6187
     MUX2_X1                     40576
     NAND2_X1                     3689
     NAND3_X1                     1346
     NAND4_X1                      200
     NOR2_X1                      8407
     NOR3_X1                       604
     NOR4_X1                       188
     OAI211_X1                    6490
     OAI21_X1                    14726
     OAI221_X1                     957
     OAI222_X1                       6
     OAI22_X1                     1520
     OAI33_X1                       10
     OR2_X1                       3463
     OR3_X1                        201
     OR4_X1                         33
     VX_cp_dcr_proxy                 1
     VX_cp_launch                    1
     VX_cp_unpack                    4
     XNOR2_X1                      356
     XOR2_X1                       232

   Area for cell type \VX_cp_unpack is unknown!
   Area for cell type \VX_cp_launch is unknown!
   Area for cell type \VX_cp_dcr_proxy is unknown!
   Area for cell type $paramod$16dfd0cc9c94a3fedf300165b996dec38137037e\VX_pipe_register is unknown!
   Area for cell type $paramod$658729e91df3272ac594003e15346a1a891f952a\VX_pipe_register is unknown!
   Area for cell type $paramod$a162576d6f7c7153cbe8a4fac1ff2ee16504be9d\VX_elastic_buffer is unknown!
   Area for cell type $paramod$08f5926ccb34b1a68bbe3bf2bffc734c7ce718b5\VX_mm_axi_slice is unknown!
   Area for cell type $paramod$afbc1128b975ae89151e5279765dd6b3ce57df06\VX_mm_axi_xbar is unknown!
   Area for cell type $paramod$570ecca0a00db6aa969dcc9c018d73028732eb67\VX_mm_axi_xbar is unknown!
   Area for cell type $paramod$7814bec23dc4aec7ed858ac2573811bbdb649317\VX_cp_arbiter is unknown!

   Chip area for module '\VX_cp_core_top': 327554.262000
     of which used for sequential elements: 193261.236000 (59.00%)

   Estimated number of transistors:          0+

=== VX_cp_dcr_proxy ===

   Number of wires:               1165
   Number of wire bits:           2004
   Number of public wires:          28
   Number of public wire bits:     611
   Number of ports:                 13
   Number of port bits:            404
   Number of memories:               0
   Number of memory bits:            0
   Number of processes:              0
   Number of cells:                560
     AND2_X1                         3
     AND3_X1                         3
     AND4_X1                         1
     AOI211_X1                      36
     AOI21_X1                       54
     AOI221_X1                      14
     AOI222_X1                       2
     AOI22_X1                       19
     DFF_X1                        112
     INV_X1                         57
     MUX2_X1                        16
     NAND2_X1                      107
     NAND3_X1                        3
     NAND4_X1                        3
     NOR2_X1                        88
     NOR3_X1                         4
     NOR4_X1                         4
     OAI211_X1                       1
     OAI21_X1                        7
     OAI221_X1                       1
     OAI22_X1                        5
     OR2_X1                          2
     OR4_X1                          3
     XNOR2_X1                        7
     XOR2_X1                         8

   Chip area for module '\VX_cp_dcr_proxy': 952.812000
     of which used for sequential elements: 193767.700000 (20336.40%)

   Estimated number of transistors:          0+

=== VX_cp_launch ===

   Number of wires:                 60
   Number of wire bits:             83
   Number of public wires:           9
   Number of public wire bits:      10
   Number of ports:                  7
   Number of port bits:              7
   Number of memories:               0
   Number of memory bits:            0
   Number of processes:              0
   Number of cells:                 18
     AOI211_X1                       2
     AOI21_X1                        2
     AOI221_X1                       1
     AOI22_X1                        1
     DFF_X1                          2
     INV_X1                          1
     NAND2_X1                        1
     NOR2_X1                         5
     NOR3_X1                         2
     OAI22_X1                        1

   Chip area for module '\VX_cp_launch': 25.536000
     of which used for sequential elements: 193776.744000 (758837.50%)

   Estimated number of transistors:          0+

=== VX_cp_unpack ===

   Number of wires:               7091
   Number of wire bits:         458317
   Number of public wires:          66
   Number of public wire bits:    2736
   Number of ports:                  5
   Number of port bits:            815
   Number of memories:               0
   Number of memory bits:            0
   Number of processes:              0
   Number of cells:               5633
     AND2_X1                       267
     AND3_X1                        12
     AND4_X1                         8
     AOI211_X1                     373
     AOI21_X1                      739
     AOI221_X1                      78
     AOI222_X1                      14
     AOI22_X1                      157
     INV_X1                         80
     MUX2_X1                      1602
     NAND2_X1                      413
     NAND3_X1                       64
     NAND4_X1                        4
     NOR2_X1                       637
     NOR3_X1                       128
     NOR4_X1                        52
     OAI211_X1                     165
     OAI21_X1                      588
     OAI221_X1                      15
     OAI222_X1                       8
     OAI22_X1                       50
     OAI33_X1                        3
     OR2_X1                         91
     OR3_X1                         14
     OR4_X1                          1
     XNOR2_X1                       61
     XOR2_X1                         9

   Chip area for module '\VX_cp_unpack': 7287.336000
     of which used for sequential elements: 193776.744000 (2659.09%)

   Estimated number of transistors:          0+

=== design hierarchy ===

   VX_cp_core_top                    1
     $paramod$08f5926ccb34b1a68bbe3bf2bffc734c7ce718b5\VX_mm_axi_slice      2
       $paramod$14e6aea35e7d6ba57701114953c42647aaa73ea0\VX_skid_buffer      1
         $paramod$14e6aea35e7d6ba57701114953c42647aaa73ea0\VX_stream_buffer      1
       $paramod$1af168841491ae31ea8e4855135a15933fcd3ea4\VX_skid_buffer      2
         $paramod$1af168841491ae31ea8e4855135a15933fcd3ea4\VX_stream_buffer      1
       $paramod$230215b21a3f3566ad1622a91c4a5198379932db\VX_skid_buffer      1
         $paramod$230215b21a3f3566ad1622a91c4a5198379932db\VX_stream_buffer      1
       $paramod$2b4d4de3b6172c1c3d7c15e39c33ff61c5906377\VX_skid_buffer      1
         $paramod$2b4d4de3b6172c1c3d7c15e39c33ff61c5906377\VX_stream_buffer      1
     $paramod$16dfd0cc9c94a3fedf300165b996dec38137037e\VX_pipe_register      1
     $paramod$570ecca0a00db6aa969dcc9c018d73028732eb67\VX_mm_axi_xbar      1
       $paramod$109bb6766c248c9ad65357cc08032166e3078fd7\VX_mm_axi_arb      1
         $paramod$73ef93ceb080b708c56aceff71c4460dbee622f2\VX_generic_arbiter      2
           $paramod$7c8524b521b53b55fae9efbbc14d48821ad02fb8\VX_rr_arbiter      1
             $paramod\VX_onehot_encoder\N=s32'00000000000000000000000000000110      1
     $paramod$658729e91df3272ac594003e15346a1a891f952a\VX_pipe_register      1
     $paramod$7814bec23dc4aec7ed858ac2573811bbdb649317\VX_cp_arbiter      4
     $paramod$a162576d6f7c7153cbe8a4fac1ff2ee16504be9d\VX_elastic_buffer      1
       $paramod$370a6d8436a31b276ab676f06b99d10febb9d45e\VX_pipe_buffer      1
       $paramod\VX_stream_buffer\DATAW=s32'00000000000000000000000000101101\OUT_REG=1'1      1
     $paramod$afbc1128b975ae89151e5279765dd6b3ce57df06\VX_mm_axi_xbar      1
       $paramod$9fdd7775c1ee94a9ab095485f1686b63d9ee7a81\VX_mm_axi_arb      1
         $paramod$438cc21b37d6aedd0aa9ce5f06688afdfb2b13fd\VX_generic_arbiter      2
           $paramod$29c2fcf872559fbb3909a88efa6502a5e44b3975\VX_rr_arbiter      1
             $paramod\VX_onehot_encoder\N=s32'00000000000000000000000000000010      1
     VX_cp_dcr_proxy                 1
     VX_cp_launch                    1
     VX_cp_unpack                    4

   Number of wires:             313891
   Number of wire bits:         2374197
   Number of public wires:        2800
   Number of public wire bits:  172483
   Number of ports:                791
   Number of port bits:          48350
   Number of memories:               0
   Number of memory bits:            0
   Number of processes:              0
   Number of cells:             190987
     AND2_X1                      2591
     AND3_X1                       388
     AND4_X1                       177
     AOI211_X1                    4112
     AOI21_X1                    14501
     AOI221_X1                    1709
     AOI222_X1                     100
     AOI22_X1                     3332
     BUF_X1                         32
     DFF_X1                      45566
     INV_X1                       7420
     MUX2_X1                     56124
     NAND2_X1                     5526
     NAND3_X1                     1625
     NAND4_X1                      227
     NOR2_X1                     11821
     NOR3_X1                      1178
     NOR4_X1                       411
     OAI211_X1                    7231
     OAI21_X1                    18332
     OAI221_X1                    1023
     OAI222_X1                      38
     OAI22_X1                     2419
     OAI33_X1                       26
     OR2_X1                       3860
     OR3_X1                        270
     OR4_X1                         47
     XNOR2_X1                      622
     XOR2_X1                       279

   Chip area for top module '\VX_cp_core_top': 404105.338000
     of which used for sequential elements: 193776.744000 (47.95%)

   Estimated number of transistors:          0+

