
4. Printing statistics.

=== VX_cp_core_top ===

   Number of wires:              10998
   Number of wire bits:         163650
   Number of public wires:        2056
   Number of public wire bits:  132982
   Number of ports:                127
   Number of port bits:           3130
   Number of memories:               0
   Number of memory bits:            0
   Number of processes:              0
   Number of cells:              30095
     $scopeinfo                     53
     BUFG                            1
     CARRY4                        530
     FDRE                        11294
     FDSE                           25
     IBUF                         1178
     INV                           268
     LUT1                           21
     LUT2                         1841
     LUT3                         2948
     LUT4                         1066
     LUT5                          857
     LUT6                         6725
     MUXF7                         636
     MUXF8                         166
     OBUF                         1952
     RAM32M                         22
     RAM64M                        512

   Estimated number of LCs:      11596

