OpenSTA 2.7.0 d5761004cd Copyright (c) 2025, Parallax Software, Inc.
License GPLv3: GNU GPL version 3 <http://gnu.org/licenses/gpl.html>

This is free software, and you are free to change and redistribute it
under certain conditions; type `show_copying' for details. 
This program comes with ABSOLUTELY NO WARRANTY; for details type `show_warranty'.
read_liberty /home/houdong/vortex/hw/syn/libs/NangateOpenCellLibrary_typical.lib
read_verilog results/exp04/ppa/fastpath/asic_out/VX_cp_engine_top_mapped.v
link_design VX_cp_engine_top
read_sdc results/exp04/ppa/fastpath/asic_out/VX_cp_engine_top.resolved.sdc
INFO: Using clock port: clk
INFO: Found reset ports: _e05a2a3064610000_p_Port
 time 1ns
 capacitance 1fF
 resistance 1kohm
 voltage 1v
 current 1mA
 power 1nW
 distance 1um
Clock                   Period          Waveform
----------------------------------------------------
clk                       1.25        0.00      0.62
ext_clk                   1.25        0.00      0.62
wns max -1.47
tns max -380.84
Startpoint: _3514_ (rising edge-triggered flip-flop clocked by clk)
Endpoint: _3514_ (rising edge-triggered flip-flop clocked by clk)
Path Group: clk
Path Type: max

   Delay     Time   Description
-----------------------------------------------------------
   0.000    0.000   clock clk (rise edge)
   0.000    0.000   clock network delay (ideal)
   0.000    0.000 ^ _3514_/CK (DFF_X1)
   0.107    0.107 ^ _3514_/Q (DFF_X1)
   0.013    0.120 v _2671_/ZN (NOR3_X1)
   2.238    2.358 ^ _2684_/ZN (NAND2_X1)
   0.175    2.534 v _3286_/ZN (OAI222_X1)
   0.110    2.644 v _3287_/ZN (AND2_X1)
   0.000    2.644 v _3514_/D (DFF_X1)
            2.644   data arrival time

   1.250    1.250   clock clk (rise edge)
   0.000    1.250   clock network delay (ideal)
  -0.025    1.225   clock uncertainty
   0.000    1.225   clock reconvergence pessimism
            1.225 ^ _3514_/CK (DFF_X1)
  -0.046    1.179   library setup time
            1.179   data required time
-----------------------------------------------------------
            1.179   data required time
           -2.644   data arrival time
-----------------------------------------------------------
           -1.465   slack (VIOLATED)


Startpoint: _3514_ (rising edge-triggered flip-flop clocked by clk)
Endpoint: end_evt (output port clocked by ext_clk)
Path Group: ext_clk
Path Type: max

   Delay     Time   Description
-----------------------------------------------------------
   0.000    0.000   clock clk (rise edge)
   0.000    0.000   clock network delay (ideal)
   0.000    0.000 ^ _3514_/CK (DFF_X1)
   0.107    0.107 ^ _3514_/Q (DFF_X1)
   0.018    0.124 v _2354_/ZN (INV_X1)
   0.115    0.239 ^ _2674_/ZN (NOR3_X1)
   0.040    0.279 ^ _2687_/ZN (AND2_X1)
   0.000    0.279 ^ end_evt (out)
            0.279   data arrival time

   1.250    1.250   clock ext_clk (rise edge)
   0.000    1.250   clock network delay (ideal)
   0.000    1.250   clock reconvergence pessimism
  -0.062    1.188   output external delay
            1.188   data required time
-----------------------------------------------------------
            1.188   data required time
           -0.279   data arrival time
-----------------------------------------------------------
            0.908   slack (MET)


Startpoint: reset (input port clocked by ext_clk)
Endpoint: _3513_ (rising edge-triggered flip-flop clocked by clk)
Path Group: clk
Path Type: min

   Delay     Time   Description
-----------------------------------------------------------
   0.000    0.000   clock ext_clk (rise edge)
   0.000    0.000   clock network delay (ideal)
   0.062    0.062 ^ input external delay
   0.000    0.062 ^ reset (in)
   0.004    0.067 v _3280_/ZN (NOR2_X1)
   0.000    0.067 v _3513_/D (DFF_X1)
            0.067   data arrival time

   0.000    0.000   clock clk (rise edge)
   0.000    0.000   clock network delay (ideal)
   0.025    0.025   clock uncertainty
   0.000    0.025   clock reconvergence pessimism
            0.025 ^ _3513_/CK (DFF_X1)
   0.001    0.026   library hold time
            0.026   data required time
-----------------------------------------------------------
            0.026   data required time
           -0.067   data arrival time
-----------------------------------------------------------
            0.040   slack (MET)


Startpoint: state_prio[0] (input port clocked by ext_clk)
Endpoint: bid_dcr_prio[0] (output port clocked by ext_clk)
Path Group: ext_clk
Path Type: min

   Delay     Time   Description
-----------------------------------------------------------
   0.000    0.000   clock ext_clk (rise edge)
   0.000    0.000   clock network delay (ideal)
   0.062    0.062 ^ input external delay
   0.000    0.062 ^ state_prio[0] (in)
   0.000    0.062 ^ bid_dcr_prio[0] (out)
            0.062   data arrival time

   0.000    0.000   clock ext_clk (rise edge)
   0.000    0.000   clock network delay (ideal)
   0.000    0.000   clock reconvergence pessimism
  -0.062   -0.062   output external delay
           -0.062   data required time
-----------------------------------------------------------
           -0.062   data required time
           -0.062   data arrival time
-----------------------------------------------------------
            0.125   slack (MET)


INFO: SAIF_FILE not provided (or not found); power will be vectorless/default.
STA done.
