
23. Printing statistics.

=== VX_cp_engine_top ===

   Number of wires:               2430
   Number of wire bits:           7669
   Number of public wires:          77
   Number of public wire bits:    4042
   Number of memories:               0
   Number of memory bits:            0
   Number of processes:              0
   Number of cells:               1514
     AND2_X1                        25
     AND3_X1                        17
     AND4_X1                        10
     AOI211_X1                       5
     AOI21_X1                      337
     AOI22_X1                        3
     DFF_X1                        359
     INV_X1                        306
     NAND2_X1                       19
     NAND3_X1                       12
     NAND4_X1                       12
     NOR2_X1                        28
     NOR3_X1                        32
     NOR4_X1                        11
     OAI211_X1                       1
     OAI21_X1                      332
     OAI222_X1                       2
     OAI22_X1                        1
     OR2_X1                          1
     XNOR2_X1                        1

   Chip area for module '\VX_cp_engine_top': 2698.304000

