OpenSTA 2.0.17 GITDIR-NOT Copyright (c) 2019, Parallax Software, Inc.
License GPLv3: GNU GPL version 3 <http://gnu.org/licenses/gpl.html>

This is free software, and you are free to change and redistribute it
under certain conditions; type `show_copying' for details.
This program comes with ABSOLUTELY NO WARRANTY; for details type `show_warranty'.
read_liberty /home/houdong/vortex/hw/syn/libs/NangateOpenCellLibrary_typical.lib
read_verilog /home/houdong/vortex/results/exp04_09_summary/ppa/all_enabled/asic400_out/VX_cp_core_top_mapped.v
Error: /home/houdong/vortex/results/exp04_09_summary/ppa/all_enabled/asic400_out/VX_cp_core_top_mapped.v, line 43235 syntax error, unexpected '{', expecting ID.
Error: /home/houdong/vortex/results/exp04_09_summary/ppa/all_enabled/asic400_out/VX_cp_core_top_mapped.v, line 43236 syntax error, unexpected '{', expecting ID.
Error: /home/houdong/vortex/results/exp04_09_summary/ppa/all_enabled/asic400_out/VX_cp_core_top_mapped.v, line 43237 syntax error, unexpected '{', expecting ID.
Error: /home/houdong/vortex/results/exp04_09_summary/ppa/all_enabled/asic400_out/VX_cp_core_top_mapped.v, line 43238 syntax error, unexpected '{', expecting ID.
Error: /home/houdong/vortex/results/exp04_09_summary/ppa/all_enabled/asic400_out/VX_cp_core_top_mapped.v, line 117512 syntax error, unexpected '{', expecting ID.
Error: /home/houdong/vortex/results/exp04_09_summary/ppa/all_enabled/asic400_out/VX_cp_core_top_mapped.v, line 117521 syntax error, unexpected '{', expecting ID.
Error: /home/houdong/vortex/results/exp04_09_summary/ppa/all_enabled/asic400_out/VX_cp_core_top_mapped.v, line 117523 syntax error, unexpected '{', expecting ID.
Error: /home/houdong/vortex/results/exp04_09_summary/ppa/all_enabled/asic400_out/VX_cp_core_top_mapped.v, line 117525 syntax error, unexpected '{', expecting ID.
Error: /home/houdong/vortex/results/exp04_09_summary/ppa/all_enabled/asic400_out/VX_cp_core_top_mapped.v, line 117527 syntax error, unexpected '{', expecting ID.
Error: /home/houdong/vortex/results/exp04_09_summary/ppa/all_enabled/asic400_out/VX_cp_core_top_mapped.v, line 117528 syntax error, unexpected '{', expecting ID.
Error: /home/houdong/vortex/results/exp04_09_summary/ppa/all_enabled/asic400_out/VX_cp_core_top_mapped.v, line 117529 syntax error, unexpected '{', expecting ID.
Error: /home/houdong/vortex/results/exp04_09_summary/ppa/all_enabled/asic400_out/VX_cp_core_top_mapped.v, line 117539 syntax error, unexpected '{', expecting ID.
Error: /home/houdong/vortex/results/exp04_09_summary/ppa/all_enabled/asic400_out/VX_cp_core_top_mapped.v, line 117540 syntax error, unexpected '{', expecting ID.
Error: /home/houdong/vortex/results/exp04_09_summary/ppa/all_enabled/asic400_out/VX_cp_core_top_mapped.v, line 117568 syntax error, unexpected '{', expecting ID.
Error: /home/houdong/vortex/results/exp04_09_summary/ppa/all_enabled/asic400_out/VX_cp_core_top_mapped.v, line 117586 syntax error, unexpected '{', expecting ID.
Error: /home/houdong/vortex/results/exp04_09_summary/ppa/all_enabled/asic400_out/VX_cp_core_top_mapped.v, line 117841 syntax error, unexpected '{', expecting ID.
Error: /home/houdong/vortex/results/exp04_09_summary/ppa/all_enabled/asic400_out/VX_cp_core_top_mapped.v, line 117852 syntax error, unexpected '{', expecting ID.
Error: /home/houdong/vortex/results/exp04_09_summary/ppa/all_enabled/asic400_out/VX_cp_core_top_mapped.v, line 1291800 syntax error, unexpected '{', expecting ID.
Error: /home/houdong/vortex/results/exp04_09_summary/ppa/all_enabled/asic400_out/VX_cp_core_top_mapped.v, line 1291929 syntax error, unexpected '{', expecting ID.
Error: /home/houdong/vortex/results/exp04_09_summary/ppa/all_enabled/asic400_out/VX_cp_core_top_mapped.v, line 1291996 syntax error, unexpected '{', expecting ID.
Error: /home/houdong/vortex/results/exp04_09_summary/ppa/all_enabled/asic400_out/VX_cp_core_top_mapped.v, line 1291998 syntax error, unexpected '{', expecting ID.
Error: /home/houdong/vortex/results/exp04_09_summary/ppa/all_enabled/asic400_out/VX_cp_core_top_mapped.v, line 1292001 syntax error, unexpected '{', expecting ID.
Error: /home/houdong/vortex/results/exp04_09_summary/ppa/all_enabled/asic400_out/VX_cp_core_top_mapped.v, line 1292003 syntax error, unexpected '{', expecting ID.
Error: /home/houdong/vortex/results/exp04_09_summary/ppa/all_enabled/asic400_out/VX_cp_core_top_mapped.v, line 1292005 syntax error, unexpected '{', expecting ID.
Error: /home/houdong/vortex/results/exp04_09_summary/ppa/all_enabled/asic400_out/VX_cp_core_top_mapped.v, line 1292007 syntax error, unexpected '{', expecting ID.
Error: /home/houdong/vortex/results/exp04_09_summary/ppa/all_enabled/asic400_out/VX_cp_core_top_mapped.v, line 1292025 syntax error, unexpected '{', expecting ID.
Error: /home/houdong/vortex/results/exp04_09_summary/ppa/all_enabled/asic400_out/VX_cp_core_top_mapped.v, line 1292043 syntax error, unexpected '{', expecting ID.
Error: /home/houdong/vortex/results/exp04_09_summary/ppa/all_enabled/asic400_out/VX_cp_core_top_mapped.v, line 1292045 syntax error, unexpected '{', expecting ID.
Error: /home/houdong/vortex/results/exp04_09_summary/ppa/all_enabled/asic400_out/VX_cp_core_top_mapped.v, line 1292047 syntax error, unexpected '{', expecting ID.
Error: /home/houdong/vortex/results/exp04_09_summary/ppa/all_enabled/asic400_out/VX_cp_core_top_mapped.v, line 1292049 syntax error, unexpected '{', expecting ID.
Error: /home/houdong/vortex/results/exp04_09_summary/ppa/all_enabled/asic400_out/VX_cp_core_top_mapped.v, line 1292069 syntax error, unexpected '{', expecting ID.
Error: /home/houdong/vortex/results/exp04_09_summary/ppa/all_enabled/asic400_out/VX_cp_core_top_mapped.v, line 1292070 syntax error, unexpected '{', expecting ID.
Error: /home/houdong/vortex/results/exp04_09_summary/ppa/all_enabled/asic400_out/VX_cp_core_top_mapped.v, line 1292071 syntax error, unexpected '{', expecting ID.
Error: /home/houdong/vortex/results/exp04_09_summary/ppa/all_enabled/asic400_out/VX_cp_core_top_mapped.v, line 1292072 syntax error, unexpected '{', expecting ID.
Error: /home/houdong/vortex/results/exp04_09_summary/ppa/all_enabled/asic400_out/VX_cp_core_top_mapped.v, line 1292076 syntax error, unexpected '{', expecting ID.
Error: /home/houdong/vortex/results/exp04_09_summary/ppa/all_enabled/asic400_out/VX_cp_core_top_mapped.v, line 1292100 syntax error, unexpected '{', expecting ID.
Error: /home/houdong/vortex/results/exp04_09_summary/ppa/all_enabled/asic400_out/VX_cp_core_top_mapped.v, line 1292102 syntax error, unexpected '{', expecting ID.
Error: /home/houdong/vortex/results/exp04_09_summary/ppa/all_enabled/asic400_out/VX_cp_core_top_mapped.v, line 1292105 syntax error, unexpected '{', expecting ID.
Error: /home/houdong/vortex/results/exp04_09_summary/ppa/all_enabled/asic400_out/VX_cp_core_top_mapped.v, line 1292109 syntax error, unexpected '{', expecting ID.
Error: /home/houdong/vortex/results/exp04_09_summary/ppa/all_enabled/asic400_out/VX_cp_core_top_mapped.v, line 1292110 syntax error, unexpected '{', expecting ID.
Error: /home/houdong/vortex/results/exp04_09_summary/ppa/all_enabled/asic400_out/VX_cp_core_top_mapped.v, line 1292119 syntax error, unexpected '{', expecting ID.
Error: /home/houdong/vortex/results/exp04_09_summary/ppa/all_enabled/asic400_out/VX_cp_core_top_mapped.v, line 1292120 syntax error, unexpected '{', expecting ID.
Error: /home/houdong/vortex/results/exp04_09_summary/ppa/all_enabled/asic400_out/VX_cp_core_top_mapped.v, line 1292122 syntax error, unexpected '{', expecting ID.
Error: /home/houdong/vortex/results/exp04_09_summary/ppa/all_enabled/asic400_out/VX_cp_core_top_mapped.v, line 1292123 syntax error, unexpected '{', expecting ID.
Error: /home/houdong/vortex/results/exp04_09_summary/ppa/all_enabled/asic400_out/VX_cp_core_top_mapped.v, line 1292124 syntax error, unexpected '{', expecting ID.
Error: /home/houdong/vortex/results/exp04_09_summary/ppa/all_enabled/asic400_out/VX_cp_core_top_mapped.v, line 1292125 syntax error, unexpected '{', expecting ID.
Error: /home/houdong/vortex/results/exp04_09_summary/ppa/all_enabled/asic400_out/VX_cp_core_top_mapped.v, line 1292129 syntax error, unexpected '{', expecting ID.
Error: /home/houdong/vortex/results/exp04_09_summary/ppa/all_enabled/asic400_out/VX_cp_core_top_mapped.v, line 1292130 syntax error, unexpected '{', expecting ID.
Error: /home/houdong/vortex/results/exp04_09_summary/ppa/all_enabled/asic400_out/VX_cp_core_top_mapped.v, line 1292132 syntax error, unexpected '{', expecting ID.
Error: /home/houdong/vortex/results/exp04_09_summary/ppa/all_enabled/asic400_out/VX_cp_core_top_mapped.v, line 1292136 syntax error, unexpected '{', expecting ID.
Error: /home/houdong/vortex/results/exp04_09_summary/ppa/all_enabled/asic400_out/VX_cp_core_top_mapped.v, line 1292137 syntax error, unexpected '{', expecting ID.
Error: /home/houdong/vortex/results/exp04_09_summary/ppa/all_enabled/asic400_out/VX_cp_core_top_mapped.v, line 1292138 syntax error, unexpected '{', expecting ID.
Error: /home/houdong/vortex/results/exp04_09_summary/ppa/all_enabled/asic400_out/VX_cp_core_top_mapped.v, line 1292150 syntax error, unexpected '{', expecting ID.
Error: /home/houdong/vortex/results/exp04_09_summary/ppa/all_enabled/asic400_out/VX_cp_core_top_mapped.v, line 1292152 syntax error, unexpected '{', expecting ID.
Error: /home/houdong/vortex/results/exp04_09_summary/ppa/all_enabled/asic400_out/VX_cp_core_top_mapped.v, line 1292154 syntax error, unexpected '{', expecting ID.
Error: /home/houdong/vortex/results/exp04_09_summary/ppa/all_enabled/asic400_out/VX_cp_core_top_mapped.v, line 1292156 syntax error, unexpected '{', expecting ID.
Error: /home/houdong/vortex/results/exp04_09_summary/ppa/all_enabled/asic400_out/VX_cp_core_top_mapped.v, line 1292158 syntax error, unexpected '{', expecting ID.
Error: /home/houdong/vortex/results/exp04_09_summary/ppa/all_enabled/asic400_out/VX_cp_core_top_mapped.v, line 1292159 syntax error, unexpected '{', expecting ID.
Error: /home/houdong/vortex/results/exp04_09_summary/ppa/all_enabled/asic400_out/VX_cp_core_top_mapped.v, line 1292160 syntax error, unexpected '{', expecting ID.
Error: /home/houdong/vortex/results/exp04_09_summary/ppa/all_enabled/asic400_out/VX_cp_core_top_mapped.v, line 1292161 syntax error, unexpected '{', expecting ID.
Error: /home/houdong/vortex/results/exp04_09_summary/ppa/all_enabled/asic400_out/VX_cp_core_top_mapped.v, line 1292162 syntax error, unexpected '{', expecting ID.
Error: /home/houdong/vortex/results/exp04_09_summary/ppa/all_enabled/asic400_out/VX_cp_core_top_mapped.v, line 1292163 syntax error, unexpected '{', expecting ID.
Error: /home/houdong/vortex/results/exp04_09_summary/ppa/all_enabled/asic400_out/VX_cp_core_top_mapped.v, line 1292164 syntax error, unexpected '{', expecting ID.
Error: /home/houdong/vortex/results/exp04_09_summary/ppa/all_enabled/asic400_out/VX_cp_core_top_mapped.v, line 1292165 syntax error, unexpected '{', expecting ID.
Error: /home/houdong/vortex/results/exp04_09_summary/ppa/all_enabled/asic400_out/VX_cp_core_top_mapped.v, line 1292166 syntax error, unexpected '{', expecting ID.
Error: /home/houdong/vortex/results/exp04_09_summary/ppa/all_enabled/asic400_out/VX_cp_core_top_mapped.v, line 1292167 syntax error, unexpected '{', expecting ID.
Error: /home/houdong/vortex/results/exp04_09_summary/ppa/all_enabled/asic400_out/VX_cp_core_top_mapped.v, line 1292168 syntax error, unexpected '{', expecting ID.
Error: /home/houdong/vortex/results/exp04_09_summary/ppa/all_enabled/asic400_out/VX_cp_core_top_mapped.v, line 1292169 syntax error, unexpected '{', expecting ID.
Error: /home/houdong/vortex/results/exp04_09_summary/ppa/all_enabled/asic400_out/VX_cp_core_top_mapped.v, line 1292170 syntax error, unexpected '{', expecting ID.
Error: /home/houdong/vortex/results/exp04_09_summary/ppa/all_enabled/asic400_out/VX_cp_core_top_mapped.v, line 1292221 syntax error, unexpected '{', expecting ID.
Error: /home/houdong/vortex/results/exp04_09_summary/ppa/all_enabled/asic400_out/VX_cp_core_top_mapped.v, line 1292222 syntax error, unexpected '{', expecting ID.
Error: /home/houdong/vortex/results/exp04_09_summary/ppa/all_enabled/asic400_out/VX_cp_core_top_mapped.v, line 1292223 syntax error, unexpected '{', expecting ID.
Error: /home/houdong/vortex/results/exp04_09_summary/ppa/all_enabled/asic400_out/VX_cp_core_top_mapped.v, line 1292228 syntax error, unexpected '{', expecting ID.
Error: /home/houdong/vortex/results/exp04_09_summary/ppa/all_enabled/asic400_out/VX_cp_core_top_mapped.v, line 1292233 syntax error, unexpected '{', expecting ID.
Error: /home/houdong/vortex/results/exp04_09_summary/ppa/all_enabled/asic400_out/VX_cp_core_top_mapped.v, line 1292235 syntax error, unexpected '{', expecting ID.
Error: /home/houdong/vortex/results/exp04_09_summary/ppa/all_enabled/asic400_out/VX_cp_core_top_mapped.v, line 1292236 syntax error, unexpected '{', expecting ID.
Error: /home/houdong/vortex/results/exp04_09_summary/ppa/all_enabled/asic400_out/VX_cp_core_top_mapped.v, line 1292237 syntax error, unexpected '{', expecting ID.
Error: /home/houdong/vortex/results/exp04_09_summary/ppa/all_enabled/asic400_out/VX_cp_core_top_mapped.v, line 1292238 syntax error, unexpected '{', expecting ID.
Error: /home/houdong/vortex/results/exp04_09_summary/ppa/all_enabled/asic400_out/VX_cp_core_top_mapped.v, line 1292240 syntax error, unexpected '{', expecting ID.
Error: /home/houdong/vortex/results/exp04_09_summary/ppa/all_enabled/asic400_out/VX_cp_core_top_mapped.v, line 1292241 syntax error, unexpected '{', expecting ID.
Error: /home/houdong/vortex/results/exp04_09_summary/ppa/all_enabled/asic400_out/VX_cp_core_top_mapped.v, line 1292242 syntax error, unexpected '{', expecting ID.
Error: /home/houdong/vortex/results/exp04_09_summary/ppa/all_enabled/asic400_out/VX_cp_core_top_mapped.v, line 1292244 syntax error, unexpected '{', expecting ID.
Error: /home/houdong/vortex/results/exp04_09_summary/ppa/all_enabled/asic400_out/VX_cp_core_top_mapped.v, line 1292245 syntax error, unexpected '{', expecting ID.
Error: /home/houdong/vortex/results/exp04_09_summary/ppa/all_enabled/asic400_out/VX_cp_core_top_mapped.v, line 1292246 syntax error, unexpected '{', expecting ID.
Error: /home/houdong/vortex/results/exp04_09_summary/ppa/all_enabled/asic400_out/VX_cp_core_top_mapped.v, line 1292248 syntax error, unexpected '{', expecting ID.
Error: /home/houdong/vortex/results/exp04_09_summary/ppa/all_enabled/asic400_out/VX_cp_core_top_mapped.v, line 1292249 syntax error, unexpected '{', expecting ID.
Error: /home/houdong/vortex/results/exp04_09_summary/ppa/all_enabled/asic400_out/VX_cp_core_top_mapped.v, line 1292250 syntax error, unexpected '{', expecting ID.
Error: /home/houdong/vortex/results/exp04_09_summary/ppa/all_enabled/asic400_out/VX_cp_core_top_mapped.v, line 1292351 syntax error, unexpected '{', expecting ID.
Error: /home/houdong/vortex/results/exp04_09_summary/ppa/all_enabled/asic400_out/VX_cp_core_top_mapped.v, line 1292547 syntax error, unexpected '{', expecting ID.
Error: /home/houdong/vortex/results/exp04_09_summary/ppa/all_enabled/asic400_out/VX_cp_core_top_mapped.v, line 1292549 syntax error, unexpected '{', expecting ID.
Error: /home/houdong/vortex/results/exp04_09_summary/ppa/all_enabled/asic400_out/VX_cp_core_top_mapped.v, line 1292551 syntax error, unexpected '{', expecting ID.
Error: /home/houdong/vortex/results/exp04_09_summary/ppa/all_enabled/asic400_out/VX_cp_core_top_mapped.v, line 1292553 syntax error, unexpected '{', expecting ID.
Error: /home/houdong/vortex/results/exp04_09_summary/ppa/all_enabled/asic400_out/VX_cp_core_top_mapped.v, line 1292555 syntax error, unexpected '{', expecting ID.
Error: /home/houdong/vortex/results/exp04_09_summary/ppa/all_enabled/asic400_out/VX_cp_core_top_mapped.v, line 1292557 syntax error, unexpected '{', expecting ID.
Error: /home/houdong/vortex/results/exp04_09_summary/ppa/all_enabled/asic400_out/VX_cp_core_top_mapped.v, line 1292559 syntax error, unexpected '{', expecting ID.
Error: /home/houdong/vortex/results/exp04_09_summary/ppa/all_enabled/asic400_out/VX_cp_core_top_mapped.v, line 1292561 syntax error, unexpected '{', expecting ID.
Error: /home/houdong/vortex/results/exp04_09_summary/ppa/all_enabled/asic400_out/VX_cp_core_top_mapped.v, line 1293020 syntax error, unexpected '{', expecting ID.
Error: /home/houdong/vortex/results/exp04_09_summary/ppa/all_enabled/asic400_out/VX_cp_core_top_mapped.v, line 1293024 syntax error, unexpected '{', expecting ID.
Error: /home/houdong/vortex/results/exp04_09_summary/ppa/all_enabled/asic400_out/VX_cp_core_top_mapped.v, line 1293048 syntax error, unexpected '{', expecting ID.
Error: /home/houdong/vortex/results/exp04_09_summary/ppa/all_enabled/asic400_out/VX_cp_core_top_mapped.v, line 1293049 syntax error, unexpected '{', expecting ID.
Error: /home/houdong/vortex/results/exp04_09_summary/ppa/all_enabled/asic400_out/VX_cp_core_top_mapped.v, line 1293073 syntax error, unexpected '{', expecting ID.
Error: /home/houdong/vortex/results/exp04_09_summary/ppa/all_enabled/asic400_out/VX_cp_core_top_mapped.v, line 1293074 syntax error, unexpected '{', expecting ID.
Error: /home/houdong/vortex/results/exp04_09_summary/ppa/all_enabled/asic400_out/VX_cp_core_top_mapped.v, line 1293098 syntax error, unexpected '{', expecting ID.
Error: /home/houdong/vortex/results/exp04_09_summary/ppa/all_enabled/asic400_out/VX_cp_core_top_mapped.v, line 1293099 syntax error, unexpected '{', expecting ID.
Error: /home/houdong/vortex/results/exp04_09_summary/ppa/all_enabled/asic400_out/VX_cp_core_top_mapped.v, line 1293110 syntax error, unexpected '{', expecting ID.
Error: /home/houdong/vortex/results/exp04_09_summary/ppa/all_enabled/asic400_out/VX_cp_core_top_mapped.v, line 1293250 syntax error, unexpected '{', expecting ID.
Error: /home/houdong/vortex/results/exp04_09_summary/ppa/all_enabled/asic400_out/VX_cp_core_top_mapped.v, line 1391090 syntax error, unexpected '{', expecting ID.
Error: /home/houdong/vortex/results/exp04_09_summary/ppa/all_enabled/asic400_out/VX_cp_core_top_mapped.v, line 1391675 syntax error, unexpected '{', expecting ID.
Error: /home/houdong/vortex/results/exp04_09_summary/ppa/all_enabled/asic400_out/VX_cp_core_top_mapped.v, line 1432634 syntax error, unexpected '{', expecting ID.
Error: /home/houdong/vortex/results/exp04_09_summary/ppa/all_enabled/asic400_out/VX_cp_core_top_mapped.v, line 1432636 syntax error, unexpected '{', expecting ID.
Error: /home/houdong/vortex/results/exp04_09_summary/ppa/all_enabled/asic400_out/VX_cp_core_top_mapped.v, line 1432637 syntax error, unexpected '{', expecting ID.
Error: /home/houdong/vortex/results/exp04_09_summary/ppa/all_enabled/asic400_out/VX_cp_core_top_mapped.v, line 1432638 syntax error, unexpected '{', expecting ID.
Error: /home/houdong/vortex/results/exp04_09_summary/ppa/all_enabled/asic400_out/VX_cp_core_top_mapped.v, line 1432639 syntax error, unexpected '{', expecting ID.
Error: /home/houdong/vortex/results/exp04_09_summary/ppa/all_enabled/asic400_out/VX_cp_core_top_mapped.v, line 1432640 syntax error, unexpected '{', expecting ID.
Error: /home/houdong/vortex/results/exp04_09_summary/ppa/all_enabled/asic400_out/VX_cp_core_top_mapped.v, line 1432641 syntax error, unexpected '{', expecting ID.
Error: /home/houdong/vortex/results/exp04_09_summary/ppa/all_enabled/asic400_out/VX_cp_core_top_mapped.v, line 1432642 syntax error, unexpected '{', expecting ID.
Error: /home/houdong/vortex/results/exp04_09_summary/ppa/all_enabled/asic400_out/VX_cp_core_top_mapped.v, line 1432643 syntax error, unexpected '{', expecting ID.
Error: /home/houdong/vortex/results/exp04_09_summary/ppa/all_enabled/asic400_out/VX_cp_core_top_mapped.v, line 1432646 syntax error, unexpected '{', expecting ID.
Error: /home/houdong/vortex/results/exp04_09_summary/ppa/all_enabled/asic400_out/VX_cp_core_top_mapped.v, line 1432649 syntax error, unexpected '{', expecting ID.
Error: /home/houdong/vortex/results/exp04_09_summary/ppa/all_enabled/asic400_out/VX_cp_core_top_mapped.v, line 1432652 syntax error, unexpected '{', expecting ID.
Error: /home/houdong/vortex/results/exp04_09_summary/ppa/all_enabled/asic400_out/VX_cp_core_top_mapped.v, line 1432655 syntax error, unexpected '{', expecting ID.
Error: /home/houdong/vortex/results/exp04_09_summary/ppa/all_enabled/asic400_out/VX_cp_core_top_mapped.v, line 1432658 syntax error, unexpected '{', expecting ID.
Error: /home/houdong/vortex/results/exp04_09_summary/ppa/all_enabled/asic400_out/VX_cp_core_top_mapped.v, line 1432661 syntax error, unexpected '{', expecting ID.
Error: /home/houdong/vortex/results/exp04_09_summary/ppa/all_enabled/asic400_out/VX_cp_core_top_mapped.v, line 1432664 syntax error, unexpected '{', expecting ID.
Error: /home/houdong/vortex/results/exp04_09_summary/ppa/all_enabled/asic400_out/VX_cp_core_top_mapped.v, line 1432665 syntax error, unexpected '{', expecting ID.
Error: /home/houdong/vortex/results/exp04_09_summary/ppa/all_enabled/asic400_out/VX_cp_core_top_mapped.v, line 1432666 syntax error, unexpected '{', expecting ID.
Error: /home/houdong/vortex/results/exp04_09_summary/ppa/all_enabled/asic400_out/VX_cp_core_top_mapped.v, line 1432667 syntax error, unexpected '{', expecting ID.
Error: /home/houdong/vortex/results/exp04_09_summary/ppa/all_enabled/asic400_out/VX_cp_core_top_mapped.v, line 1432668 syntax error, unexpected '{', expecting ID.
Error: /home/houdong/vortex/results/exp04_09_summary/ppa/all_enabled/asic400_out/VX_cp_core_top_mapped.v, line 1432669 syntax error, unexpected '{', expecting ID.
Error: /home/houdong/vortex/results/exp04_09_summary/ppa/all_enabled/asic400_out/VX_cp_core_top_mapped.v, line 1432670 syntax error, unexpected '{', expecting ID.
Error: /home/houdong/vortex/results/exp04_09_summary/ppa/all_enabled/asic400_out/VX_cp_core_top_mapped.v, line 1432671 syntax error, unexpected '{', expecting ID.
Error: /home/houdong/vortex/results/exp04_09_summary/ppa/all_enabled/asic400_out/VX_cp_core_top_mapped.v, line 1432672 syntax error, unexpected '{', expecting ID.
Error: /home/houdong/vortex/results/exp04_09_summary/ppa/all_enabled/asic400_out/VX_cp_core_top_mapped.v, line 1432673 syntax error, unexpected '{', expecting ID.
Error: /home/houdong/vortex/results/exp04_09_summary/ppa/all_enabled/asic400_out/VX_cp_core_top_mapped.v, line 1432674 syntax error, unexpected '{', expecting ID.
Error: /home/houdong/vortex/results/exp04_09_summary/ppa/all_enabled/asic400_out/VX_cp_core_top_mapped.v, line 1432675 syntax error, unexpected '{', expecting ID.
Error: /home/houdong/vortex/results/exp04_09_summary/ppa/all_enabled/asic400_out/VX_cp_core_top_mapped.v, line 1432676 syntax error, unexpected '{', expecting ID.
Error: /home/houdong/vortex/results/exp04_09_summary/ppa/all_enabled/asic400_out/VX_cp_core_top_mapped.v, line 1432677 syntax error, unexpected '{', expecting ID.
Error: /home/houdong/vortex/results/exp04_09_summary/ppa/all_enabled/asic400_out/VX_cp_core_top_mapped.v, line 1432678 syntax error, unexpected '{', expecting ID.
Error: /home/houdong/vortex/results/exp04_09_summary/ppa/all_enabled/asic400_out/VX_cp_core_top_mapped.v, line 1432679 syntax error, unexpected '{', expecting ID.
Error: /home/houdong/vortex/results/exp04_09_summary/ppa/all_enabled/asic400_out/VX_cp_core_top_mapped.v, line 1432680 syntax error, unexpected '{', expecting ID.
Error: /home/houdong/vortex/results/exp04_09_summary/ppa/all_enabled/asic400_out/VX_cp_core_top_mapped.v, line 1432681 syntax error, unexpected '{', expecting ID.
Error: /home/houdong/vortex/results/exp04_09_summary/ppa/all_enabled/asic400_out/VX_cp_core_top_mapped.v, line 1432682 syntax error, unexpected '{', expecting ID.
Error: /home/houdong/vortex/results/exp04_09_summary/ppa/all_enabled/asic400_out/VX_cp_core_top_mapped.v, line 1432683 syntax error, unexpected '{', expecting ID.
Error: /home/houdong/vortex/results/exp04_09_summary/ppa/all_enabled/asic400_out/VX_cp_core_top_mapped.v, line 1432684 syntax error, unexpected '{', expecting ID.
Error: /home/houdong/vortex/results/exp04_09_summary/ppa/all_enabled/asic400_out/VX_cp_core_top_mapped.v, line 1432685 syntax error, unexpected '{', expecting ID.
Error: /home/houdong/vortex/results/exp04_09_summary/ppa/all_enabled/asic400_out/VX_cp_core_top_mapped.v, line 1432686 syntax error, unexpected '{', expecting ID.
Error: /home/houdong/vortex/results/exp04_09_summary/ppa/all_enabled/asic400_out/VX_cp_core_top_mapped.v, line 1432687 syntax error, unexpected '{', expecting ID.
Error: /home/houdong/vortex/results/exp04_09_summary/ppa/all_enabled/asic400_out/VX_cp_core_top_mapped.v, line 1432688 syntax error, unexpected '{', expecting ID.
Error: /home/houdong/vortex/results/exp04_09_summary/ppa/all_enabled/asic400_out/VX_cp_core_top_mapped.v, line 1432689 syntax error, unexpected '{', expecting ID.
Error: /home/houdong/vortex/results/exp04_09_summary/ppa/all_enabled/asic400_out/VX_cp_core_top_mapped.v, line 1432690 syntax error, unexpected '{', expecting ID.
Error: /home/houdong/vortex/results/exp04_09_summary/ppa/all_enabled/asic400_out/VX_cp_core_top_mapped.v, line 1432691 syntax error, unexpected '{', expecting ID.
Error: /home/houdong/vortex/results/exp04_09_summary/ppa/all_enabled/asic400_out/VX_cp_core_top_mapped.v, line 1432692 syntax error, unexpected '{', expecting ID.
Error: /home/houdong/vortex/results/exp04_09_summary/ppa/all_enabled/asic400_out/VX_cp_core_top_mapped.v, line 1432693 syntax error, unexpected '{', expecting ID.
Error: /home/houdong/vortex/results/exp04_09_summary/ppa/all_enabled/asic400_out/VX_cp_core_top_mapped.v, line 1432694 syntax error, unexpected '{', expecting ID.
Error: /home/houdong/vortex/results/exp04_09_summary/ppa/all_enabled/asic400_out/VX_cp_core_top_mapped.v, line 1432695 syntax error, unexpected '{', expecting ID.
Error: /home/houdong/vortex/results/exp04_09_summary/ppa/all_enabled/asic400_out/VX_cp_core_top_mapped.v, line 1432696 syntax error, unexpected '{', expecting ID.
Error: /home/houdong/vortex/results/exp04_09_summary/ppa/all_enabled/asic400_out/VX_cp_core_top_mapped.v, line 1432697 syntax error, unexpected '{', expecting ID.
Error: /home/houdong/vortex/results/exp04_09_summary/ppa/all_enabled/asic400_out/VX_cp_core_top_mapped.v, line 1432698 syntax error, unexpected '{', expecting ID.
Error: /home/houdong/vortex/results/exp04_09_summary/ppa/all_enabled/asic400_out/VX_cp_core_top_mapped.v, line 1432699 syntax error, unexpected '{', expecting ID.
Error: /home/houdong/vortex/results/exp04_09_summary/ppa/all_enabled/asic400_out/VX_cp_core_top_mapped.v, line 1432700 syntax error, unexpected '{', expecting ID.
Error: /home/houdong/vortex/results/exp04_09_summary/ppa/all_enabled/asic400_out/VX_cp_core_top_mapped.v, line 1432701 syntax error, unexpected '{', expecting ID.
Error: /home/houdong/vortex/results/exp04_09_summary/ppa/all_enabled/asic400_out/VX_cp_core_top_mapped.v, line 1432702 syntax error, unexpected '{', expecting ID.
Error: /home/houdong/vortex/results/exp04_09_summary/ppa/all_enabled/asic400_out/VX_cp_core_top_mapped.v, line 1432703 syntax error, unexpected '{', expecting ID.
Error: /home/houdong/vortex/results/exp04_09_summary/ppa/all_enabled/asic400_out/VX_cp_core_top_mapped.v, line 1432704 syntax error, unexpected '{', expecting ID.
Error: /home/houdong/vortex/results/exp04_09_summary/ppa/all_enabled/asic400_out/VX_cp_core_top_mapped.v, line 1432705 syntax error, unexpected '{', expecting ID.
Error: /home/houdong/vortex/results/exp04_09_summary/ppa/all_enabled/asic400_out/VX_cp_core_top_mapped.v, line 1432706 syntax error, unexpected '{', expecting ID.
Error: /home/houdong/vortex/results/exp04_09_summary/ppa/all_enabled/asic400_out/VX_cp_core_top_mapped.v, line 1432707 syntax error, unexpected '{', expecting ID.
Error: /home/houdong/vortex/results/exp04_09_summary/ppa/all_enabled/asic400_out/VX_cp_core_top_mapped.v, line 1432708 syntax error, unexpected '{', expecting ID.
Error: /home/houdong/vortex/results/exp04_09_summary/ppa/all_enabled/asic400_out/VX_cp_core_top_mapped.v, line 1432709 syntax error, unexpected '{', expecting ID.
Error: /home/houdong/vortex/results/exp04_09_summary/ppa/all_enabled/asic400_out/VX_cp_core_top_mapped.v, line 1432710 syntax error, unexpected '{', expecting ID.
Error: /home/houdong/vortex/results/exp04_09_summary/ppa/all_enabled/asic400_out/VX_cp_core_top_mapped.v, line 1432711 syntax error, unexpected '{', expecting ID.
Error: /home/houdong/vortex/results/exp04_09_summary/ppa/all_enabled/asic400_out/VX_cp_core_top_mapped.v, line 1432712 syntax error, unexpected '{', expecting ID.
Error: /home/houdong/vortex/results/exp04_09_summary/ppa/all_enabled/asic400_out/VX_cp_core_top_mapped.v, line 1432713 syntax error, unexpected '{', expecting ID.
Error: /home/houdong/vortex/results/exp04_09_summary/ppa/all_enabled/asic400_out/VX_cp_core_top_mapped.v, line 1432714 syntax error, unexpected '{', expecting ID.
Error: /home/houdong/vortex/results/exp04_09_summary/ppa/all_enabled/asic400_out/VX_cp_core_top_mapped.v, line 1432715 syntax error, unexpected '{', expecting ID.
Error: /home/houdong/vortex/results/exp04_09_summary/ppa/all_enabled/asic400_out/VX_cp_core_top_mapped.v, line 1432716 syntax error, unexpected '{', expecting ID.
Error: /home/houdong/vortex/results/exp04_09_summary/ppa/all_enabled/asic400_out/VX_cp_core_top_mapped.v, line 1432717 syntax error, unexpected '{', expecting ID.
Error: /home/houdong/vortex/results/exp04_09_summary/ppa/all_enabled/asic400_out/VX_cp_core_top_mapped.v, line 1432718 syntax error, unexpected '{', expecting ID.
Error: /home/houdong/vortex/results/exp04_09_summary/ppa/all_enabled/asic400_out/VX_cp_core_top_mapped.v, line 1432719 syntax error, unexpected '{', expecting ID.
Error: /home/houdong/vortex/results/exp04_09_summary/ppa/all_enabled/asic400_out/VX_cp_core_top_mapped.v, line 1432720 syntax error, unexpected '{', expecting ID.
Error: /home/houdong/vortex/results/exp04_09_summary/ppa/all_enabled/asic400_out/VX_cp_core_top_mapped.v, line 1432721 syntax error, unexpected '{', expecting ID.
Error: /home/houdong/vortex/results/exp04_09_summary/ppa/all_enabled/asic400_out/VX_cp_core_top_mapped.v, line 1432722 syntax error, unexpected '{', expecting ID.
Error: /home/houdong/vortex/results/exp04_09_summary/ppa/all_enabled/asic400_out/VX_cp_core_top_mapped.v, line 1432723 syntax error, unexpected '{', expecting ID.
Error: /home/houdong/vortex/results/exp04_09_summary/ppa/all_enabled/asic400_out/VX_cp_core_top_mapped.v, line 1432724 syntax error, unexpected '{', expecting ID.
Error: /home/houdong/vortex/results/exp04_09_summary/ppa/all_enabled/asic400_out/VX_cp_core_top_mapped.v, line 1432725 syntax error, unexpected '{', expecting ID.
Error: /home/houdong/vortex/results/exp04_09_summary/ppa/all_enabled/asic400_out/VX_cp_core_top_mapped.v, line 1432726 syntax error, unexpected '{', expecting ID.
Error: /home/houdong/vortex/results/exp04_09_summary/ppa/all_enabled/asic400_out/VX_cp_core_top_mapped.v, line 1432727 syntax error, unexpected '{', expecting ID.
Error: /home/houdong/vortex/results/exp04_09_summary/ppa/all_enabled/asic400_out/VX_cp_core_top_mapped.v, line 1432728 syntax error, unexpected '{', expecting ID.
Error: /home/houdong/vortex/results/exp04_09_summary/ppa/all_enabled/asic400_out/VX_cp_core_top_mapped.v, line 1432729 syntax error, unexpected '{', expecting ID.
Error: /home/houdong/vortex/results/exp04_09_summary/ppa/all_enabled/asic400_out/VX_cp_core_top_mapped.v, line 1432730 syntax error, unexpected '{', expecting ID.
Error: /home/houdong/vortex/results/exp04_09_summary/ppa/all_enabled/asic400_out/VX_cp_core_top_mapped.v, line 1432731 syntax error, unexpected '{', expecting ID.
Error: /home/houdong/vortex/results/exp04_09_summary/ppa/all_enabled/asic400_out/VX_cp_core_top_mapped.v, line 1432732 syntax error, unexpected '{', expecting ID.
Error: /home/houdong/vortex/results/exp04_09_summary/ppa/all_enabled/asic400_out/VX_cp_core_top_mapped.v, line 1432733 syntax error, unexpected '{', expecting ID.
Error: /home/houdong/vortex/results/exp04_09_summary/ppa/all_enabled/asic400_out/VX_cp_core_top_mapped.v, line 1432734 syntax error, unexpected '{', expecting ID.
Error: /home/houdong/vortex/results/exp04_09_summary/ppa/all_enabled/asic400_out/VX_cp_core_top_mapped.v, line 1432735 syntax error, unexpected '{', expecting ID.
Error: /home/houdong/vortex/results/exp04_09_summary/ppa/all_enabled/asic400_out/VX_cp_core_top_mapped.v, line 1432736 syntax error, unexpected '{', expecting ID.
Error: /home/houdong/vortex/results/exp04_09_summary/ppa/all_enabled/asic400_out/VX_cp_core_top_mapped.v, line 1432737 syntax error, unexpected '{', expecting ID.
Error: /home/houdong/vortex/results/exp04_09_summary/ppa/all_enabled/asic400_out/VX_cp_core_top_mapped.v, line 1432739 syntax error, unexpected '{', expecting ID.
Error: /home/houdong/vortex/results/exp04_09_summary/ppa/all_enabled/asic400_out/VX_cp_core_top_mapped.v, line 1432740 syntax error, unexpected '{', expecting ID.
Error: /home/houdong/vortex/results/exp04_09_summary/ppa/all_enabled/asic400_out/VX_cp_core_top_mapped.v, line 1432741 syntax error, unexpected '{', expecting ID.
Error: /home/houdong/vortex/results/exp04_09_summary/ppa/all_enabled/asic400_out/VX_cp_core_top_mapped.v, line 1432742 syntax error, unexpected '{', expecting ID.
Error: /home/houdong/vortex/results/exp04_09_summary/ppa/all_enabled/asic400_out/VX_cp_core_top_mapped.v, line 1432744 syntax error, unexpected '{', expecting ID.
Error: /home/houdong/vortex/results/exp04_09_summary/ppa/all_enabled/asic400_out/VX_cp_core_top_mapped.v, line 1432746 syntax error, unexpected '{', expecting ID.
Error: /home/houdong/vortex/results/exp04_09_summary/ppa/all_enabled/asic400_out/VX_cp_core_top_mapped.v, line 1432748 syntax error, unexpected '{', expecting ID.
Error: /home/houdong/vortex/results/exp04_09_summary/ppa/all_enabled/asic400_out/VX_cp_core_top_mapped.v, line 1432750 syntax error, unexpected '{', expecting ID.
Error: /home/houdong/vortex/results/exp04_09_summary/ppa/all_enabled/asic400_out/VX_cp_core_top_mapped.v, line 1432751 syntax error, unexpected '{', expecting ID.
Error: /home/houdong/vortex/results/exp04_09_summary/ppa/all_enabled/asic400_out/VX_cp_core_top_mapped.v, line 1432753 syntax error, unexpected '{', expecting ID.
Error: /home/houdong/vortex/results/exp04_09_summary/ppa/all_enabled/asic400_out/VX_cp_core_top_mapped.v, line 1432754 syntax error, unexpected '{', expecting ID.
Error: /home/houdong/vortex/results/exp04_09_summary/ppa/all_enabled/asic400_out/VX_cp_core_top_mapped.v, line 1432756 syntax error, unexpected '{', expecting ID.
Error: /home/houdong/vortex/results/exp04_09_summary/ppa/all_enabled/asic400_out/VX_cp_core_top_mapped.v, line 1432758 syntax error, unexpected '{', expecting ID.
Error: /home/houdong/vortex/results/exp04_09_summary/ppa/all_enabled/asic400_out/VX_cp_core_top_mapped.v, line 1432759 syntax error, unexpected '{', expecting ID.
Error: /home/houdong/vortex/results/exp04_09_summary/ppa/all_enabled/asic400_out/VX_cp_core_top_mapped.v, line 1432761 syntax error, unexpected '{', expecting ID.
Error: /home/houdong/vortex/results/exp04_09_summary/ppa/all_enabled/asic400_out/VX_cp_core_top_mapped.v, line 1432763 syntax error, unexpected '{', expecting ID.
Error: /home/houdong/vortex/results/exp04_09_summary/ppa/all_enabled/asic400_out/VX_cp_core_top_mapped.v, line 1432765 syntax error, unexpected '{', expecting ID.
Error: /home/houdong/vortex/results/exp04_09_summary/ppa/all_enabled/asic400_out/VX_cp_core_top_mapped.v, line 1432767 syntax error, unexpected '{', expecting ID.
Error: /home/houdong/vortex/results/exp04_09_summary/ppa/all_enabled/asic400_out/VX_cp_core_top_mapped.v, line 1432769 syntax error, unexpected '{', expecting ID.
Error: /home/houdong/vortex/results/exp04_09_summary/ppa/all_enabled/asic400_out/VX_cp_core_top_mapped.v, line 1432770 syntax error, unexpected '{', expecting ID.
Error: /home/houdong/vortex/results/exp04_09_summary/ppa/all_enabled/asic400_out/VX_cp_core_top_mapped.v, line 1432772 syntax error, unexpected '{', expecting ID.
Error: /home/houdong/vortex/results/exp04_09_summary/ppa/all_enabled/asic400_out/VX_cp_core_top_mapped.v, line 1432774 syntax error, unexpected '{', expecting ID.
Error: /home/houdong/vortex/results/exp04_09_summary/ppa/all_enabled/asic400_out/VX_cp_core_top_mapped.v, line 1432776 syntax error, unexpected '{', expecting ID.
Error: /home/houdong/vortex/results/exp04_09_summary/ppa/all_enabled/asic400_out/VX_cp_core_top_mapped.v, line 1432778 syntax error, unexpected '{', expecting ID.
Error: /home/houdong/vortex/results/exp04_09_summary/ppa/all_enabled/asic400_out/VX_cp_core_top_mapped.v, line 1432780 syntax error, unexpected '{', expecting ID.
Error: /home/houdong/vortex/results/exp04_09_summary/ppa/all_enabled/asic400_out/VX_cp_core_top_mapped.v, line 1432783 syntax error, unexpected '{', expecting ID.
Error: /home/houdong/vortex/results/exp04_09_summary/ppa/all_enabled/asic400_out/VX_cp_core_top_mapped.v, line 1432784 syntax error, unexpected '{', expecting ID.
Error: /home/houdong/vortex/results/exp04_09_summary/ppa/all_enabled/asic400_out/VX_cp_core_top_mapped.v, line 1432785 syntax error, unexpected '{', expecting ID.
Error: /home/houdong/vortex/results/exp04_09_summary/ppa/all_enabled/asic400_out/VX_cp_core_top_mapped.v, line 1432786 syntax error, unexpected '{', expecting ID.
Error: /home/houdong/vortex/results/exp04_09_summary/ppa/all_enabled/asic400_out/VX_cp_core_top_mapped.v, line 1432787 syntax error, unexpected '{', expecting ID.
Error: /home/houdong/vortex/results/exp04_09_summary/ppa/all_enabled/asic400_out/VX_cp_core_top_mapped.v, line 1432788 syntax error, unexpected '{', expecting ID.
Error: /home/houdong/vortex/results/exp04_09_summary/ppa/all_enabled/asic400_out/VX_cp_core_top_mapped.v, line 1432789 syntax error, unexpected '{', expecting ID.
Error: /home/houdong/vortex/results/exp04_09_summary/ppa/all_enabled/asic400_out/VX_cp_core_top_mapped.v, line 1432790 syntax error, unexpected '{', expecting ID.
Error: /home/houdong/vortex/results/exp04_09_summary/ppa/all_enabled/asic400_out/VX_cp_core_top_mapped.v, line 1432792 syntax error, unexpected '{', expecting ID.
Error: /home/houdong/vortex/results/exp04_09_summary/ppa/all_enabled/asic400_out/VX_cp_core_top_mapped.v, line 1432794 syntax error, unexpected '{', expecting ID.
Error: /home/houdong/vortex/results/exp04_09_summary/ppa/all_enabled/asic400_out/VX_cp_core_top_mapped.v, line 1432796 syntax error, unexpected '{', expecting ID.
Error: /home/houdong/vortex/results/exp04_09_summary/ppa/all_enabled/asic400_out/VX_cp_core_top_mapped.v, line 1432797 syntax error, unexpected '{', expecting ID.
Error: /home/houdong/vortex/results/exp04_09_summary/ppa/all_enabled/asic400_out/VX_cp_core_top_mapped.v, line 1432805 syntax error, unexpected '{', expecting ID.
Error: /home/houdong/vortex/results/exp04_09_summary/ppa/all_enabled/asic400_out/VX_cp_core_top_mapped.v, line 1432813 syntax error, unexpected '{', expecting ID.
Error: /home/houdong/vortex/results/exp04_09_summary/ppa/all_enabled/asic400_out/VX_cp_core_top_mapped.v, line 1432820 syntax error, unexpected '{', expecting ID.
Error: /home/houdong/vortex/results/exp04_09_summary/ppa/all_enabled/asic400_out/VX_cp_core_top_mapped.v, line 1432827 syntax error, unexpected '{', expecting ID.
Error: /home/houdong/vortex/results/exp04_09_summary/ppa/all_enabled/asic400_out/VX_cp_core_top_mapped.v, line 1432834 syntax error, unexpected '{', expecting ID.
Error: /home/houdong/vortex/results/exp04_09_summary/ppa/all_enabled/asic400_out/VX_cp_core_top_mapped.v, line 1432841 syntax error, unexpected '{', expecting ID.
Error: /home/houdong/vortex/results/exp04_09_summary/ppa/all_enabled/asic400_out/VX_cp_core_top_mapped.v, line 1432848 syntax error, unexpected '{', expecting ID.
Error: /home/houdong/vortex/results/exp04_09_summary/ppa/all_enabled/asic400_out/VX_cp_core_top_mapped.v, line 1432855 syntax error, unexpected '{', expecting ID.
Error: /home/houdong/vortex/results/exp04_09_summary/ppa/all_enabled/asic400_out/VX_cp_core_top_mapped.v, line 1432862 syntax error, unexpected '{', expecting ID.
Error: /home/houdong/vortex/results/exp04_09_summary/ppa/all_enabled/asic400_out/VX_cp_core_top_mapped.v, line 1432869 syntax error, unexpected '{', expecting ID.
Error: /home/houdong/vortex/results/exp04_09_summary/ppa/all_enabled/asic400_out/VX_cp_core_top_mapped.v, line 1432876 syntax error, unexpected '{', expecting ID.
Error: /home/houdong/vortex/results/exp04_09_summary/ppa/all_enabled/asic400_out/VX_cp_core_top_mapped.v, line 1432883 syntax error, unexpected '{', expecting ID.
Error: /home/houdong/vortex/results/exp04_09_summary/ppa/all_enabled/asic400_out/VX_cp_core_top_mapped.v, line 1432890 syntax error, unexpected '{', expecting ID.
Error: /home/houdong/vortex/results/exp04_09_summary/ppa/all_enabled/asic400_out/VX_cp_core_top_mapped.v, line 1432897 syntax error, unexpected '{', expecting ID.
Error: /home/houdong/vortex/results/exp04_09_summary/ppa/all_enabled/asic400_out/VX_cp_core_top_mapped.v, line 1432904 syntax error, unexpected '{', expecting ID.
Error: /home/houdong/vortex/results/exp04_09_summary/ppa/all_enabled/asic400_out/VX_cp_core_top_mapped.v, line 1432911 syntax error, unexpected '{', expecting ID.
Error: /home/houdong/vortex/results/exp04_09_summary/ppa/all_enabled/asic400_out/VX_cp_core_top_mapped.v, line 1432918 syntax error, unexpected '{', expecting ID.
Error: /home/houdong/vortex/results/exp04_09_summary/ppa/all_enabled/asic400_out/VX_cp_core_top_mapped.v, line 1432925 syntax error, unexpected '{', expecting ID.
Error: /home/houdong/vortex/results/exp04_09_summary/ppa/all_enabled/asic400_out/VX_cp_core_top_mapped.v, line 1432932 syntax error, unexpected '{', expecting ID.
Error: /home/houdong/vortex/results/exp04_09_summary/ppa/all_enabled/asic400_out/VX_cp_core_top_mapped.v, line 1432939 syntax error, unexpected '{', expecting ID.
Error: /home/houdong/vortex/results/exp04_09_summary/ppa/all_enabled/asic400_out/VX_cp_core_top_mapped.v, line 1432946 syntax error, unexpected '{', expecting ID.
Error: /home/houdong/vortex/results/exp04_09_summary/ppa/all_enabled/asic400_out/VX_cp_core_top_mapped.v, line 1432953 syntax error, unexpected '{', expecting ID.
Error: /home/houdong/vortex/results/exp04_09_summary/ppa/all_enabled/asic400_out/VX_cp_core_top_mapped.v, line 1432960 syntax error, unexpected '{', expecting ID.
Error: /home/houdong/vortex/results/exp04_09_summary/ppa/all_enabled/asic400_out/VX_cp_core_top_mapped.v, line 1432967 syntax error, unexpected '{', expecting ID.
Error: /home/houdong/vortex/results/exp04_09_summary/ppa/all_enabled/asic400_out/VX_cp_core_top_mapped.v, line 1432974 syntax error, unexpected '{', expecting ID.
Error: /home/houdong/vortex/results/exp04_09_summary/ppa/all_enabled/asic400_out/VX_cp_core_top_mapped.v, line 1432981 syntax error, unexpected '{', expecting ID.
Error: /home/houdong/vortex/results/exp04_09_summary/ppa/all_enabled/asic400_out/VX_cp_core_top_mapped.v, line 1432988 syntax error, unexpected '{', expecting ID.
Error: /home/houdong/vortex/results/exp04_09_summary/ppa/all_enabled/asic400_out/VX_cp_core_top_mapped.v, line 1432995 syntax error, unexpected '{', expecting ID.
Error: /home/houdong/vortex/results/exp04_09_summary/ppa/all_enabled/asic400_out/VX_cp_core_top_mapped.v, line 1433002 syntax error, unexpected '{', expecting ID.
Error: /home/houdong/vortex/results/exp04_09_summary/ppa/all_enabled/asic400_out/VX_cp_core_top_mapped.v, line 1433009 syntax error, unexpected '{', expecting ID.
Error: /home/houdong/vortex/results/exp04_09_summary/ppa/all_enabled/asic400_out/VX_cp_core_top_mapped.v, line 1433016 syntax error, unexpected '{', expecting ID.
Error: /home/houdong/vortex/results/exp04_09_summary/ppa/all_enabled/asic400_out/VX_cp_core_top_mapped.v, line 1433023 syntax error, unexpected '{', expecting ID.
Error: /home/houdong/vortex/results/exp04_09_summary/ppa/all_enabled/asic400_out/VX_cp_core_top_mapped.v, line 1433030 syntax error, unexpected '{', expecting ID.
Error: /home/houdong/vortex/results/exp04_09_summary/ppa/all_enabled/asic400_out/VX_cp_core_top_mapped.v, line 1433037 syntax error, unexpected '{', expecting ID.
Error: /home/houdong/vortex/results/exp04_09_summary/ppa/all_enabled/asic400_out/VX_cp_core_top_mapped.v, line 1433044 syntax error, unexpected '{', expecting ID.
Error: /home/houdong/vortex/results/exp04_09_summary/ppa/all_enabled/asic400_out/VX_cp_core_top_mapped.v, line 1433051 syntax error, unexpected '{', expecting ID.
Error: /home/houdong/vortex/results/exp04_09_summary/ppa/all_enabled/asic400_out/VX_cp_core_top_mapped.v, line 1433098 syntax error, unexpected '{', expecting ID.
link_design VX_cp_core_top
read_sdc /tmp/cp_core_400mhz.sdc
INFO: Using clock port: clk
INFO: Found reset ports: _a0d0ca27cf600000_p_Port
Error: run_sta.tcl, 70 invalid command name "report_units"
Clock                   Period          Waveform
----------------------------------------------------
clk                       2.50        0.00      1.25
ext_clk                   2.50        0.00      1.25
wns -11692.52
tns -24201988.00
Startpoint: _367244_ (rising edge-triggered flip-flop clocked by clk)
Endpoint: u_dut.u_slice_host.impl/w_slice/genblk1.g_full_bw.stream_buffer/_8005_
          (rising edge-triggered flip-flop clocked by clk)
Path Group: clk
Path Type: max

   Delay     Time   Description
-----------------------------------------------------------
   0.000    0.000   clock clk (rise edge)
   0.000    0.000   clock network delay (ideal)
   0.000    0.000 ^ _367244_/CK (DFF_X1)
 123.802  123.802 ^ _367244_/Q (DFF_X1)
10316.042 10439.845 v _260726_/ZN (INV_X1)
1229.371 11669.216 ^ _354226_/ZN (AOI211_X1)
   8.011 11677.227 v _354229_/ZN (OAI221_X1)
  16.586 11693.812 ^ _354230_/ZN (NAND3_X1)
   0.262 11694.074 v _354251_/ZN (AOI22_X1)
   0.457 11694.530 ^ u_dut.u_xbar_host.impl/g_single_output.arb/_14983_/ZN (OAI21_X1)
   0.097 11694.628 v u_dut.u_xbar_host.impl/g_single_output.arb/_14984_/ZN (OAI22_X1)
   0.207 11694.835 v u_dut.u_slice_host.impl/w_slice/genblk1.g_full_bw.stream_buffer/_6736_/Z (MUX2_X1)
   0.078 11694.913 v u_dut.u_slice_host.impl/w_slice/genblk1.g_full_bw.stream_buffer/_6737_/Z (MUX2_X1)
   0.000 11694.913 v u_dut.u_slice_host.impl/w_slice/genblk1.g_full_bw.stream_buffer/_8005_/D (DFF_X1)
         11694.913   data arrival time

   2.500    2.500   clock clk (rise edge)
   0.000    2.500   clock network delay (ideal)
  -0.050    2.450   clock uncertainty
   0.000    2.450   clock reconvergence pessimism
            2.450 ^ u_dut.u_slice_host.impl/w_slice/genblk1.g_full_bw.stream_buffer/_8005_/CK (DFF_X1)
  -0.060    2.390   library setup time
            2.390   data required time
-----------------------------------------------------------
            2.390   data required time
         -11694.913   data arrival time
-----------------------------------------------------------
         -11692.524   slack (VIOLATED)


Startpoint: _375325_ (rising edge-triggered flip-flop clocked by clk)
Endpoint: dbg_cmd_valid (output port clocked by ext_clk)
Path Group: ext_clk
Path Type: max

   Delay     Time   Description
-----------------------------------------------------------
   0.000    0.000   clock clk (rise edge)
   0.000    0.000   clock network delay (ideal)
   0.000    0.000 ^ _375325_/CK (DFF_X1)
   3.201    3.201 ^ _375325_/Q (DFF_X1)
   9.000   12.201 v u_dut.g_cpe[0].u_fetch.u_unpack/_07787_/Z (XOR2_X1)
   0.805   13.006 ^ u_dut.g_cpe[0].u_fetch.u_unpack/_07846_/ZN (AOI222_X1)
   0.016   13.022 v u_dut.g_cpe[0].u_fetch.u_unpack/_07847_/ZN (NAND2_X1)
   0.087   13.109 ^ u_dut.g_cpe[0].u_fetch.u_unpack/_07851_/ZN (OAI21_X1)
   0.022   13.131 v u_dut.g_cpe[0].u_fetch.u_unpack/_07860_/ZN (AOI211_X1)
   0.079   13.210 ^ u_dut.g_cpe[0].u_fetch.u_unpack/_07861_/ZN (AOI21_X1)
   0.025   13.235 v u_dut.g_cpe[0].u_fetch.u_unpack/_07862_/ZN (OAI22_X1)
   0.041   13.276 ^ u_dut.g_cpe[0].u_fetch.u_unpack/_07863_/ZN (NAND2_X1)
   0.073   13.349 ^ u_dut.g_cpe[0].u_fetch.u_unpack/_07874_/Z (XOR2_X1)
   0.079   13.428 ^ u_dut.g_cpe[0].u_fetch.u_unpack/_07877_/ZN (XNOR2_X1)
   0.132   13.560 v u_dut.g_cpe[0].u_fetch.u_unpack/_07887_/ZN (XNOR2_X1)
   0.101   13.661 ^ u_dut.g_cpe[0].u_fetch.u_unpack/_07891_/ZN (NAND2_X1)
   0.019   13.679 v u_dut.g_cpe[0].u_fetch.u_unpack/_07899_/ZN (NOR4_X1)
   0.107   13.787 ^ u_dut.g_cpe[0].u_fetch.u_unpack/_07900_/ZN (AOI21_X1)
   0.570   14.357 ^ u_dut.g_cpe[0].u_fetch.u_unpack/_08401_/ZN (OR2_X1)
   0.192   14.549 v u_dut.g_cpe[0].u_fetch.u_unpack/_08402_/ZN (INV_X1)
   0.096   14.645 ^ _278312_/ZN (OAI21_X1)
   0.011   14.656 v _278313_/ZN (INV_X1)
   0.000   14.657 v dbg_cmd_valid (out)
           14.657   data arrival time

   2.500    2.500   clock ext_clk (rise edge)
   0.000    2.500   clock network delay (ideal)
   0.000    2.500   clock reconvergence pessimism
  -0.125    2.375   output external delay
            2.375   data required time
-----------------------------------------------------------
            2.375   data required time
          -14.657   data arrival time
-----------------------------------------------------------
          -12.282   slack (VIOLATED)


Startpoint: _375415_ (rising edge-triggered flip-flop clocked by clk)
Endpoint: _375415_ (rising edge-triggered flip-flop clocked by clk)
Path Group: clk
Path Type: min

   Delay     Time   Description
-----------------------------------------------------------
   0.000    0.000   clock clk (rise edge)
   0.000    0.000   clock network delay (ideal)
   0.000    0.000 ^ _375415_/CK (DFF_X1)
   0.061    0.061 ^ _375415_/QN (DFF_X1)
   0.030    0.091 ^ _281998_/ZN (AND2_X1)
   0.000    0.091 ^ _375415_/D (DFF_X1)
            0.091   data arrival time

   0.000    0.000   clock clk (rise edge)
   0.000    0.000   clock network delay (ideal)
   0.050    0.050   clock uncertainty
   0.000    0.050   clock reconvergence pessimism
            0.050 ^ _375415_/CK (DFF_X1)
   0.005    0.055   library hold time
            0.055   data required time
-----------------------------------------------------------
            0.055   data required time
           -0.091   data arrival time
-----------------------------------------------------------
            0.036   slack (MET)


Startpoint: _375366_ (rising edge-triggered flip-flop clocked by clk)
Endpoint: s_arready (output port clocked by ext_clk)
Path Group: ext_clk
Path Type: min

   Delay     Time   Description
-----------------------------------------------------------
   0.000    0.000   clock clk (rise edge)
   0.000    0.000   clock network delay (ideal)
   0.000    0.000 ^ _375366_/CK (DFF_X1)
   0.064    0.064 ^ _375366_/QN (DFF_X1)
   0.000    0.064 ^ s_arready (out)
            0.064   data arrival time

   0.000    0.000   clock ext_clk (rise edge)
   0.000    0.000   clock network delay (ideal)
   0.000    0.000   clock reconvergence pessimism
  -0.125   -0.125   output external delay
           -0.125   data required time
-----------------------------------------------------------
           -0.125   data required time
           -0.064   data arrival time
-----------------------------------------------------------
            0.189   slack (MET)


INFO: SAIF_FILE not provided (or not found); power will be vectorless/default.
