OpenSTA 2.0.17 GITDIR-NOT Copyright (c) 2019, Parallax Software, Inc.
License GPLv3: GNU GPL version 3 <http://gnu.org/licenses/gpl.html>

This is free software, and you are free to change and redistribute it
under certain conditions; type `show_copying' for details.
This program comes with ABSOLUTELY NO WARRANTY; for details type `show_warranty'.
read_liberty /home/houdong/vortex/hw/syn/libs/NangateOpenCellLibrary_typical.lib
read_verilog /home/houdong/vortex/results/exp04_09_summary/ppa/baseline/asic400_out/VX_cp_core_top_mapped.v
Error: /home/houdong/vortex/results/exp04_09_summary/ppa/baseline/asic400_out/VX_cp_core_top_mapped.v, line 43235 syntax error, unexpected '{', expecting ID.
Error: /home/houdong/vortex/results/exp04_09_summary/ppa/baseline/asic400_out/VX_cp_core_top_mapped.v, line 43236 syntax error, unexpected '{', expecting ID.
Error: /home/houdong/vortex/results/exp04_09_summary/ppa/baseline/asic400_out/VX_cp_core_top_mapped.v, line 43237 syntax error, unexpected '{', expecting ID.
Error: /home/houdong/vortex/results/exp04_09_summary/ppa/baseline/asic400_out/VX_cp_core_top_mapped.v, line 43238 syntax error, unexpected '{', expecting ID.
Error: /home/houdong/vortex/results/exp04_09_summary/ppa/baseline/asic400_out/VX_cp_core_top_mapped.v, line 105085 syntax error, unexpected '{', expecting ID.
Error: /home/houdong/vortex/results/exp04_09_summary/ppa/baseline/asic400_out/VX_cp_core_top_mapped.v, line 105086 syntax error, unexpected '{', expecting ID.
Error: /home/houdong/vortex/results/exp04_09_summary/ppa/baseline/asic400_out/VX_cp_core_top_mapped.v, line 105089 syntax error, unexpected '{', expecting ID.
Error: /home/houdong/vortex/results/exp04_09_summary/ppa/baseline/asic400_out/VX_cp_core_top_mapped.v, line 105090 syntax error, unexpected '{', expecting ID.
Error: /home/houdong/vortex/results/exp04_09_summary/ppa/baseline/asic400_out/VX_cp_core_top_mapped.v, line 105094 syntax error, unexpected '{', expecting ID.
Error: /home/houdong/vortex/results/exp04_09_summary/ppa/baseline/asic400_out/VX_cp_core_top_mapped.v, line 105117 syntax error, unexpected '{', expecting ID.
Error: /home/houdong/vortex/results/exp04_09_summary/ppa/baseline/asic400_out/VX_cp_core_top_mapped.v, line 115651 syntax error, unexpected '{', expecting ID.
Error: /home/houdong/vortex/results/exp04_09_summary/ppa/baseline/asic400_out/VX_cp_core_top_mapped.v, line 115662 syntax error, unexpected '{', expecting ID.
Error: /home/houdong/vortex/results/exp04_09_summary/ppa/baseline/asic400_out/VX_cp_core_top_mapped.v, line 1234752 syntax error, unexpected '{', expecting ID.
Error: /home/houdong/vortex/results/exp04_09_summary/ppa/baseline/asic400_out/VX_cp_core_top_mapped.v, line 1234758 syntax error, unexpected '{', expecting ID.
Error: /home/houdong/vortex/results/exp04_09_summary/ppa/baseline/asic400_out/VX_cp_core_top_mapped.v, line 1234794 syntax error, unexpected '{', expecting ID.
Error: /home/houdong/vortex/results/exp04_09_summary/ppa/baseline/asic400_out/VX_cp_core_top_mapped.v, line 1234838 syntax error, unexpected '{', expecting ID.
Error: /home/houdong/vortex/results/exp04_09_summary/ppa/baseline/asic400_out/VX_cp_core_top_mapped.v, line 1234872 syntax error, unexpected '{', expecting ID.
Error: /home/houdong/vortex/results/exp04_09_summary/ppa/baseline/asic400_out/VX_cp_core_top_mapped.v, line 1234939 syntax error, unexpected '{', expecting ID.
Error: /home/houdong/vortex/results/exp04_09_summary/ppa/baseline/asic400_out/VX_cp_core_top_mapped.v, line 1234941 syntax error, unexpected '{', expecting ID.
Error: /home/houdong/vortex/results/exp04_09_summary/ppa/baseline/asic400_out/VX_cp_core_top_mapped.v, line 1234952 syntax error, unexpected '{', expecting ID.
Error: /home/houdong/vortex/results/exp04_09_summary/ppa/baseline/asic400_out/VX_cp_core_top_mapped.v, line 1234962 syntax error, unexpected '{', expecting ID.
Error: /home/houdong/vortex/results/exp04_09_summary/ppa/baseline/asic400_out/VX_cp_core_top_mapped.v, line 1234964 syntax error, unexpected '{', expecting ID.
Error: /home/houdong/vortex/results/exp04_09_summary/ppa/baseline/asic400_out/VX_cp_core_top_mapped.v, line 1234966 syntax error, unexpected '{', expecting ID.
Error: /home/houdong/vortex/results/exp04_09_summary/ppa/baseline/asic400_out/VX_cp_core_top_mapped.v, line 1234968 syntax error, unexpected '{', expecting ID.
Error: /home/houdong/vortex/results/exp04_09_summary/ppa/baseline/asic400_out/VX_cp_core_top_mapped.v, line 1234988 syntax error, unexpected '{', expecting ID.
Error: /home/houdong/vortex/results/exp04_09_summary/ppa/baseline/asic400_out/VX_cp_core_top_mapped.v, line 1234989 syntax error, unexpected '{', expecting ID.
Error: /home/houdong/vortex/results/exp04_09_summary/ppa/baseline/asic400_out/VX_cp_core_top_mapped.v, line 1234990 syntax error, unexpected '{', expecting ID.
Error: /home/houdong/vortex/results/exp04_09_summary/ppa/baseline/asic400_out/VX_cp_core_top_mapped.v, line 1234991 syntax error, unexpected '{', expecting ID.
Error: /home/houdong/vortex/results/exp04_09_summary/ppa/baseline/asic400_out/VX_cp_core_top_mapped.v, line 1234995 syntax error, unexpected '{', expecting ID.
Error: /home/houdong/vortex/results/exp04_09_summary/ppa/baseline/asic400_out/VX_cp_core_top_mapped.v, line 1235003 syntax error, unexpected '{', expecting ID.
Error: /home/houdong/vortex/results/exp04_09_summary/ppa/baseline/asic400_out/VX_cp_core_top_mapped.v, line 1235005 syntax error, unexpected '{', expecting ID.
Error: /home/houdong/vortex/results/exp04_09_summary/ppa/baseline/asic400_out/VX_cp_core_top_mapped.v, line 1235008 syntax error, unexpected '{', expecting ID.
Error: /home/houdong/vortex/results/exp04_09_summary/ppa/baseline/asic400_out/VX_cp_core_top_mapped.v, line 1235012 syntax error, unexpected '{', expecting ID.
Error: /home/houdong/vortex/results/exp04_09_summary/ppa/baseline/asic400_out/VX_cp_core_top_mapped.v, line 1235013 syntax error, unexpected '{', expecting ID.
Error: /home/houdong/vortex/results/exp04_09_summary/ppa/baseline/asic400_out/VX_cp_core_top_mapped.v, line 1235019 syntax error, unexpected '{', expecting ID.
Error: /home/houdong/vortex/results/exp04_09_summary/ppa/baseline/asic400_out/VX_cp_core_top_mapped.v, line 1235020 syntax error, unexpected '{', expecting ID.
Error: /home/houdong/vortex/results/exp04_09_summary/ppa/baseline/asic400_out/VX_cp_core_top_mapped.v, line 1235022 syntax error, unexpected '{', expecting ID.
Error: /home/houdong/vortex/results/exp04_09_summary/ppa/baseline/asic400_out/VX_cp_core_top_mapped.v, line 1235023 syntax error, unexpected '{', expecting ID.
Error: /home/houdong/vortex/results/exp04_09_summary/ppa/baseline/asic400_out/VX_cp_core_top_mapped.v, line 1235025 syntax error, unexpected '{', expecting ID.
Error: /home/houdong/vortex/results/exp04_09_summary/ppa/baseline/asic400_out/VX_cp_core_top_mapped.v, line 1235027 syntax error, unexpected '{', expecting ID.
Error: /home/houdong/vortex/results/exp04_09_summary/ppa/baseline/asic400_out/VX_cp_core_top_mapped.v, line 1235031 syntax error, unexpected '{', expecting ID.
Error: /home/houdong/vortex/results/exp04_09_summary/ppa/baseline/asic400_out/VX_cp_core_top_mapped.v, line 1235032 syntax error, unexpected '{', expecting ID.
Error: /home/houdong/vortex/results/exp04_09_summary/ppa/baseline/asic400_out/VX_cp_core_top_mapped.v, line 1235034 syntax error, unexpected '{', expecting ID.
Error: /home/houdong/vortex/results/exp04_09_summary/ppa/baseline/asic400_out/VX_cp_core_top_mapped.v, line 1235038 syntax error, unexpected '{', expecting ID.
Error: /home/houdong/vortex/results/exp04_09_summary/ppa/baseline/asic400_out/VX_cp_core_top_mapped.v, line 1235039 syntax error, unexpected '{', expecting ID.
Error: /home/houdong/vortex/results/exp04_09_summary/ppa/baseline/asic400_out/VX_cp_core_top_mapped.v, line 1235040 syntax error, unexpected '{', expecting ID.
Error: /home/houdong/vortex/results/exp04_09_summary/ppa/baseline/asic400_out/VX_cp_core_top_mapped.v, line 1235053 syntax error, unexpected '{', expecting ID.
Error: /home/houdong/vortex/results/exp04_09_summary/ppa/baseline/asic400_out/VX_cp_core_top_mapped.v, line 1235055 syntax error, unexpected '{', expecting ID.
Error: /home/houdong/vortex/results/exp04_09_summary/ppa/baseline/asic400_out/VX_cp_core_top_mapped.v, line 1235057 syntax error, unexpected '{', expecting ID.
Error: /home/houdong/vortex/results/exp04_09_summary/ppa/baseline/asic400_out/VX_cp_core_top_mapped.v, line 1235059 syntax error, unexpected '{', expecting ID.
Error: /home/houdong/vortex/results/exp04_09_summary/ppa/baseline/asic400_out/VX_cp_core_top_mapped.v, line 1235061 syntax error, unexpected '{', expecting ID.
Error: /home/houdong/vortex/results/exp04_09_summary/ppa/baseline/asic400_out/VX_cp_core_top_mapped.v, line 1235062 syntax error, unexpected '{', expecting ID.
Error: /home/houdong/vortex/results/exp04_09_summary/ppa/baseline/asic400_out/VX_cp_core_top_mapped.v, line 1235063 syntax error, unexpected '{', expecting ID.
Error: /home/houdong/vortex/results/exp04_09_summary/ppa/baseline/asic400_out/VX_cp_core_top_mapped.v, line 1235064 syntax error, unexpected '{', expecting ID.
Error: /home/houdong/vortex/results/exp04_09_summary/ppa/baseline/asic400_out/VX_cp_core_top_mapped.v, line 1235065 syntax error, unexpected '{', expecting ID.
Error: /home/houdong/vortex/results/exp04_09_summary/ppa/baseline/asic400_out/VX_cp_core_top_mapped.v, line 1235066 syntax error, unexpected '{', expecting ID.
Error: /home/houdong/vortex/results/exp04_09_summary/ppa/baseline/asic400_out/VX_cp_core_top_mapped.v, line 1235067 syntax error, unexpected '{', expecting ID.
Error: /home/houdong/vortex/results/exp04_09_summary/ppa/baseline/asic400_out/VX_cp_core_top_mapped.v, line 1235068 syntax error, unexpected '{', expecting ID.
Error: /home/houdong/vortex/results/exp04_09_summary/ppa/baseline/asic400_out/VX_cp_core_top_mapped.v, line 1235069 syntax error, unexpected '{', expecting ID.
Error: /home/houdong/vortex/results/exp04_09_summary/ppa/baseline/asic400_out/VX_cp_core_top_mapped.v, line 1235070 syntax error, unexpected '{', expecting ID.
Error: /home/houdong/vortex/results/exp04_09_summary/ppa/baseline/asic400_out/VX_cp_core_top_mapped.v, line 1235071 syntax error, unexpected '{', expecting ID.
Error: /home/houdong/vortex/results/exp04_09_summary/ppa/baseline/asic400_out/VX_cp_core_top_mapped.v, line 1235072 syntax error, unexpected '{', expecting ID.
Error: /home/houdong/vortex/results/exp04_09_summary/ppa/baseline/asic400_out/VX_cp_core_top_mapped.v, line 1235073 syntax error, unexpected '{', expecting ID.
Error: /home/houdong/vortex/results/exp04_09_summary/ppa/baseline/asic400_out/VX_cp_core_top_mapped.v, line 1235123 syntax error, unexpected '{', expecting ID.
Error: /home/houdong/vortex/results/exp04_09_summary/ppa/baseline/asic400_out/VX_cp_core_top_mapped.v, line 1235124 syntax error, unexpected '{', expecting ID.
Error: /home/houdong/vortex/results/exp04_09_summary/ppa/baseline/asic400_out/VX_cp_core_top_mapped.v, line 1235125 syntax error, unexpected '{', expecting ID.
Error: /home/houdong/vortex/results/exp04_09_summary/ppa/baseline/asic400_out/VX_cp_core_top_mapped.v, line 1235130 syntax error, unexpected '{', expecting ID.
Error: /home/houdong/vortex/results/exp04_09_summary/ppa/baseline/asic400_out/VX_cp_core_top_mapped.v, line 1235135 syntax error, unexpected '{', expecting ID.
Error: /home/houdong/vortex/results/exp04_09_summary/ppa/baseline/asic400_out/VX_cp_core_top_mapped.v, line 1235137 syntax error, unexpected '{', expecting ID.
Error: /home/houdong/vortex/results/exp04_09_summary/ppa/baseline/asic400_out/VX_cp_core_top_mapped.v, line 1235138 syntax error, unexpected '{', expecting ID.
Error: /home/houdong/vortex/results/exp04_09_summary/ppa/baseline/asic400_out/VX_cp_core_top_mapped.v, line 1235139 syntax error, unexpected '{', expecting ID.
Error: /home/houdong/vortex/results/exp04_09_summary/ppa/baseline/asic400_out/VX_cp_core_top_mapped.v, line 1235140 syntax error, unexpected '{', expecting ID.
Error: /home/houdong/vortex/results/exp04_09_summary/ppa/baseline/asic400_out/VX_cp_core_top_mapped.v, line 1235142 syntax error, unexpected '{', expecting ID.
Error: /home/houdong/vortex/results/exp04_09_summary/ppa/baseline/asic400_out/VX_cp_core_top_mapped.v, line 1235143 syntax error, unexpected '{', expecting ID.
Error: /home/houdong/vortex/results/exp04_09_summary/ppa/baseline/asic400_out/VX_cp_core_top_mapped.v, line 1235144 syntax error, unexpected '{', expecting ID.
Error: /home/houdong/vortex/results/exp04_09_summary/ppa/baseline/asic400_out/VX_cp_core_top_mapped.v, line 1235146 syntax error, unexpected '{', expecting ID.
Error: /home/houdong/vortex/results/exp04_09_summary/ppa/baseline/asic400_out/VX_cp_core_top_mapped.v, line 1235147 syntax error, unexpected '{', expecting ID.
Error: /home/houdong/vortex/results/exp04_09_summary/ppa/baseline/asic400_out/VX_cp_core_top_mapped.v, line 1235148 syntax error, unexpected '{', expecting ID.
Error: /home/houdong/vortex/results/exp04_09_summary/ppa/baseline/asic400_out/VX_cp_core_top_mapped.v, line 1235150 syntax error, unexpected '{', expecting ID.
Error: /home/houdong/vortex/results/exp04_09_summary/ppa/baseline/asic400_out/VX_cp_core_top_mapped.v, line 1235151 syntax error, unexpected '{', expecting ID.
Error: /home/houdong/vortex/results/exp04_09_summary/ppa/baseline/asic400_out/VX_cp_core_top_mapped.v, line 1235152 syntax error, unexpected '{', expecting ID.
Error: /home/houdong/vortex/results/exp04_09_summary/ppa/baseline/asic400_out/VX_cp_core_top_mapped.v, line 1235253 syntax error, unexpected '{', expecting ID.
Error: /home/houdong/vortex/results/exp04_09_summary/ppa/baseline/asic400_out/VX_cp_core_top_mapped.v, line 1235449 syntax error, unexpected '{', expecting ID.
Error: /home/houdong/vortex/results/exp04_09_summary/ppa/baseline/asic400_out/VX_cp_core_top_mapped.v, line 1235451 syntax error, unexpected '{', expecting ID.
Error: /home/houdong/vortex/results/exp04_09_summary/ppa/baseline/asic400_out/VX_cp_core_top_mapped.v, line 1235453 syntax error, unexpected '{', expecting ID.
Error: /home/houdong/vortex/results/exp04_09_summary/ppa/baseline/asic400_out/VX_cp_core_top_mapped.v, line 1235455 syntax error, unexpected '{', expecting ID.
Error: /home/houdong/vortex/results/exp04_09_summary/ppa/baseline/asic400_out/VX_cp_core_top_mapped.v, line 1235457 syntax error, unexpected '{', expecting ID.
Error: /home/houdong/vortex/results/exp04_09_summary/ppa/baseline/asic400_out/VX_cp_core_top_mapped.v, line 1235459 syntax error, unexpected '{', expecting ID.
Error: /home/houdong/vortex/results/exp04_09_summary/ppa/baseline/asic400_out/VX_cp_core_top_mapped.v, line 1235461 syntax error, unexpected '{', expecting ID.
Error: /home/houdong/vortex/results/exp04_09_summary/ppa/baseline/asic400_out/VX_cp_core_top_mapped.v, line 1235463 syntax error, unexpected '{', expecting ID.
Error: /home/houdong/vortex/results/exp04_09_summary/ppa/baseline/asic400_out/VX_cp_core_top_mapped.v, line 1235923 syntax error, unexpected '{', expecting ID.
Error: /home/houdong/vortex/results/exp04_09_summary/ppa/baseline/asic400_out/VX_cp_core_top_mapped.v, line 1235928 syntax error, unexpected '{', expecting ID.
Error: /home/houdong/vortex/results/exp04_09_summary/ppa/baseline/asic400_out/VX_cp_core_top_mapped.v, line 1235953 syntax error, unexpected '{', expecting ID.
Error: /home/houdong/vortex/results/exp04_09_summary/ppa/baseline/asic400_out/VX_cp_core_top_mapped.v, line 1235955 syntax error, unexpected '{', expecting ID.
Error: /home/houdong/vortex/results/exp04_09_summary/ppa/baseline/asic400_out/VX_cp_core_top_mapped.v, line 1235980 syntax error, unexpected '{', expecting ID.
Error: /home/houdong/vortex/results/exp04_09_summary/ppa/baseline/asic400_out/VX_cp_core_top_mapped.v, line 1235982 syntax error, unexpected '{', expecting ID.
Error: /home/houdong/vortex/results/exp04_09_summary/ppa/baseline/asic400_out/VX_cp_core_top_mapped.v, line 1236007 syntax error, unexpected '{', expecting ID.
Error: /home/houdong/vortex/results/exp04_09_summary/ppa/baseline/asic400_out/VX_cp_core_top_mapped.v, line 1236009 syntax error, unexpected '{', expecting ID.
Error: /home/houdong/vortex/results/exp04_09_summary/ppa/baseline/asic400_out/VX_cp_core_top_mapped.v, line 1236020 syntax error, unexpected '{', expecting ID.
Error: /home/houdong/vortex/results/exp04_09_summary/ppa/baseline/asic400_out/VX_cp_core_top_mapped.v, line 1236160 syntax error, unexpected '{', expecting ID.
Error: /home/houdong/vortex/results/exp04_09_summary/ppa/baseline/asic400_out/VX_cp_core_top_mapped.v, line 1327810 syntax error, unexpected '{', expecting ID.
Error: /home/houdong/vortex/results/exp04_09_summary/ppa/baseline/asic400_out/VX_cp_core_top_mapped.v, line 1328395 syntax error, unexpected '{', expecting ID.
Error: /home/houdong/vortex/results/exp04_09_summary/ppa/baseline/asic400_out/VX_cp_core_top_mapped.v, line 1369749 syntax error, unexpected '{', expecting ID.
Error: /home/houdong/vortex/results/exp04_09_summary/ppa/baseline/asic400_out/VX_cp_core_top_mapped.v, line 1369751 syntax error, unexpected '{', expecting ID.
Error: /home/houdong/vortex/results/exp04_09_summary/ppa/baseline/asic400_out/VX_cp_core_top_mapped.v, line 1369752 syntax error, unexpected '{', expecting ID.
Error: /home/houdong/vortex/results/exp04_09_summary/ppa/baseline/asic400_out/VX_cp_core_top_mapped.v, line 1369753 syntax error, unexpected '{', expecting ID.
Error: /home/houdong/vortex/results/exp04_09_summary/ppa/baseline/asic400_out/VX_cp_core_top_mapped.v, line 1369754 syntax error, unexpected '{', expecting ID.
Error: /home/houdong/vortex/results/exp04_09_summary/ppa/baseline/asic400_out/VX_cp_core_top_mapped.v, line 1369755 syntax error, unexpected '{', expecting ID.
Error: /home/houdong/vortex/results/exp04_09_summary/ppa/baseline/asic400_out/VX_cp_core_top_mapped.v, line 1369756 syntax error, unexpected '{', expecting ID.
Error: /home/houdong/vortex/results/exp04_09_summary/ppa/baseline/asic400_out/VX_cp_core_top_mapped.v, line 1369757 syntax error, unexpected '{', expecting ID.
Error: /home/houdong/vortex/results/exp04_09_summary/ppa/baseline/asic400_out/VX_cp_core_top_mapped.v, line 1369758 syntax error, unexpected '{', expecting ID.
Error: /home/houdong/vortex/results/exp04_09_summary/ppa/baseline/asic400_out/VX_cp_core_top_mapped.v, line 1369761 syntax error, unexpected '{', expecting ID.
Error: /home/houdong/vortex/results/exp04_09_summary/ppa/baseline/asic400_out/VX_cp_core_top_mapped.v, line 1369764 syntax error, unexpected '{', expecting ID.
Error: /home/houdong/vortex/results/exp04_09_summary/ppa/baseline/asic400_out/VX_cp_core_top_mapped.v, line 1369767 syntax error, unexpected '{', expecting ID.
Error: /home/houdong/vortex/results/exp04_09_summary/ppa/baseline/asic400_out/VX_cp_core_top_mapped.v, line 1369770 syntax error, unexpected '{', expecting ID.
Error: /home/houdong/vortex/results/exp04_09_summary/ppa/baseline/asic400_out/VX_cp_core_top_mapped.v, line 1369773 syntax error, unexpected '{', expecting ID.
Error: /home/houdong/vortex/results/exp04_09_summary/ppa/baseline/asic400_out/VX_cp_core_top_mapped.v, line 1369776 syntax error, unexpected '{', expecting ID.
Error: /home/houdong/vortex/results/exp04_09_summary/ppa/baseline/asic400_out/VX_cp_core_top_mapped.v, line 1369779 syntax error, unexpected '{', expecting ID.
Error: /home/houdong/vortex/results/exp04_09_summary/ppa/baseline/asic400_out/VX_cp_core_top_mapped.v, line 1369780 syntax error, unexpected '{', expecting ID.
Error: /home/houdong/vortex/results/exp04_09_summary/ppa/baseline/asic400_out/VX_cp_core_top_mapped.v, line 1369781 syntax error, unexpected '{', expecting ID.
Error: /home/houdong/vortex/results/exp04_09_summary/ppa/baseline/asic400_out/VX_cp_core_top_mapped.v, line 1369782 syntax error, unexpected '{', expecting ID.
Error: /home/houdong/vortex/results/exp04_09_summary/ppa/baseline/asic400_out/VX_cp_core_top_mapped.v, line 1369783 syntax error, unexpected '{', expecting ID.
Error: /home/houdong/vortex/results/exp04_09_summary/ppa/baseline/asic400_out/VX_cp_core_top_mapped.v, line 1369784 syntax error, unexpected '{', expecting ID.
Error: /home/houdong/vortex/results/exp04_09_summary/ppa/baseline/asic400_out/VX_cp_core_top_mapped.v, line 1369785 syntax error, unexpected '{', expecting ID.
Error: /home/houdong/vortex/results/exp04_09_summary/ppa/baseline/asic400_out/VX_cp_core_top_mapped.v, line 1369786 syntax error, unexpected '{', expecting ID.
Error: /home/houdong/vortex/results/exp04_09_summary/ppa/baseline/asic400_out/VX_cp_core_top_mapped.v, line 1369787 syntax error, unexpected '{', expecting ID.
Error: /home/houdong/vortex/results/exp04_09_summary/ppa/baseline/asic400_out/VX_cp_core_top_mapped.v, line 1369788 syntax error, unexpected '{', expecting ID.
Error: /home/houdong/vortex/results/exp04_09_summary/ppa/baseline/asic400_out/VX_cp_core_top_mapped.v, line 1369789 syntax error, unexpected '{', expecting ID.
Error: /home/houdong/vortex/results/exp04_09_summary/ppa/baseline/asic400_out/VX_cp_core_top_mapped.v, line 1369790 syntax error, unexpected '{', expecting ID.
Error: /home/houdong/vortex/results/exp04_09_summary/ppa/baseline/asic400_out/VX_cp_core_top_mapped.v, line 1369791 syntax error, unexpected '{', expecting ID.
Error: /home/houdong/vortex/results/exp04_09_summary/ppa/baseline/asic400_out/VX_cp_core_top_mapped.v, line 1369792 syntax error, unexpected '{', expecting ID.
Error: /home/houdong/vortex/results/exp04_09_summary/ppa/baseline/asic400_out/VX_cp_core_top_mapped.v, line 1369793 syntax error, unexpected '{', expecting ID.
Error: /home/houdong/vortex/results/exp04_09_summary/ppa/baseline/asic400_out/VX_cp_core_top_mapped.v, line 1369794 syntax error, unexpected '{', expecting ID.
Error: /home/houdong/vortex/results/exp04_09_summary/ppa/baseline/asic400_out/VX_cp_core_top_mapped.v, line 1369795 syntax error, unexpected '{', expecting ID.
Error: /home/houdong/vortex/results/exp04_09_summary/ppa/baseline/asic400_out/VX_cp_core_top_mapped.v, line 1369796 syntax error, unexpected '{', expecting ID.
Error: /home/houdong/vortex/results/exp04_09_summary/ppa/baseline/asic400_out/VX_cp_core_top_mapped.v, line 1369797 syntax error, unexpected '{', expecting ID.
Error: /home/houdong/vortex/results/exp04_09_summary/ppa/baseline/asic400_out/VX_cp_core_top_mapped.v, line 1369798 syntax error, unexpected '{', expecting ID.
Error: /home/houdong/vortex/results/exp04_09_summary/ppa/baseline/asic400_out/VX_cp_core_top_mapped.v, line 1369799 syntax error, unexpected '{', expecting ID.
Error: /home/houdong/vortex/results/exp04_09_summary/ppa/baseline/asic400_out/VX_cp_core_top_mapped.v, line 1369800 syntax error, unexpected '{', expecting ID.
Error: /home/houdong/vortex/results/exp04_09_summary/ppa/baseline/asic400_out/VX_cp_core_top_mapped.v, line 1369801 syntax error, unexpected '{', expecting ID.
Error: /home/houdong/vortex/results/exp04_09_summary/ppa/baseline/asic400_out/VX_cp_core_top_mapped.v, line 1369802 syntax error, unexpected '{', expecting ID.
Error: /home/houdong/vortex/results/exp04_09_summary/ppa/baseline/asic400_out/VX_cp_core_top_mapped.v, line 1369803 syntax error, unexpected '{', expecting ID.
Error: /home/houdong/vortex/results/exp04_09_summary/ppa/baseline/asic400_out/VX_cp_core_top_mapped.v, line 1369804 syntax error, unexpected '{', expecting ID.
Error: /home/houdong/vortex/results/exp04_09_summary/ppa/baseline/asic400_out/VX_cp_core_top_mapped.v, line 1369805 syntax error, unexpected '{', expecting ID.
Error: /home/houdong/vortex/results/exp04_09_summary/ppa/baseline/asic400_out/VX_cp_core_top_mapped.v, line 1369806 syntax error, unexpected '{', expecting ID.
Error: /home/houdong/vortex/results/exp04_09_summary/ppa/baseline/asic400_out/VX_cp_core_top_mapped.v, line 1369807 syntax error, unexpected '{', expecting ID.
Error: /home/houdong/vortex/results/exp04_09_summary/ppa/baseline/asic400_out/VX_cp_core_top_mapped.v, line 1369808 syntax error, unexpected '{', expecting ID.
Error: /home/houdong/vortex/results/exp04_09_summary/ppa/baseline/asic400_out/VX_cp_core_top_mapped.v, line 1369809 syntax error, unexpected '{', expecting ID.
Error: /home/houdong/vortex/results/exp04_09_summary/ppa/baseline/asic400_out/VX_cp_core_top_mapped.v, line 1369810 syntax error, unexpected '{', expecting ID.
Error: /home/houdong/vortex/results/exp04_09_summary/ppa/baseline/asic400_out/VX_cp_core_top_mapped.v, line 1369811 syntax error, unexpected '{', expecting ID.
Error: /home/houdong/vortex/results/exp04_09_summary/ppa/baseline/asic400_out/VX_cp_core_top_mapped.v, line 1369812 syntax error, unexpected '{', expecting ID.
Error: /home/houdong/vortex/results/exp04_09_summary/ppa/baseline/asic400_out/VX_cp_core_top_mapped.v, line 1369813 syntax error, unexpected '{', expecting ID.
Error: /home/houdong/vortex/results/exp04_09_summary/ppa/baseline/asic400_out/VX_cp_core_top_mapped.v, line 1369814 syntax error, unexpected '{', expecting ID.
Error: /home/houdong/vortex/results/exp04_09_summary/ppa/baseline/asic400_out/VX_cp_core_top_mapped.v, line 1369815 syntax error, unexpected '{', expecting ID.
Error: /home/houdong/vortex/results/exp04_09_summary/ppa/baseline/asic400_out/VX_cp_core_top_mapped.v, line 1369816 syntax error, unexpected '{', expecting ID.
Error: /home/houdong/vortex/results/exp04_09_summary/ppa/baseline/asic400_out/VX_cp_core_top_mapped.v, line 1369817 syntax error, unexpected '{', expecting ID.
Error: /home/houdong/vortex/results/exp04_09_summary/ppa/baseline/asic400_out/VX_cp_core_top_mapped.v, line 1369818 syntax error, unexpected '{', expecting ID.
Error: /home/houdong/vortex/results/exp04_09_summary/ppa/baseline/asic400_out/VX_cp_core_top_mapped.v, line 1369819 syntax error, unexpected '{', expecting ID.
Error: /home/houdong/vortex/results/exp04_09_summary/ppa/baseline/asic400_out/VX_cp_core_top_mapped.v, line 1369820 syntax error, unexpected '{', expecting ID.
Error: /home/houdong/vortex/results/exp04_09_summary/ppa/baseline/asic400_out/VX_cp_core_top_mapped.v, line 1369821 syntax error, unexpected '{', expecting ID.
Error: /home/houdong/vortex/results/exp04_09_summary/ppa/baseline/asic400_out/VX_cp_core_top_mapped.v, line 1369822 syntax error, unexpected '{', expecting ID.
Error: /home/houdong/vortex/results/exp04_09_summary/ppa/baseline/asic400_out/VX_cp_core_top_mapped.v, line 1369823 syntax error, unexpected '{', expecting ID.
Error: /home/houdong/vortex/results/exp04_09_summary/ppa/baseline/asic400_out/VX_cp_core_top_mapped.v, line 1369824 syntax error, unexpected '{', expecting ID.
Error: /home/houdong/vortex/results/exp04_09_summary/ppa/baseline/asic400_out/VX_cp_core_top_mapped.v, line 1369825 syntax error, unexpected '{', expecting ID.
Error: /home/houdong/vortex/results/exp04_09_summary/ppa/baseline/asic400_out/VX_cp_core_top_mapped.v, line 1369826 syntax error, unexpected '{', expecting ID.
Error: /home/houdong/vortex/results/exp04_09_summary/ppa/baseline/asic400_out/VX_cp_core_top_mapped.v, line 1369827 syntax error, unexpected '{', expecting ID.
Error: /home/houdong/vortex/results/exp04_09_summary/ppa/baseline/asic400_out/VX_cp_core_top_mapped.v, line 1369828 syntax error, unexpected '{', expecting ID.
Error: /home/houdong/vortex/results/exp04_09_summary/ppa/baseline/asic400_out/VX_cp_core_top_mapped.v, line 1369829 syntax error, unexpected '{', expecting ID.
Error: /home/houdong/vortex/results/exp04_09_summary/ppa/baseline/asic400_out/VX_cp_core_top_mapped.v, line 1369830 syntax error, unexpected '{', expecting ID.
Error: /home/houdong/vortex/results/exp04_09_summary/ppa/baseline/asic400_out/VX_cp_core_top_mapped.v, line 1369831 syntax error, unexpected '{', expecting ID.
Error: /home/houdong/vortex/results/exp04_09_summary/ppa/baseline/asic400_out/VX_cp_core_top_mapped.v, line 1369832 syntax error, unexpected '{', expecting ID.
Error: /home/houdong/vortex/results/exp04_09_summary/ppa/baseline/asic400_out/VX_cp_core_top_mapped.v, line 1369833 syntax error, unexpected '{', expecting ID.
Error: /home/houdong/vortex/results/exp04_09_summary/ppa/baseline/asic400_out/VX_cp_core_top_mapped.v, line 1369834 syntax error, unexpected '{', expecting ID.
Error: /home/houdong/vortex/results/exp04_09_summary/ppa/baseline/asic400_out/VX_cp_core_top_mapped.v, line 1369835 syntax error, unexpected '{', expecting ID.
Error: /home/houdong/vortex/results/exp04_09_summary/ppa/baseline/asic400_out/VX_cp_core_top_mapped.v, line 1369836 syntax error, unexpected '{', expecting ID.
Error: /home/houdong/vortex/results/exp04_09_summary/ppa/baseline/asic400_out/VX_cp_core_top_mapped.v, line 1369837 syntax error, unexpected '{', expecting ID.
Error: /home/houdong/vortex/results/exp04_09_summary/ppa/baseline/asic400_out/VX_cp_core_top_mapped.v, line 1369838 syntax error, unexpected '{', expecting ID.
Error: /home/houdong/vortex/results/exp04_09_summary/ppa/baseline/asic400_out/VX_cp_core_top_mapped.v, line 1369839 syntax error, unexpected '{', expecting ID.
Error: /home/houdong/vortex/results/exp04_09_summary/ppa/baseline/asic400_out/VX_cp_core_top_mapped.v, line 1369840 syntax error, unexpected '{', expecting ID.
Error: /home/houdong/vortex/results/exp04_09_summary/ppa/baseline/asic400_out/VX_cp_core_top_mapped.v, line 1369841 syntax error, unexpected '{', expecting ID.
Error: /home/houdong/vortex/results/exp04_09_summary/ppa/baseline/asic400_out/VX_cp_core_top_mapped.v, line 1369842 syntax error, unexpected '{', expecting ID.
Error: /home/houdong/vortex/results/exp04_09_summary/ppa/baseline/asic400_out/VX_cp_core_top_mapped.v, line 1369843 syntax error, unexpected '{', expecting ID.
Error: /home/houdong/vortex/results/exp04_09_summary/ppa/baseline/asic400_out/VX_cp_core_top_mapped.v, line 1369844 syntax error, unexpected '{', expecting ID.
Error: /home/houdong/vortex/results/exp04_09_summary/ppa/baseline/asic400_out/VX_cp_core_top_mapped.v, line 1369845 syntax error, unexpected '{', expecting ID.
Error: /home/houdong/vortex/results/exp04_09_summary/ppa/baseline/asic400_out/VX_cp_core_top_mapped.v, line 1369846 syntax error, unexpected '{', expecting ID.
Error: /home/houdong/vortex/results/exp04_09_summary/ppa/baseline/asic400_out/VX_cp_core_top_mapped.v, line 1369847 syntax error, unexpected '{', expecting ID.
Error: /home/houdong/vortex/results/exp04_09_summary/ppa/baseline/asic400_out/VX_cp_core_top_mapped.v, line 1369848 syntax error, unexpected '{', expecting ID.
Error: /home/houdong/vortex/results/exp04_09_summary/ppa/baseline/asic400_out/VX_cp_core_top_mapped.v, line 1369849 syntax error, unexpected '{', expecting ID.
Error: /home/houdong/vortex/results/exp04_09_summary/ppa/baseline/asic400_out/VX_cp_core_top_mapped.v, line 1369850 syntax error, unexpected '{', expecting ID.
Error: /home/houdong/vortex/results/exp04_09_summary/ppa/baseline/asic400_out/VX_cp_core_top_mapped.v, line 1369851 syntax error, unexpected '{', expecting ID.
Error: /home/houdong/vortex/results/exp04_09_summary/ppa/baseline/asic400_out/VX_cp_core_top_mapped.v, line 1369852 syntax error, unexpected '{', expecting ID.
Error: /home/houdong/vortex/results/exp04_09_summary/ppa/baseline/asic400_out/VX_cp_core_top_mapped.v, line 1369854 syntax error, unexpected '{', expecting ID.
Error: /home/houdong/vortex/results/exp04_09_summary/ppa/baseline/asic400_out/VX_cp_core_top_mapped.v, line 1369855 syntax error, unexpected '{', expecting ID.
Error: /home/houdong/vortex/results/exp04_09_summary/ppa/baseline/asic400_out/VX_cp_core_top_mapped.v, line 1369857 syntax error, unexpected '{', expecting ID.
Error: /home/houdong/vortex/results/exp04_09_summary/ppa/baseline/asic400_out/VX_cp_core_top_mapped.v, line 1369859 syntax error, unexpected '{', expecting ID.
Error: /home/houdong/vortex/results/exp04_09_summary/ppa/baseline/asic400_out/VX_cp_core_top_mapped.v, line 1369861 syntax error, unexpected '{', expecting ID.
Error: /home/houdong/vortex/results/exp04_09_summary/ppa/baseline/asic400_out/VX_cp_core_top_mapped.v, line 1369863 syntax error, unexpected '{', expecting ID.
Error: /home/houdong/vortex/results/exp04_09_summary/ppa/baseline/asic400_out/VX_cp_core_top_mapped.v, line 1369864 syntax error, unexpected '{', expecting ID.
Error: /home/houdong/vortex/results/exp04_09_summary/ppa/baseline/asic400_out/VX_cp_core_top_mapped.v, line 1369865 syntax error, unexpected '{', expecting ID.
Error: /home/houdong/vortex/results/exp04_09_summary/ppa/baseline/asic400_out/VX_cp_core_top_mapped.v, line 1369867 syntax error, unexpected '{', expecting ID.
Error: /home/houdong/vortex/results/exp04_09_summary/ppa/baseline/asic400_out/VX_cp_core_top_mapped.v, line 1369869 syntax error, unexpected '{', expecting ID.
Error: /home/houdong/vortex/results/exp04_09_summary/ppa/baseline/asic400_out/VX_cp_core_top_mapped.v, line 1369871 syntax error, unexpected '{', expecting ID.
Error: /home/houdong/vortex/results/exp04_09_summary/ppa/baseline/asic400_out/VX_cp_core_top_mapped.v, line 1369873 syntax error, unexpected '{', expecting ID.
Error: /home/houdong/vortex/results/exp04_09_summary/ppa/baseline/asic400_out/VX_cp_core_top_mapped.v, line 1369875 syntax error, unexpected '{', expecting ID.
Error: /home/houdong/vortex/results/exp04_09_summary/ppa/baseline/asic400_out/VX_cp_core_top_mapped.v, line 1369877 syntax error, unexpected '{', expecting ID.
Error: /home/houdong/vortex/results/exp04_09_summary/ppa/baseline/asic400_out/VX_cp_core_top_mapped.v, line 1369878 syntax error, unexpected '{', expecting ID.
Error: /home/houdong/vortex/results/exp04_09_summary/ppa/baseline/asic400_out/VX_cp_core_top_mapped.v, line 1369879 syntax error, unexpected '{', expecting ID.
Error: /home/houdong/vortex/results/exp04_09_summary/ppa/baseline/asic400_out/VX_cp_core_top_mapped.v, line 1369880 syntax error, unexpected '{', expecting ID.
Error: /home/houdong/vortex/results/exp04_09_summary/ppa/baseline/asic400_out/VX_cp_core_top_mapped.v, line 1369881 syntax error, unexpected '{', expecting ID.
Error: /home/houdong/vortex/results/exp04_09_summary/ppa/baseline/asic400_out/VX_cp_core_top_mapped.v, line 1369884 syntax error, unexpected '{', expecting ID.
Error: /home/houdong/vortex/results/exp04_09_summary/ppa/baseline/asic400_out/VX_cp_core_top_mapped.v, line 1369885 syntax error, unexpected '{', expecting ID.
Error: /home/houdong/vortex/results/exp04_09_summary/ppa/baseline/asic400_out/VX_cp_core_top_mapped.v, line 1369886 syntax error, unexpected '{', expecting ID.
Error: /home/houdong/vortex/results/exp04_09_summary/ppa/baseline/asic400_out/VX_cp_core_top_mapped.v, line 1369887 syntax error, unexpected '{', expecting ID.
Error: /home/houdong/vortex/results/exp04_09_summary/ppa/baseline/asic400_out/VX_cp_core_top_mapped.v, line 1369888 syntax error, unexpected '{', expecting ID.
Error: /home/houdong/vortex/results/exp04_09_summary/ppa/baseline/asic400_out/VX_cp_core_top_mapped.v, line 1369889 syntax error, unexpected '{', expecting ID.
Error: /home/houdong/vortex/results/exp04_09_summary/ppa/baseline/asic400_out/VX_cp_core_top_mapped.v, line 1369891 syntax error, unexpected '{', expecting ID.
Error: /home/houdong/vortex/results/exp04_09_summary/ppa/baseline/asic400_out/VX_cp_core_top_mapped.v, line 1369893 syntax error, unexpected '{', expecting ID.
Error: /home/houdong/vortex/results/exp04_09_summary/ppa/baseline/asic400_out/VX_cp_core_top_mapped.v, line 1369895 syntax error, unexpected '{', expecting ID.
Error: /home/houdong/vortex/results/exp04_09_summary/ppa/baseline/asic400_out/VX_cp_core_top_mapped.v, line 1369897 syntax error, unexpected '{', expecting ID.
Error: /home/houdong/vortex/results/exp04_09_summary/ppa/baseline/asic400_out/VX_cp_core_top_mapped.v, line 1369899 syntax error, unexpected '{', expecting ID.
Error: /home/houdong/vortex/results/exp04_09_summary/ppa/baseline/asic400_out/VX_cp_core_top_mapped.v, line 1369901 syntax error, unexpected '{', expecting ID.
Error: /home/houdong/vortex/results/exp04_09_summary/ppa/baseline/asic400_out/VX_cp_core_top_mapped.v, line 1369902 syntax error, unexpected '{', expecting ID.
Error: /home/houdong/vortex/results/exp04_09_summary/ppa/baseline/asic400_out/VX_cp_core_top_mapped.v, line 1369904 syntax error, unexpected '{', expecting ID.
Error: /home/houdong/vortex/results/exp04_09_summary/ppa/baseline/asic400_out/VX_cp_core_top_mapped.v, line 1369906 syntax error, unexpected '{', expecting ID.
Error: /home/houdong/vortex/results/exp04_09_summary/ppa/baseline/asic400_out/VX_cp_core_top_mapped.v, line 1369908 syntax error, unexpected '{', expecting ID.
Error: /home/houdong/vortex/results/exp04_09_summary/ppa/baseline/asic400_out/VX_cp_core_top_mapped.v, line 1369910 syntax error, unexpected '{', expecting ID.
Error: /home/houdong/vortex/results/exp04_09_summary/ppa/baseline/asic400_out/VX_cp_core_top_mapped.v, line 1369912 syntax error, unexpected '{', expecting ID.
Error: /home/houdong/vortex/results/exp04_09_summary/ppa/baseline/asic400_out/VX_cp_core_top_mapped.v, line 1369913 syntax error, unexpected '{', expecting ID.
Error: /home/houdong/vortex/results/exp04_09_summary/ppa/baseline/asic400_out/VX_cp_core_top_mapped.v, line 1369920 syntax error, unexpected '{', expecting ID.
Error: /home/houdong/vortex/results/exp04_09_summary/ppa/baseline/asic400_out/VX_cp_core_top_mapped.v, line 1369928 syntax error, unexpected '{', expecting ID.
Error: /home/houdong/vortex/results/exp04_09_summary/ppa/baseline/asic400_out/VX_cp_core_top_mapped.v, line 1369935 syntax error, unexpected '{', expecting ID.
Error: /home/houdong/vortex/results/exp04_09_summary/ppa/baseline/asic400_out/VX_cp_core_top_mapped.v, line 1369942 syntax error, unexpected '{', expecting ID.
Error: /home/houdong/vortex/results/exp04_09_summary/ppa/baseline/asic400_out/VX_cp_core_top_mapped.v, line 1369949 syntax error, unexpected '{', expecting ID.
Error: /home/houdong/vortex/results/exp04_09_summary/ppa/baseline/asic400_out/VX_cp_core_top_mapped.v, line 1369956 syntax error, unexpected '{', expecting ID.
Error: /home/houdong/vortex/results/exp04_09_summary/ppa/baseline/asic400_out/VX_cp_core_top_mapped.v, line 1369963 syntax error, unexpected '{', expecting ID.
Error: /home/houdong/vortex/results/exp04_09_summary/ppa/baseline/asic400_out/VX_cp_core_top_mapped.v, line 1369970 syntax error, unexpected '{', expecting ID.
Error: /home/houdong/vortex/results/exp04_09_summary/ppa/baseline/asic400_out/VX_cp_core_top_mapped.v, line 1369977 syntax error, unexpected '{', expecting ID.
Error: /home/houdong/vortex/results/exp04_09_summary/ppa/baseline/asic400_out/VX_cp_core_top_mapped.v, line 1369984 syntax error, unexpected '{', expecting ID.
Error: /home/houdong/vortex/results/exp04_09_summary/ppa/baseline/asic400_out/VX_cp_core_top_mapped.v, line 1369991 syntax error, unexpected '{', expecting ID.
Error: /home/houdong/vortex/results/exp04_09_summary/ppa/baseline/asic400_out/VX_cp_core_top_mapped.v, line 1369998 syntax error, unexpected '{', expecting ID.
Error: /home/houdong/vortex/results/exp04_09_summary/ppa/baseline/asic400_out/VX_cp_core_top_mapped.v, line 1370005 syntax error, unexpected '{', expecting ID.
Error: /home/houdong/vortex/results/exp04_09_summary/ppa/baseline/asic400_out/VX_cp_core_top_mapped.v, line 1370012 syntax error, unexpected '{', expecting ID.
Error: /home/houdong/vortex/results/exp04_09_summary/ppa/baseline/asic400_out/VX_cp_core_top_mapped.v, line 1370019 syntax error, unexpected '{', expecting ID.
Error: /home/houdong/vortex/results/exp04_09_summary/ppa/baseline/asic400_out/VX_cp_core_top_mapped.v, line 1370026 syntax error, unexpected '{', expecting ID.
Error: /home/houdong/vortex/results/exp04_09_summary/ppa/baseline/asic400_out/VX_cp_core_top_mapped.v, line 1370033 syntax error, unexpected '{', expecting ID.
Error: /home/houdong/vortex/results/exp04_09_summary/ppa/baseline/asic400_out/VX_cp_core_top_mapped.v, line 1370040 syntax error, unexpected '{', expecting ID.
Error: /home/houdong/vortex/results/exp04_09_summary/ppa/baseline/asic400_out/VX_cp_core_top_mapped.v, line 1370047 syntax error, unexpected '{', expecting ID.
Error: /home/houdong/vortex/results/exp04_09_summary/ppa/baseline/asic400_out/VX_cp_core_top_mapped.v, line 1370054 syntax error, unexpected '{', expecting ID.
Error: /home/houdong/vortex/results/exp04_09_summary/ppa/baseline/asic400_out/VX_cp_core_top_mapped.v, line 1370061 syntax error, unexpected '{', expecting ID.
Error: /home/houdong/vortex/results/exp04_09_summary/ppa/baseline/asic400_out/VX_cp_core_top_mapped.v, line 1370068 syntax error, unexpected '{', expecting ID.
Error: /home/houdong/vortex/results/exp04_09_summary/ppa/baseline/asic400_out/VX_cp_core_top_mapped.v, line 1370075 syntax error, unexpected '{', expecting ID.
Error: /home/houdong/vortex/results/exp04_09_summary/ppa/baseline/asic400_out/VX_cp_core_top_mapped.v, line 1370082 syntax error, unexpected '{', expecting ID.
Error: /home/houdong/vortex/results/exp04_09_summary/ppa/baseline/asic400_out/VX_cp_core_top_mapped.v, line 1370089 syntax error, unexpected '{', expecting ID.
Error: /home/houdong/vortex/results/exp04_09_summary/ppa/baseline/asic400_out/VX_cp_core_top_mapped.v, line 1370096 syntax error, unexpected '{', expecting ID.
Error: /home/houdong/vortex/results/exp04_09_summary/ppa/baseline/asic400_out/VX_cp_core_top_mapped.v, line 1370103 syntax error, unexpected '{', expecting ID.
Error: /home/houdong/vortex/results/exp04_09_summary/ppa/baseline/asic400_out/VX_cp_core_top_mapped.v, line 1370110 syntax error, unexpected '{', expecting ID.
Error: /home/houdong/vortex/results/exp04_09_summary/ppa/baseline/asic400_out/VX_cp_core_top_mapped.v, line 1370117 syntax error, unexpected '{', expecting ID.
Error: /home/houdong/vortex/results/exp04_09_summary/ppa/baseline/asic400_out/VX_cp_core_top_mapped.v, line 1370124 syntax error, unexpected '{', expecting ID.
Error: /home/houdong/vortex/results/exp04_09_summary/ppa/baseline/asic400_out/VX_cp_core_top_mapped.v, line 1370131 syntax error, unexpected '{', expecting ID.
Error: /home/houdong/vortex/results/exp04_09_summary/ppa/baseline/asic400_out/VX_cp_core_top_mapped.v, line 1370138 syntax error, unexpected '{', expecting ID.
Error: /home/houdong/vortex/results/exp04_09_summary/ppa/baseline/asic400_out/VX_cp_core_top_mapped.v, line 1370145 syntax error, unexpected '{', expecting ID.
Error: /home/houdong/vortex/results/exp04_09_summary/ppa/baseline/asic400_out/VX_cp_core_top_mapped.v, line 1370152 syntax error, unexpected '{', expecting ID.
Error: /home/houdong/vortex/results/exp04_09_summary/ppa/baseline/asic400_out/VX_cp_core_top_mapped.v, line 1370159 syntax error, unexpected '{', expecting ID.
Error: /home/houdong/vortex/results/exp04_09_summary/ppa/baseline/asic400_out/VX_cp_core_top_mapped.v, line 1370166 syntax error, unexpected '{', expecting ID.
Error: /home/houdong/vortex/results/exp04_09_summary/ppa/baseline/asic400_out/VX_cp_core_top_mapped.v, line 1370213 syntax error, unexpected '{', expecting ID.
link_design VX_cp_core_top
read_sdc /tmp/cp_core_400mhz.sdc
INFO: Using clock port: clk
INFO: Found reset ports: _70fa44ca73630000_p_Port
Error: run_sta.tcl, 70 invalid command name "report_units"
Clock                   Period          Waveform
----------------------------------------------------
clk                       2.50        0.00      1.25
ext_clk                   2.50        0.00      1.25
wns -13843.75
tns -28585786.00
Startpoint: _349640_ (rising edge-triggered flip-flop clocked by clk)
Endpoint: u_dut.u_slice_host.impl/w_slice/genblk1.g_full_bw.stream_buffer/_7721_
          (rising edge-triggered flip-flop clocked by clk)
Path Group: clk
Path Type: max

   Delay     Time   Description
-----------------------------------------------------------
   0.000    0.000   clock clk (rise edge)
   0.000    0.000   clock network delay (ideal)
   0.000    0.000 ^ _349640_/CK (DFF_X1)
 110.536  110.536 ^ _349640_/Q (DFF_X1)
12218.646 12329.183 v _246854_/ZN (INV_X1)
1453.766 13782.948 ^ _313284_/ZN (AOI211_X1)
  31.907 13814.854 v _313308_/ZN (OAI221_X1)
  30.900 13845.755 ^ _313362_/ZN (AOI221_X1)
  -0.518 13845.236 v _313363_/ZN (AOI21_X1)
   0.518 13845.754 ^ u_dut.u_xbar_host.impl/g_single_output.arb/_12995_/ZN (OAI21_X1)
   0.097 13845.852 v u_dut.u_xbar_host.impl/g_single_output.arb/_12996_/ZN (OAI22_X1)
   0.207 13846.059 v u_dut.u_slice_host.impl/w_slice/genblk1.g_full_bw.stream_buffer/_6168_/Z (MUX2_X1)
   0.078 13846.137 v u_dut.u_slice_host.impl/w_slice/genblk1.g_full_bw.stream_buffer/_6169_/Z (MUX2_X1)
   0.000 13846.137 v u_dut.u_slice_host.impl/w_slice/genblk1.g_full_bw.stream_buffer/_7721_/D (DFF_X1)
         13846.137   data arrival time

   2.500    2.500   clock clk (rise edge)
   0.000    2.500   clock network delay (ideal)
  -0.050    2.450   clock uncertainty
   0.000    2.450   clock reconvergence pessimism
            2.450 ^ u_dut.u_slice_host.impl/w_slice/genblk1.g_full_bw.stream_buffer/_7721_/CK (DFF_X1)
  -0.060    2.390   library setup time
            2.390   data required time
-----------------------------------------------------------
            2.390   data required time
         -13846.137   data arrival time
-----------------------------------------------------------
         -13843.748   slack (VIOLATED)


Startpoint: _355660_ (rising edge-triggered flip-flop clocked by clk)
Endpoint: dbg_cmd_valid (output port clocked by ext_clk)
Path Group: ext_clk
Path Type: max

   Delay     Time   Description
-----------------------------------------------------------
   0.000    0.000   clock clk (rise edge)
   0.000    0.000   clock network delay (ideal)
   0.000    0.000 ^ _355660_/CK (DFF_X1)
   3.498    3.498 ^ _355660_/Q (DFF_X1)
  13.437   16.935 v u_dut.g_cpe[0].u_fetch.u_unpack/_07845_/Z (XOR2_X1)
   1.816   18.751 ^ u_dut.g_cpe[0].u_fetch.u_unpack/_08433_/ZN (AOI21_X1)
   0.093   18.844 ^ u_dut.g_cpe[0].u_fetch.u_unpack/_08434_/Z (MUX2_X1)
   0.042   18.886 ^ u_dut.g_cpe[0].u_fetch.u_unpack/_08435_/ZN (AND2_X1)
   0.020   18.906 v u_dut.g_cpe[0].u_fetch.u_unpack/_08436_/ZN (AOI21_X1)
   0.045   18.950 ^ u_dut.g_cpe[0].u_fetch.u_unpack/_08454_/ZN (OAI211_X1)
   0.034   18.984 v u_dut.g_cpe[0].u_fetch.u_unpack/_08455_/ZN (AOI21_X1)
   0.062   19.046 v u_dut.g_cpe[0].u_fetch.u_unpack/_08465_/ZN (AND3_X1)
   0.061   19.107 v u_dut.g_cpe[0].u_fetch.u_unpack/_08471_/Z (XOR2_X1)
   0.050   19.156 v u_dut.g_cpe[0].u_fetch.u_unpack/_08482_/ZN (XNOR2_X1)
   0.248   19.404 ^ u_dut.g_cpe[0].u_fetch.u_unpack/_08491_/ZN (XNOR2_X1)
   0.102   19.507 ^ u_dut.g_cpe[0].u_fetch.u_unpack/_08492_/ZN (AND2_X1)
   0.030   19.536 v u_dut.g_cpe[0].u_fetch.u_unpack/_08506_/ZN (NAND3_X1)
   0.054   19.590 ^ u_dut.g_cpe[0].u_fetch.u_unpack/_08507_/ZN (OAI21_X1)
   0.794   20.384 v u_dut.g_cpe[0].u_fetch.u_unpack/_08509_/ZN (NAND4_X1)
   0.481   20.866 ^ u_dut.g_cpe[0].u_fetch.u_unpack/_08510_/ZN (INV_X1)
   0.041   20.907 v _262327_/ZN (NAND2_X1)
   0.016   20.923 ^ _262328_/ZN (INV_X1)
   0.000   20.923 ^ dbg_cmd_valid (out)
           20.923   data arrival time

   2.500    2.500   clock ext_clk (rise edge)
   0.000    2.500   clock network delay (ideal)
   0.000    2.500   clock reconvergence pessimism
  -0.125    2.375   output external delay
            2.375   data required time
-----------------------------------------------------------
            2.375   data required time
          -20.923   data arrival time
-----------------------------------------------------------
          -18.548   slack (VIOLATED)


Startpoint: _355756_ (rising edge-triggered flip-flop clocked by clk)
Endpoint: _355756_ (rising edge-triggered flip-flop clocked by clk)
Path Group: clk
Path Type: min

   Delay     Time   Description
-----------------------------------------------------------
   0.000    0.000   clock clk (rise edge)
   0.000    0.000   clock network delay (ideal)
   0.000    0.000 ^ _355756_/CK (DFF_X1)
   0.061    0.061 ^ _355756_/QN (DFF_X1)
   0.030    0.091 ^ _266062_/ZN (AND2_X1)
   0.000    0.091 ^ _355756_/D (DFF_X1)
            0.091   data arrival time

   0.000    0.000   clock clk (rise edge)
   0.000    0.000   clock network delay (ideal)
   0.050    0.050   clock uncertainty
   0.000    0.050   clock reconvergence pessimism
            0.050 ^ _355756_/CK (DFF_X1)
   0.005    0.055   library hold time
            0.055   data required time
-----------------------------------------------------------
            0.055   data required time
           -0.091   data arrival time
-----------------------------------------------------------
            0.036   slack (MET)


Startpoint: _355701_ (rising edge-triggered flip-flop clocked by clk)
Endpoint: s_arready (output port clocked by ext_clk)
Path Group: ext_clk
Path Type: min

   Delay     Time   Description
-----------------------------------------------------------
   0.000    0.000   clock clk (rise edge)
   0.000    0.000   clock network delay (ideal)
   0.000    0.000 ^ _355701_/CK (DFF_X1)
   0.064    0.064 ^ _355701_/QN (DFF_X1)
   0.000    0.064 ^ s_arready (out)
            0.064   data arrival time

   0.000    0.000   clock ext_clk (rise edge)
   0.000    0.000   clock network delay (ideal)
   0.000    0.000   clock reconvergence pessimism
  -0.125   -0.125   output external delay
           -0.125   data required time
-----------------------------------------------------------
           -0.125   data required time
           -0.064   data arrival time
-----------------------------------------------------------
            0.189   slack (MET)


INFO: SAIF_FILE not provided (or not found); power will be vectorless/default.
