
22. Printing statistics.

=== $paramod$08f5926ccb34b1a68bbe3bf2bffc734c7ce718b5\VX_mm_axi_slice ===

   Number of wires:                 52
   Number of wire bits:           2546
   Number of public wires:          52
   Number of public wire bits:    2546
   Number of ports:                 52
   Number of port bits:           2546
   Number of memories:               0
   Number of memory bits:            0
   Number of processes:              0
   Number of cells:                  5
     $paramod$14e6aea35e7d6ba57701114953c42647aaa73ea0\VX_skid_buffer      1
     $paramod$1af168841491ae31ea8e4855135a15933fcd3ea4\VX_skid_buffer      2
     $paramod$230215b21a3f3566ad1622a91c4a5198379932db\VX_skid_buffer      1
     $paramod$2b4d4de3b6172c1c3d7c15e39c33ff61c5906377\VX_skid_buffer      1

   Area for cell type $paramod$14e6aea35e7d6ba57701114953c42647aaa73ea0\VX_skid_buffer is unknown!
   Area for cell type $paramod$1af168841491ae31ea8e4855135a15933fcd3ea4\VX_skid_buffer is unknown!
   Area for cell type $paramod$2b4d4de3b6172c1c3d7c15e39c33ff61c5906377\VX_skid_buffer is unknown!
   Area for cell type $paramod$230215b21a3f3566ad1622a91c4a5198379932db\VX_skid_buffer is unknown!

   Estimated number of transistors:          0+

=== $paramod$14e6aea35e7d6ba57701114953c42647aaa73ea0\VX_skid_buffer ===

   Number of wires:                  8
   Number of wire bits:           1048
   Number of public wires:           8
   Number of public wire bits:    1048
   Number of ports:                  8
   Number of port bits:           1048
   Number of memories:               0
   Number of memory bits:            0
   Number of processes:              0
   Number of cells:                  1
     $paramod$14e6aea35e7d6ba57701114953c42647aaa73ea0\VX_stream_buffer      1

   Area for cell type $paramod$14e6aea35e7d6ba57701114953c42647aaa73ea0\VX_stream_buffer is unknown!

   Estimated number of transistors:          0+

=== $paramod$14e6aea35e7d6ba57701114953c42647aaa73ea0\VX_stream_buffer ===

   Number of wires:               5252
   Number of wire bits:           7852
   Number of public wires:          14
   Number of public wire bits:    2094
   Number of ports:                  8
   Number of port bits:           1048
   Number of memories:               0
   Number of memory bits:            0
   Number of processes:              0
   Number of cells:               2615
     AND2_X1                         1
     AOI211_X1                       1
     DFF_X1                       1044
     INV_X1                          1
     MUX2_X1                      1563
     NOR2_X1                         1
     NOR3_X1                         2
     OAI21_X1                        1
     OR2_X1                          1

   Chip area for module '$paramod$14e6aea35e7d6ba57701114953c42647aaa73ea0\VX_stream_buffer': 7639.254000
     of which used for sequential elements: 4720.968000 (61.80%)

   Estimated number of transistors:          0+

=== $paramod$16dfd0cc9c94a3fedf300165b996dec38137037e\VX_pipe_register ===

   Number of wires:                183
   Number of wire bits:            344
   Number of public wires:           8
   Number of public wire bits:     169
   Number of ports:                  5
   Number of port bits:             71
   Number of memories:               0
   Number of memory bits:            0
   Number of processes:              0
   Number of cells:                 70
     AOI211_X1                       1
     DFF_X1                         34
     INV_X1                          1
     MUX2_X1                        33
     NOR2_X1                         1

   Chip area for module '$paramod$16dfd0cc9c94a3fedf300165b996dec38137037e\VX_pipe_register': 217.854000
     of which used for sequential elements: 4874.716000 (2237.61%)

   Estimated number of transistors:          0+

=== $paramod$1af168841491ae31ea8e4855135a15933fcd3ea4\VX_skid_buffer ===

   Number of wires:                  8
   Number of wire bits:            162
   Number of public wires:           8
   Number of public wire bits:     162
   Number of ports:                  8
   Number of port bits:            162
   Number of memories:               0
   Number of memory bits:            0
   Number of processes:              0
   Number of cells:                  1
     $paramod$1af168841491ae31ea8e4855135a15933fcd3ea4\VX_stream_buffer      1

   Area for cell type $paramod$1af168841491ae31ea8e4855135a15933fcd3ea4\VX_stream_buffer is unknown!

   Estimated number of transistors:          0+

=== $paramod$1af168841491ae31ea8e4855135a15933fcd3ea4\VX_stream_buffer ===

   Number of wires:                822
   Number of wire bits:           1207
   Number of public wires:          14
   Number of public wire bits:     322
   Number of ports:                  8
   Number of port bits:            162
   Number of memories:               0
   Number of memory bits:            0
   Number of processes:              0
   Number of cells:                400
     AOI211_X1                       1
     DFF_X1                        158
     INV_X1                          1
     MUX2_X1                       234
     NAND2_X1                        1
     NOR2_X1                         1
     NOR3_X1                         2
     OAI21_X1                        1
     OR2_X1                          1

   Chip area for module '$paramod$1af168841491ae31ea8e4855135a15933fcd3ea4\VX_stream_buffer': 1157.898000
     of which used for sequential elements: 5589.192000 (482.70%)

   Estimated number of transistors:          0+

=== $paramod$230215b21a3f3566ad1622a91c4a5198379932db\VX_skid_buffer ===

   Number of wires:                  8
   Number of wire bits:           1160
   Number of public wires:           8
   Number of public wire bits:    1160
   Number of ports:                  8
   Number of port bits:           1160
   Number of memories:               0
   Number of memory bits:            0
   Number of processes:              0
   Number of cells:                  1
     $paramod$230215b21a3f3566ad1622a91c4a5198379932db\VX_stream_buffer      1

   Area for cell type $paramod$230215b21a3f3566ad1622a91c4a5198379932db\VX_stream_buffer is unknown!

   Estimated number of transistors:          0+

=== $paramod$230215b21a3f3566ad1622a91c4a5198379932db\VX_stream_buffer ===

   Number of wires:               5812
   Number of wire bits:           8692
   Number of public wires:          14
   Number of public wire bits:    2318
   Number of ports:                  8
   Number of port bits:           1160
   Number of memories:               0
   Number of memory bits:            0
   Number of processes:              0
   Number of cells:               2895
     AND2_X1                         1
     AOI211_X1                       1
     DFF_X1                       1156
     INV_X1                          1
     MUX2_X1                      1731
     NOR2_X1                         1
     NOR3_X1                         2
     OAI21_X1                        1
     OR2_X1                          1

   Chip area for module '$paramod$230215b21a3f3566ad1622a91c4a5198379932db\VX_stream_buffer': 8458.534000
     of which used for sequential elements: 10816.624000 (127.88%)

   Estimated number of transistors:          0+

=== $paramod$29c2fcf872559fbb3909a88efa6502a5e44b3975\VX_rr_arbiter ===

   Number of wires:                 75
   Number of wire bits:             91
   Number of public wires:          20
   Number of public wire bits:      31
   Number of ports:                  7
   Number of port bits:              9
   Number of memories:               0
   Number of memory bits:            0
   Number of processes:              0
   Number of cells:                 30
     $paramod\VX_onehot_encoder\N=s32'00000000000000000000000000000010      1
     AND2_X1                         2
     AOI211_X1                       1
     AOI21_X1                        4
     AOI22_X1                        1
     DFF_X1                          4
     INV_X1                          5
     NAND2_X1                        4
     NAND3_X1                        2
     NAND4_X1                        1
     NOR2_X1                         2
     NOR3_X1                         1
     OAI22_X1                        1
     OR2_X1                          1

   Area for cell type $paramod\VX_onehot_encoder\N=s32'00000000000000000000000000000010 is unknown!

   Chip area for module '$paramod$29c2fcf872559fbb3909a88efa6502a5e44b3975\VX_rr_arbiter': 41.496000
     of which used for sequential elements: 10834.712000 (26110.26%)

   Estimated number of transistors:          0+

=== $paramod$2b4d4de3b6172c1c3d7c15e39c33ff61c5906377\VX_skid_buffer ===

   Number of wires:                  8
   Number of wire bits:             22
   Number of public wires:           8
   Number of public wire bits:      22
   Number of ports:                  8
   Number of port bits:             22
   Number of memories:               0
   Number of memory bits:            0
   Number of processes:              0
   Number of cells:                  1
     $paramod$2b4d4de3b6172c1c3d7c15e39c33ff61c5906377\VX_stream_buffer      1

   Area for cell type $paramod$2b4d4de3b6172c1c3d7c15e39c33ff61c5906377\VX_stream_buffer is unknown!

   Estimated number of transistors:          0+

=== $paramod$2b4d4de3b6172c1c3d7c15e39c33ff61c5906377\VX_stream_buffer ===

   Number of wires:                122
   Number of wire bits:            157
   Number of public wires:          14
   Number of public wire bits:      42
   Number of ports:                  8
   Number of port bits:             22
   Number of memories:               0
   Number of memory bits:            0
   Number of processes:              0
   Number of cells:                 50
     AOI211_X1                       1
     DFF_X1                         18
     INV_X1                          1
     MUX2_X1                        24
     NAND2_X1                        1
     NOR2_X1                         1
     NOR3_X1                         2
     OAI21_X1                        1
     OR2_X1                          1

   Chip area for module '$paramod$2b4d4de3b6172c1c3d7c15e39c33ff61c5906377\VX_stream_buffer': 133.798000
     of which used for sequential elements: 10916.108000 (8158.65%)

   Estimated number of transistors:          0+

=== $paramod$370a6d8436a31b276ab676f06b99d10febb9d45e\VX_pipe_buffer ===

   Number of wires:                  8
   Number of wire bits:             96
   Number of public wires:           8
   Number of public wire bits:      96
   Number of ports:                  8
   Number of port bits:             96
   Number of memories:               0
   Number of memory bits:            0
   Number of processes:              0
   Number of cells:                  0

   Estimated number of transistors:          0

=== $paramod$438cc21b37d6aedd0aa9ce5f06688afdfb2b13fd\VX_generic_arbiter ===

   Number of wires:                  7
   Number of wire bits:              9
   Number of public wires:           7
   Number of public wire bits:       9
   Number of ports:                  7
   Number of port bits:              9
   Number of memories:               0
   Number of memory bits:            0
   Number of processes:              0
   Number of cells:                  1
     $paramod$29c2fcf872559fbb3909a88efa6502a5e44b3975\VX_rr_arbiter      1

   Area for cell type $paramod$29c2fcf872559fbb3909a88efa6502a5e44b3975\VX_rr_arbiter is unknown!

   Estimated number of transistors:          0+

=== $paramod$58371ae368f861eff2d2452ec26cd2412268336b\VX_mm_axi_arb ===

   Number of wires:               5194
   Number of wire bits:          17484
   Number of public wires:          87
   Number of public wire bits:    6377
   Number of ports:                 52
   Number of port bits:           5090
   Number of memories:               0
   Number of memory bits:            0
   Number of processes:              0
   Number of cells:               2826
     $paramod$6c4e3ee8fa5db98e22bbcdc15277835caf68bbbe\VX_generic_arbiter      2
     AND2_X1                        10
     AOI211_X1                       1
     AOI21_X1                        2
     AOI221_X1                       1
     AOI222_X1                      78
     DFF_X1                          3
     INV_X1                        165
     NAND2_X1                      581
     NAND3_X1                        3
     NOR2_X1                       588
     NOR3_X1                         6
     OAI211_X1                       2
     OAI21_X1                     1230
     OAI22_X1                       76
     OR2_X1                         78

   Area for cell type $paramod$6c4e3ee8fa5db98e22bbcdc15277835caf68bbbe\VX_generic_arbiter is unknown!

   Chip area for module '$paramod$58371ae368f861eff2d2452ec26cd2412268336b\VX_mm_axi_arb': 2720.914000
     of which used for sequential elements: 10929.674000 (401.69%)

   Estimated number of transistors:          0+

=== $paramod$658729e91df3272ac594003e15346a1a891f952a\VX_pipe_register ===

   Number of wires:                 16
   Number of wire bits:             16
   Number of public wires:           6
   Number of public wire bits:       6
   Number of ports:                  5
   Number of port bits:              5
   Number of memories:               0
   Number of memory bits:            0
   Number of processes:              0
   Number of cells:                  4
     AOI211_X1                       1
     DFF_X1                          1
     INV_X1                          1
     NOR2_X1                         1

   Chip area for module '$paramod$658729e91df3272ac594003e15346a1a891f952a\VX_pipe_register': 7.182000
     of which used for sequential elements: 10934.196000 (152244.44%)

   Estimated number of transistors:          0+

=== $paramod$6c4e3ee8fa5db98e22bbcdc15277835caf68bbbe\VX_generic_arbiter ===

   Number of wires:                  7
   Number of wire bits:             12
   Number of public wires:           7
   Number of public wire bits:      12
   Number of ports:                  7
   Number of port bits:             12
   Number of memories:               0
   Number of memory bits:            0
   Number of processes:              0
   Number of cells:                  1
     $paramod$baf03f673d03b1336c04b8773e45935e4e090ec5\VX_rr_arbiter      1

   Area for cell type $paramod$baf03f673d03b1336c04b8773e45935e4e090ec5\VX_rr_arbiter is unknown!

   Estimated number of transistors:          0+

=== $paramod$9fdd7775c1ee94a9ab095485f1686b63d9ee7a81\VX_mm_axi_arb ===

   Number of wires:               2355
   Number of wire bits:           7459
   Number of public wires:          87
   Number of public wire bits:    5100
   Number of ports:                 52
   Number of port bits:           3818
   Number of memories:               0
   Number of memory bits:            0
   Number of processes:              0
   Number of cells:                761
     $paramod$438cc21b37d6aedd0aa9ce5f06688afdfb2b13fd\VX_generic_arbiter      2
     AND2_X1                         8
     AND3_X1                         2
     AOI211_X1                       1
     AOI21_X1                        1
     DFF_X1                          2
     INV_X1                          5
     MUX2_X1                       734
     NAND3_X1                        1
     NAND4_X1                        1
     NOR2_X1                         4

   Area for cell type $paramod$438cc21b37d6aedd0aa9ce5f06688afdfb2b13fd\VX_generic_arbiter is unknown!

   Chip area for module '$paramod$9fdd7775c1ee94a9ab095485f1686b63d9ee7a81\VX_mm_axi_arb': 1397.564000
     of which used for sequential elements: 10943.240000 (783.02%)

   Estimated number of transistors:          0+

=== $paramod$a162576d6f7c7153cbe8a4fac1ff2ee16504be9d\VX_elastic_buffer ===

   Number of wires:                 11
   Number of wire bits:            143
   Number of public wires:          11
   Number of public wire bits:     143
   Number of ports:                  8
   Number of port bits:             96
   Number of memories:               0
   Number of memory bits:            0
   Number of processes:              0
   Number of cells:                  2
     $paramod$370a6d8436a31b276ab676f06b99d10febb9d45e\VX_pipe_buffer      1
     $paramod\VX_stream_buffer\DATAW=s32'00000000000000000000000000101101\OUT_REG=1'1      1

   Area for cell type $paramod\VX_stream_buffer\DATAW=s32'00000000000000000000000000101101\OUT_REG=1'1 is unknown!
   Area for cell type $paramod$370a6d8436a31b276ab676f06b99d10febb9d45e\VX_pipe_buffer is unknown!

   Estimated number of transistors:          0+

=== $paramod$ab5de2a4d3326e5084eaf015892c36bf4a5d0435\VX_mm_axi_xbar ===

   Number of wires:                152
   Number of wire bits:           5267
   Number of public wires:          63
   Number of public wire bits:    5174
   Number of ports:                 55
   Number of port bits:           5098
   Number of memories:               0
   Number of memory bits:            0
   Number of processes:              0
   Number of cells:                 38
     $paramod$58371ae368f861eff2d2452ec26cd2412268336b\VX_mm_axi_arb      1
     AND4_X1                         1
     AOI211_X1                       1
     AOI21_X1                        4
     AOI221_X1                       2
     DFF_X1                          4
     INV_X1                          9
     NAND2_X1                        3
     NAND3_X1                        1
     NAND4_X1                        1
     NOR2_X1                         4
     OAI211_X1                       1
     OAI21_X1                        4
     OR3_X1                          1
     XOR2_X1                         1

   Area for cell type $paramod$58371ae368f861eff2d2452ec26cd2412268336b\VX_mm_axi_arb is unknown!

   Chip area for module '$paramod$ab5de2a4d3326e5084eaf015892c36bf4a5d0435\VX_mm_axi_xbar': 49.742000
     of which used for sequential elements: 10961.328000 (22036.36%)

   Estimated number of transistors:          0+

=== $paramod$afbc1128b975ae89151e5279765dd6b3ce57df06\VX_mm_axi_xbar ===

   Number of wires:                103
   Number of wire bits:           3941
   Number of public wires:          63
   Number of public wire bits:    3898
   Number of ports:                 55
   Number of port bits:           3824
   Number of memories:               0
   Number of memory bits:            0
   Number of processes:              0
   Number of cells:                 15
     $paramod$9fdd7775c1ee94a9ab095485f1686b63d9ee7a81\VX_mm_axi_arb      1
     AOI21_X1                        2
     DFF_X1                          3
     INV_X1                          1
     NAND2_X1                        1
     NAND3_X1                        2
     NOR2_X1                         1
     OAI21_X1                        1
     XNOR2_X1                        2
     XOR2_X1                         1

   Area for cell type $paramod$9fdd7775c1ee94a9ab095485f1686b63d9ee7a81\VX_mm_axi_arb is unknown!

   Chip area for module '$paramod$afbc1128b975ae89151e5279765dd6b3ce57df06\VX_mm_axi_xbar': 25.802000
     of which used for sequential elements: 10974.894000 (42535.05%)

   Estimated number of transistors:          0+

=== $paramod$baf03f673d03b1336c04b8773e45935e4e090ec5\VX_rr_arbiter ===

   Number of wires:                 94
   Number of wire bits:            127
   Number of public wires:          20
   Number of public wire bits:      43
   Number of ports:                  7
   Number of port bits:             12
   Number of memories:               0
   Number of memory bits:            0
   Number of processes:              0
   Number of cells:                 41
     $paramod\VX_onehot_encoder\N=s32'00000000000000000000000000000011      1
     AND2_X1                         1
     AND3_X1                         1
     AOI21_X1                        6
     AOI221_X1                       1
     AOI222_X1                       2
     AOI22_X1                        1
     DFF_X1                          6
     INV_X1                          3
     MUX2_X1                         1
     NAND2_X1                        4
     NAND3_X1                        3
     NOR2_X1                         5
     OAI211_X1                       1
     OAI21_X1                        1
     OR2_X1                          3
     OR3_X1                          1

   Area for cell type $paramod\VX_onehot_encoder\N=s32'00000000000000000000000000000011 is unknown!

   Chip area for module '$paramod$baf03f673d03b1336c04b8773e45935e4e090ec5\VX_rr_arbiter': 63.840000
     of which used for sequential elements: 11002.026000 (17233.75%)

   Estimated number of transistors:          0+

=== $paramod$ef67b21ad8df31018051a2fbd0b39b20f672499f\VX_cp_arbiter ===

   Number of wires:                186
   Number of wire bits:            487
   Number of public wires:          27
   Number of public wire bits:     231
   Number of ports:                 11
   Number of port bits:             20
   Number of memories:               0
   Number of memory bits:            0
   Number of processes:              0
   Number of cells:                 58
     AND2_X1                         3
     AND3_X1                         4
     AND4_X1                         3
     AOI211_X1                       1
     AOI21_X1                        8
     DFF_X1                          8
     INV_X1                          6
     NAND2_X1                        3
     NAND3_X1                        2
     NAND4_X1                        2
     NOR2_X1                         2
     NOR3_X1                         7
     NOR4_X1                         2
     OAI211_X1                       1
     OAI21_X1                        3
     OR2_X1                          1
     OR3_X1                          2

   Chip area for module '$paramod$ef67b21ad8df31018051a2fbd0b39b20f672499f\VX_cp_arbiter': 89.642000
     of which used for sequential elements: 11038.202000 (12313.65%)

   Estimated number of transistors:          0+

=== $paramod\VX_onehot_encoder\N=s32'00000000000000000000000000000010 ===

   Number of wires:                  6
   Number of wire bits:              7
   Number of public wires:           3
   Number of public wire bits:       4
   Number of ports:                  3
   Number of port bits:              4
   Number of memories:               0
   Number of memory bits:            0
   Number of processes:              0
   Number of cells:                  1
     OR2_X1                          1

   Chip area for module '$paramod\VX_onehot_encoder\N=s32'00000000000000000000000000000010': 1.064000
     of which used for sequential elements: 11038.202000 (1037425.00%)

   Estimated number of transistors:          0+

=== $paramod\VX_onehot_encoder\N=s32'00000000000000000000000000000011 ===

   Number of wires:                 18
   Number of wire bits:             40
   Number of public wires:          13
   Number of public wire bits:      35
   Number of ports:                  3
   Number of port bits:              6
   Number of memories:               0
   Number of memory bits:            0
   Number of processes:              0
   Number of cells:                  1
     OR3_X1                          1

   Chip area for module '$paramod\VX_onehot_encoder\N=s32'00000000000000000000000000000011': 1.330000
     of which used for sequential elements: 11038.202000 (829940.00%)

   Estimated number of transistors:          0+

=== $paramod\VX_stream_buffer\DATAW=s32'00000000000000000000000000101101\OUT_REG=1'1 ===

   Number of wires:                492
   Number of wire bits:            712
   Number of public wires:          14
   Number of public wire bits:     190
   Number of ports:                  8
   Number of port bits:             96
   Number of memories:               0
   Number of memory bits:            0
   Number of processes:              0
   Number of cells:                235
     AOI211_X1                       1
     DFF_X1                         92
     INV_X1                          1
     MUX2_X1                       135
     NAND2_X1                        1
     NOR2_X1                         1
     NOR3_X1                         2
     OAI21_X1                        1
     OR2_X1                          1

   Chip area for module '$paramod\VX_stream_buffer\DATAW=s32'00000000000000000000000000101101\OUT_REG=1'1': 675.108000
     of which used for sequential elements: 11454.226000 (1696.65%)

   Estimated number of transistors:          0+

=== VX_cp_core_top ===

   Number of wires:             205161
   Number of wire bits:         331207
   Number of public wires:        1081
   Number of public wire bits:   74537
   Number of ports:                127
   Number of port bits:           3082
   Number of memories:               0
   Number of memory bits:            0
   Number of processes:              0
   Number of cells:             126177
     $paramod$08f5926ccb34b1a68bbe3bf2bffc734c7ce718b5\VX_mm_axi_slice      2
     $paramod$16dfd0cc9c94a3fedf300165b996dec38137037e\VX_pipe_register      1
     $paramod$658729e91df3272ac594003e15346a1a891f952a\VX_pipe_register      1
     $paramod$a162576d6f7c7153cbe8a4fac1ff2ee16504be9d\VX_elastic_buffer      1
     $paramod$ab5de2a4d3326e5084eaf015892c36bf4a5d0435\VX_mm_axi_xbar      1
     $paramod$afbc1128b975ae89151e5279765dd6b3ce57df06\VX_mm_axi_xbar      1
     $paramod$ef67b21ad8df31018051a2fbd0b39b20f672499f\VX_cp_arbiter      4
     AND2_X1                      1215
     AND3_X1                       191
     AND4_X1                        84
     AOI211_X1                    2097
     AOI21_X1                     8054
     AOI221_X1                     728
     AOI222_X1                      79
     AOI22_X1                     1284
     DFF_X1                      35233
     INV_X1                       4455
     MUX2_X1                     39237
     NAND2_X1                     2300
     NAND3_X1                     1086
     NAND4_X1                      107
     NOR2_X1                      7121
     NOR3_X1                       456
     NOR4_X1                        94
     OAI211_X1                    5563
     OAI21_X1                    11653
     OAI221_X1                     932
     OAI222_X1                       3
     OAI22_X1                      983
     OAI33_X1                        6
     OR2_X1                       2781
     OR3_X1                        116
     OR4_X1                         12
     VX_cp_dcr_proxy                 1
     VX_cp_launch                    1
     VX_cp_unpack                    1
     XNOR2_X1                      184
     XOR2_X1                       109

   Area for cell type \VX_cp_unpack is unknown!
   Area for cell type \VX_cp_launch is unknown!
   Area for cell type \VX_cp_dcr_proxy is unknown!
   Area for cell type $paramod$16dfd0cc9c94a3fedf300165b996dec38137037e\VX_pipe_register is unknown!
   Area for cell type $paramod$658729e91df3272ac594003e15346a1a891f952a\VX_pipe_register is unknown!
   Area for cell type $paramod$a162576d6f7c7153cbe8a4fac1ff2ee16504be9d\VX_elastic_buffer is unknown!
   Area for cell type $paramod$08f5926ccb34b1a68bbe3bf2bffc734c7ce718b5\VX_mm_axi_slice is unknown!
   Area for cell type $paramod$afbc1128b975ae89151e5279765dd6b3ce57df06\VX_mm_axi_xbar is unknown!
   Area for cell type $paramod$ab5de2a4d3326e5084eaf015892c36bf4a5d0435\VX_mm_axi_xbar is unknown!
   Area for cell type $paramod$ef67b21ad8df31018051a2fbd0b39b20f672499f\VX_cp_arbiter is unknown!

   Chip area for module '\VX_cp_core_top': 286466.040000
     of which used for sequential elements: 170777.852000 (59.62%)

   Estimated number of transistors:          0+

=== VX_cp_dcr_proxy ===

   Number of wires:               1173
   Number of wire bits:           2023
   Number of public wires:          28
   Number of public wire bits:     611
   Number of ports:                 13
   Number of port bits:            404
   Number of memories:               0
   Number of memory bits:            0
   Number of processes:              0
   Number of cells:                605
     AND2_X1                         4
     AND3_X1                         4
     AND4_X1                         2
     AOI211_X1                       5
     AOI21_X1                      115
     AOI221_X1                       3
     AOI22_X1                        3
     DFF_X1                        112
     INV_X1                        102
     MUX2_X1                        16
     NAND2_X1                       10
     NAND3_X1                        4
     NAND4_X1                        4
     NOR2_X1                        46
     NOR3_X1                         2
     NOR4_X1                         6
     OAI211_X1                       1
     OAI21_X1                      121
     OAI222_X1                       1
     OAI22_X1                        5
     OR2_X1                         22
     OR3_X1                          2
     OR4_X1                          1
     XNOR2_X1                       10
     XOR2_X1                         4

   Chip area for module '\VX_cp_dcr_proxy': 994.308000
     of which used for sequential elements: 171284.316000 (17226.48%)

   Estimated number of transistors:          0+

=== VX_cp_launch ===

   Number of wires:                 60
   Number of wire bits:             83
   Number of public wires:           9
   Number of public wire bits:      10
   Number of ports:                  7
   Number of port bits:              7
   Number of memories:               0
   Number of memory bits:            0
   Number of processes:              0
   Number of cells:                 18
     AOI211_X1                       2
     AOI21_X1                        2
     AOI221_X1                       1
     AOI22_X1                        1
     DFF_X1                          2
     INV_X1                          1
     NAND2_X1                        1
     NOR2_X1                         5
     NOR3_X1                         2
     OAI22_X1                        1

   Chip area for module '\VX_cp_launch': 25.536000
     of which used for sequential elements: 171293.360000 (670791.67%)

   Estimated number of transistors:          0+

=== VX_cp_unpack ===

   Number of wires:               7146
   Number of wire bits:         458372
   Number of public wires:          66
   Number of public wire bits:    2736
   Number of ports:                  5
   Number of port bits:            815
   Number of memories:               0
   Number of memory bits:            0
   Number of processes:              0
   Number of cells:               5688
     AND2_X1                       270
     AND3_X1                        13
     AND4_X1                         3
     AOI211_X1                     333
     AOI21_X1                      793
     AOI221_X1                     102
     AOI222_X1                      50
     AOI22_X1                      149
     INV_X1                         63
     MUX2_X1                      1484
     NAND2_X1                      582
     NAND3_X1                       50
     NAND4_X1                        9
     NOR2_X1                       536
     NOR3_X1                       142
     NOR4_X1                        48
     OAI211_X1                     148
     OAI21_X1                      668
     OAI221_X1                      25
     OAI222_X1                       4
     OAI22_X1                       38
     OAI33_X1                        9
     OR2_X1                         90
     OR3_X1                          7
     OR4_X1                          2
     XNOR2_X1                       59
     XOR2_X1                        11

   Chip area for module '\VX_cp_unpack': 7275.632000
     of which used for sequential elements: 171293.360000 (2354.34%)

   Estimated number of transistors:          0+

=== design hierarchy ===

   VX_cp_core_top                    1
     $paramod$08f5926ccb34b1a68bbe3bf2bffc734c7ce718b5\VX_mm_axi_slice      2
       $paramod$14e6aea35e7d6ba57701114953c42647aaa73ea0\VX_skid_buffer      1
         $paramod$14e6aea35e7d6ba57701114953c42647aaa73ea0\VX_stream_buffer      1
       $paramod$1af168841491ae31ea8e4855135a15933fcd3ea4\VX_skid_buffer      2
         $paramod$1af168841491ae31ea8e4855135a15933fcd3ea4\VX_stream_buffer      1
       $paramod$230215b21a3f3566ad1622a91c4a5198379932db\VX_skid_buffer      1
         $paramod$230215b21a3f3566ad1622a91c4a5198379932db\VX_stream_buffer      1
       $paramod$2b4d4de3b6172c1c3d7c15e39c33ff61c5906377\VX_skid_buffer      1
         $paramod$2b4d4de3b6172c1c3d7c15e39c33ff61c5906377\VX_stream_buffer      1
     $paramod$16dfd0cc9c94a3fedf300165b996dec38137037e\VX_pipe_register      1
     $paramod$658729e91df3272ac594003e15346a1a891f952a\VX_pipe_register      1
     $paramod$a162576d6f7c7153cbe8a4fac1ff2ee16504be9d\VX_elastic_buffer      1
       $paramod$370a6d8436a31b276ab676f06b99d10febb9d45e\VX_pipe_buffer      1
       $paramod\VX_stream_buffer\DATAW=s32'00000000000000000000000000101101\OUT_REG=1'1      1
     $paramod$ab5de2a4d3326e5084eaf015892c36bf4a5d0435\VX_mm_axi_xbar      1
       $paramod$58371ae368f861eff2d2452ec26cd2412268336b\VX_mm_axi_arb      1
         $paramod$6c4e3ee8fa5db98e22bbcdc15277835caf68bbbe\VX_generic_arbiter      2
           $paramod$baf03f673d03b1336c04b8773e45935e4e090ec5\VX_rr_arbiter      1
             $paramod\VX_onehot_encoder\N=s32'00000000000000000000000000000011      1
     $paramod$afbc1128b975ae89151e5279765dd6b3ce57df06\VX_mm_axi_xbar      1
       $paramod$9fdd7775c1ee94a9ab095485f1686b63d9ee7a81\VX_mm_axi_arb      1
         $paramod$438cc21b37d6aedd0aa9ce5f06688afdfb2b13fd\VX_generic_arbiter      2
           $paramod$29c2fcf872559fbb3909a88efa6502a5e44b3975\VX_rr_arbiter      1
             $paramod\VX_onehot_encoder\N=s32'00000000000000000000000000000010      1
     $paramod$ef67b21ad8df31018051a2fbd0b39b20f672499f\VX_cp_arbiter      4
     VX_cp_dcr_proxy                 1
     VX_cp_launch                    1
     VX_cp_unpack                    1

   Number of wires:             249056
   Number of wire bits:         878097
   Number of public wires:        2103
   Number of public wire bits:  120635
   Number of ports:                776
   Number of port bits:          37994
   Number of memories:               0
   Number of memory bits:            0
   Number of processes:              0
   Number of cells:             149511
     AND2_X1                      1529
     AND3_X1                       228
     AND4_X1                       102
     AOI211_X1                    2459
     AOI21_X1                     9025
     AOI221_X1                     839
     AOI222_X1                     211
     AOI22_X1                     1441
     DFF_X1                      40606
     INV_X1                       4854
     MUX2_X1                     49213
     NAND2_X1                     3513
     NAND3_X1                     1165
     NAND4_X1                      132
     NOR2_X1                      8340
     NOR3_X1                       660
     NOR4_X1                       156
     OAI211_X1                    5721
     OAI21_X1                    13702
     OAI221_X1                     957
     OAI222_X1                       8
     OAI22_X1                     1105
     OAI33_X1                       15
     OR2_X1                       2996
     OR3_X1                        138
     OR4_X1                         15
     XNOR2_X1                      255
     XOR2_X1                       126

   Chip area for top module '\VX_cp_core_top': 337524.474000
     of which used for sequential elements: 171293.360000 (50.75%)

   Estimated number of transistors:          0+

