OpenSTA 2.0.17 GITDIR-NOT Copyright (c) 2019, Parallax Software, Inc.
License GPLv3: GNU GPL version 3 <http://gnu.org/licenses/gpl.html>

This is free software, and you are free to change and redistribute it
under certain conditions; type `show_copying' for details. 
This program comes with ABSOLUTELY NO WARRANTY; for details type `show_warranty'.
read_liberty /home/houdong/vortex/hw/syn/libs/NangateOpenCellLibrary_typical.lib
read_verilog results/exp07/ppa/baseline/asic400_out/VX_cp_arbiter_top_mapped.v
Error: results/exp07/ppa/baseline/asic400_out/VX_cp_arbiter_top_mapped.v, line 367 syntax error, unexpected '{', expecting ID.
Error: results/exp07/ppa/baseline/asic400_out/VX_cp_arbiter_top_mapped.v, line 370 syntax error, unexpected '{', expecting ID.
Error: results/exp07/ppa/baseline/asic400_out/VX_cp_arbiter_top_mapped.v, line 371 syntax error, unexpected '{', expecting ID.
Error: results/exp07/ppa/baseline/asic400_out/VX_cp_arbiter_top_mapped.v, line 372 syntax error, unexpected '{', expecting ID.
Error: results/exp07/ppa/baseline/asic400_out/VX_cp_arbiter_top_mapped.v, line 377 syntax error, unexpected '{', expecting ID.
Error: results/exp07/ppa/baseline/asic400_out/VX_cp_arbiter_top_mapped.v, line 400 syntax error, unexpected '{', expecting ID.
link_design VX_cp_arbiter_top
read_sdc results/exp07/ppa/baseline/asic400_out/VX_cp_arbiter_top.resolved.sdc
INFO: Using clock port: clk
INFO: Found reset ports: _204b52c4995f0000_p_Port
Error: run_sta.tcl, 70 invalid command name "report_units"
Clock                   Period          Waveform
----------------------------------------------------
clk                       2.50        0.00      1.25
ext_clk                   2.50        0.00      1.25
wns 0.00
tns 0.00
Startpoint: u_arb/_167_ (rising edge-triggered flip-flop clocked by clk)
Endpoint: u_arb/_167_ (rising edge-triggered flip-flop clocked by clk)
Path Group: clk
Path Type: max

   Delay     Time   Description
-----------------------------------------------------------
   0.000    0.000   clock clk (rise edge)
   0.000    0.000   clock network delay (ideal)
   0.000    0.000 ^ u_arb/_167_/CK (DFF_X1)
   0.117    0.117 ^ u_arb/_167_/Q (DFF_X1)
   0.069    0.186 v u_arb/_135_/Z (MUX2_X1)
   0.063    0.249 v u_arb/_144_/Z (MUX2_X1)
   0.140    0.390 ^ u_arb/_145_/ZN (NOR4_X1)
   0.039    0.428 v u_arb/_149_/ZN (AOI22_X1)
   0.061    0.489 v u_arb/_150_/ZN (XNOR2_X1)
   0.039    0.528 v u_arb/_158_/ZN (AND2_X1)
   0.071    0.599 ^ u_arb/_164_/ZN (AOI221_X1)
   0.014    0.613 v u_arb/_165_/ZN (NOR2_X1)
   0.000    0.613 v u_arb/_167_/D (DFF_X1)
            0.613   data arrival time

   2.500    2.500   clock clk (rise edge)
   0.000    2.500   clock network delay (ideal)
  -0.050    2.450   clock uncertainty
   0.000    2.450   clock reconvergence pessimism
            2.450 ^ u_arb/_167_/CK (DFF_X1)
  -0.041    2.409   library setup time
            2.409   data required time
-----------------------------------------------------------
            2.409   data required time
           -0.613   data arrival time
-----------------------------------------------------------
            1.796   slack (MET)


Startpoint: u_arb/_167_ (rising edge-triggered flip-flop clocked by clk)
Endpoint: bid_grant[0] (output port clocked by ext_clk)
Path Group: ext_clk
Path Type: max

   Delay     Time   Description
-----------------------------------------------------------
   0.000    0.000   clock clk (rise edge)
   0.000    0.000   clock network delay (ideal)
   0.000    0.000 ^ u_arb/_167_/CK (DFF_X1)
   0.117    0.117 ^ u_arb/_167_/Q (DFF_X1)
   0.069    0.186 v u_arb/_135_/Z (MUX2_X1)
   0.063    0.249 v u_arb/_144_/Z (MUX2_X1)
   0.140    0.390 ^ u_arb/_145_/ZN (NOR4_X1)
   0.042    0.431 v u_arb/_152_/ZN (AOI221_X1)
   0.072    0.504 ^ u_arb/_153_/ZN (XNOR2_X1)
   0.016    0.520 v u_arb/_154_/ZN (INV_X1)
   0.035    0.555 ^ u_arb/_157_/ZN (NOR3_X1)
   0.000    0.555 ^ bid_grant[0] (out)
            0.555   data arrival time

   2.500    2.500   clock ext_clk (rise edge)
   0.000    2.500   clock network delay (ideal)
   0.000    2.500   clock reconvergence pessimism
  -0.125    2.375   output external delay
            2.375   data required time
-----------------------------------------------------------
            2.375   data required time
           -0.555   data arrival time
-----------------------------------------------------------
            1.820   slack (MET)


Startpoint: reset (input port clocked by ext_clk)
Endpoint: u_arb/_167_ (rising edge-triggered flip-flop clocked by clk)
Path Group: clk
Path Type: min

   Delay     Time   Description
-----------------------------------------------------------
   0.000    0.000   clock ext_clk (rise edge)
   0.000    0.000   clock network delay (ideal)
   0.125    0.125 ^ input external delay
   0.000    0.125 ^ reset (in)
   0.005    0.130 v u_arb/_165_/ZN (NOR2_X1)
   0.000    0.130 v u_arb/_167_/D (DFF_X1)
            0.130   data arrival time

   0.000    0.000   clock clk (rise edge)
   0.000    0.000   clock network delay (ideal)
   0.050    0.050   clock uncertainty
   0.000    0.050   clock reconvergence pessimism
            0.050 ^ u_arb/_167_/CK (DFF_X1)
   0.001    0.051   library hold time
            0.051   data required time
-----------------------------------------------------------
            0.051   data required time
           -0.130   data arrival time
-----------------------------------------------------------
            0.078   slack (MET)


Startpoint: u_arb/_167_ (rising edge-triggered flip-flop clocked by clk)
Endpoint: rr_pointer[1] (output port clocked by ext_clk)
Path Group: ext_clk
Path Type: min

   Delay     Time   Description
-----------------------------------------------------------
   0.000    0.000   clock clk (rise edge)
   0.000    0.000   clock network delay (ideal)
   0.000    0.000 ^ u_arb/_167_/CK (DFF_X1)
   0.098    0.098 v u_arb/_167_/Q (DFF_X1)
   0.000    0.098 v rr_pointer[1] (out)
            0.098   data arrival time

   0.000    0.000   clock ext_clk (rise edge)
   0.000    0.000   clock network delay (ideal)
   0.000    0.000   clock reconvergence pessimism
  -0.125   -0.125   output external delay
           -0.125   data required time
-----------------------------------------------------------
           -0.125   data required time
           -0.098   data arrival time
-----------------------------------------------------------
            0.223   slack (MET)


INFO: SAIF_FILE not provided (or not found); power will be vectorless/default.
STA done.
Saving command history
