
23. Printing statistics.

=== $paramod\VX_cp_arbiter\N=4\ENABLE_PRIORITY=1'0 ===

   Number of wires:                145
   Number of wire bits:           1026
   Number of public wires:          15
   Number of public wire bits:     128
   Number of memories:               0
   Number of memory bits:            0
   Number of processes:              0
   Number of cells:                 38
     AND2_X1                         6
     AND4_X1                         1
     AOI211_X1                       1
     AOI21_X1                        3
     AOI221_X1                       2
     AOI22_X1                        1
     DFF_X1                          2
     INV_X1                          3
     MUX2_X1                         6
     NAND2_X1                        4
     NOR2_X1                         3
     NOR3_X1                         2
     NOR4_X1                         1
     OAI21_X1                        1
     XNOR2_X1                        2

   Chip area for module '$paramod\VX_cp_arbiter\N=4\ENABLE_PRIORITY=1'0': 52.136000

=== VX_cp_arbiter_top ===

   Number of wires:                 10
   Number of wire bits:             38
   Number of public wires:          10
   Number of public wire bits:      38
   Number of memories:               0
   Number of memory bits:            0
   Number of processes:              0
   Number of cells:                  1
     $paramod\VX_cp_arbiter\N=4\ENABLE_PRIORITY=1'0      1

   Area for cell type $paramod\VX_cp_arbiter\N=4\ENABLE_PRIORITY=1'0 is unknown!

=== design hierarchy ===

   VX_cp_arbiter_top                 1
     $paramod\VX_cp_arbiter\N=4\ENABLE_PRIORITY=1'0      1

   Number of wires:                155
   Number of wire bits:           1064
   Number of public wires:          25
   Number of public wire bits:     166
   Number of memories:               0
   Number of memory bits:            0
   Number of processes:              0
   Number of cells:                 38
     AND2_X1                         6
     AND4_X1                         1
     AOI211_X1                       1
     AOI21_X1                        3
     AOI221_X1                       2
     AOI22_X1                        1
     DFF_X1                          2
     INV_X1                          3
     MUX2_X1                         6
     NAND2_X1                        4
     NOR2_X1                         3
     NOR3_X1                         2
     NOR4_X1                         1
     OAI21_X1                        1
     XNOR2_X1                        2

   Chip area for top module '\VX_cp_arbiter_top': 52.136000

