OpenSTA 2.0.17 GITDIR-NOT Copyright (c) 2019, Parallax Software, Inc.
License GPLv3: GNU GPL version 3 <http://gnu.org/licenses/gpl.html>

This is free software, and you are free to change and redistribute it
under certain conditions; type `show_copying' for details. 
This program comes with ABSOLUTELY NO WARRANTY; for details type `show_warranty'.
read_liberty /home/houdong/vortex/hw/syn/libs/NangateOpenCellLibrary_typical.lib
read_verilog results/exp06/ppa/baseline/asic400_out/VX_cp_fetch_top_mapped.v
link_design VX_cp_fetch_top
read_sdc results/exp06/ppa/baseline/asic400_out/VX_cp_fetch_top.resolved.sdc
INFO: Using clock port: clk
INFO: Found reset ports: _b0b1013180600000_p_Port
Error: run_sta.tcl, 70 invalid command name "report_units"
Clock                   Period          Waveform
----------------------------------------------------
clk                       2.50        0.00      1.25
ext_clk                   2.50        0.00      1.25
wns -60.17
tns -16065.62
Startpoint: _6927_ (rising edge-triggered flip-flop clocked by clk)
Endpoint: _6859_ (rising edge-triggered flip-flop clocked by clk)
Path Group: clk
Path Type: max

   Delay     Time   Description
-----------------------------------------------------------
   0.000    0.000   clock clk (rise edge)
   0.000    0.000   clock network delay (ideal)
   0.000    0.000 ^ _6927_/CK (DFF_X1)
   0.936    0.936 ^ _6927_/Q (DFF_X1)
   0.378    1.314 v u_fetch.u_unpack/_26168_/ZN (NAND3_X1)
  12.194   13.507 ^ u_fetch.u_unpack/_26198_/ZN (XNOR2_X1)
  -0.556   12.951 v u_fetch.u_unpack/_26318_/ZN (NOR2_X1)
   0.471   13.422 ^ u_fetch.u_unpack/_26319_/ZN (AOI211_X1)
   0.019   13.442 v u_fetch.u_unpack/_26320_/ZN (OAI21_X1)
   0.142   13.583 ^ u_fetch.u_unpack/_26321_/ZN (AOI21_X1)
   0.025   13.608 v u_fetch.u_unpack/_26322_/ZN (OAI21_X1)
   0.080   13.688 v u_fetch.u_unpack/_26323_/ZN (AND3_X1)
   0.068   13.757 ^ u_fetch.u_unpack/_26324_/ZN (AOI21_X1)
   0.043   13.800 v u_fetch.u_unpack/_27614_/ZN (OAI21_X1)
   0.066   13.866 ^ u_fetch.u_unpack/_27615_/ZN (AOI21_X1)
   0.031   13.897 v u_fetch.u_unpack/_27617_/ZN (XNOR2_X1)
   3.157   17.054 ^ u_fetch.u_unpack/_27630_/ZN (OAI21_X1)
  -0.023   17.031 v u_fetch.u_unpack/_27850_/ZN (NOR2_X1)
   0.129   17.160 ^ u_fetch.u_unpack/_27863_/ZN (AOI21_X1)
   0.041   17.201 ^ u_fetch.u_unpack/_27864_/ZN (OR2_X1)
   0.767   17.968 ^ u_fetch.u_unpack/_27865_/ZN (OR2_X1)
   0.245   18.214 v u_fetch.u_unpack/_27866_/ZN (INV_X1)
   0.181   18.394 ^ _4627_/ZN (NOR2_X1)
   0.029   18.423 v _4890_/ZN (NAND3_X1)
   0.126   18.550 ^ _4891_/ZN (NOR3_X1)
   0.071   18.620 ^ _5012_/ZN (AND4_X1)
   0.072   18.692 ^ _5017_/ZN (AND4_X1)
   0.016   18.708 v _5020_/ZN (NAND2_X1)
   0.046   18.754 ^ _5042_/ZN (NOR3_X1)
   0.059   18.813 ^ _5044_/ZN (AND2_X1)
   0.057   18.871 ^ _5049_/ZN (AND3_X1)
   0.054   18.925 ^ _5052_/ZN (AND2_X1)
   0.057   18.982 ^ _5057_/ZN (AND3_X1)
   0.054   19.037 ^ _5060_/ZN (AND2_X1)
   0.056   19.093 ^ _5065_/ZN (AND3_X1)
   0.041   19.134 ^ _5067_/ZN (XNOR2_X1)
   0.012   19.146 v _5068_/ZN (NOR2_X1)
   0.000   19.146 v _6859_/D (DFF_X1)
           19.146   data arrival time

   2.500    2.500   clock clk (rise edge)
   0.000    2.500   clock network delay (ideal)
  -0.050    2.450   clock uncertainty
   0.000    2.450   clock reconvergence pessimism
            2.450 ^ _6859_/CK (DFF_X1)
  -0.040    2.410   library setup time
            2.410   data required time
-----------------------------------------------------------
            2.410   data required time
          -19.146   data arrival time
-----------------------------------------------------------
          -16.736   slack (VIOLATED)


Startpoint: _6929_ (rising edge-triggered flip-flop clocked by clk)
Endpoint: cmd_out_packed[208] (output port clocked by ext_clk)
Path Group: ext_clk
Path Type: max

   Delay     Time   Description
-----------------------------------------------------------
   0.000    0.000   clock clk (rise edge)
   0.000    0.000   clock network delay (ideal)
   0.000    0.000 ^ _6929_/CK (DFF_X1)
   0.267    0.267 v _6929_/Q (DFF_X1)
   0.386    0.653 ^ u_fetch.u_unpack/_26155_/ZN (INV_X1)
   0.677    1.330 v u_fetch.u_unpack/_26194_/ZN (NOR2_X1)
   6.429    7.759 ^ u_fetch.u_unpack/_27597_/ZN (NOR2_X1)
  49.044   56.803 v u_fetch.u_unpack/_34369_/ZN (AOI21_X1)
   5.508   62.311 ^ u_fetch.u_unpack/_45024_/ZN (NOR3_X1)
   0.030   62.341 v u_fetch.u_unpack/_45034_/ZN (OAI33_X1)
   0.185   62.526 ^ u_fetch.u_unpack/_45057_/ZN (AOI221_X1)
   0.015   62.541 v u_fetch.u_unpack/_45058_/ZN (AOI21_X1)
   0.000   62.541 v cmd_out_packed[208] (out)
           62.541   data arrival time

   2.500    2.500   clock ext_clk (rise edge)
   0.000    2.500   clock network delay (ideal)
   0.000    2.500   clock reconvergence pessimism
  -0.125    2.375   output external delay
            2.375   data required time
-----------------------------------------------------------
            2.375   data required time
          -62.541   data arrival time
-----------------------------------------------------------
          -60.166   slack (VIOLATED)


Startpoint: _6924_ (rising edge-triggered flip-flop clocked by clk)
Endpoint: _6924_ (rising edge-triggered flip-flop clocked by clk)
Path Group: clk
Path Type: min

   Delay     Time   Description
-----------------------------------------------------------
   0.000    0.000   clock clk (rise edge)
   0.000    0.000   clock network delay (ideal)
   0.000    0.000 ^ _6924_/CK (DFF_X1)
   0.078    0.078 v _6924_/Q (DFF_X1)
   0.028    0.106 v _4679_/ZN (AND3_X1)
   0.000    0.106 v _6924_/D (DFF_X1)
            0.106   data arrival time

   0.000    0.000   clock clk (rise edge)
   0.000    0.000   clock network delay (ideal)
   0.050    0.050   clock uncertainty
   0.000    0.050   clock reconvergence pessimism
            0.050 ^ _6924_/CK (DFF_X1)
   0.002    0.052   library hold time
            0.052   data required time
-----------------------------------------------------------
            0.052   data required time
           -0.106   data arrival time
-----------------------------------------------------------
            0.055   slack (MET)


Startpoint: _6796_ (rising edge-triggered flip-flop clocked by clk)
Endpoint: head_out[0] (output port clocked by ext_clk)
Path Group: ext_clk
Path Type: min

   Delay     Time   Description
-----------------------------------------------------------
   0.000    0.000   clock clk (rise edge)
   0.000    0.000   clock network delay (ideal)
   0.000    0.000 ^ _6796_/CK (DFF_X1)
   0.079    0.079 v _6796_/Q (DFF_X1)
   0.000    0.079 v head_out[0] (out)
            0.079   data arrival time

   0.000    0.000   clock ext_clk (rise edge)
   0.000    0.000   clock network delay (ideal)
   0.000    0.000   clock reconvergence pessimism
  -0.125   -0.125   output external delay
           -0.125   data required time
-----------------------------------------------------------
           -0.125   data required time
           -0.079   data arrival time
-----------------------------------------------------------
            0.204   slack (MET)


INFO: SAIF_FILE not provided (or not found); power will be vectorless/default.
STA done.
Saving command history
