
23. Printing statistics.

=== VX_cp_fetch_top ===

   Number of wires:               4428
   Number of wire bits:          12574
   Number of public wires:          77
   Number of public wire bits:    5632
   Number of memories:               0
   Number of memory bits:            0
   Number of processes:              0
   Number of cells:               2584
     AND2_X1                       580
     AND3_X1                        40
     AND4_X1                        18
     AOI211_X1                      20
     AOI21_X1                      103
     AOI221_X1                       5
     AOI22_X1                       16
     DFF_X1                        651
     INV_X1                        111
     MUX2_X1                       512
     NAND2_X1                       54
     NAND3_X1                       24
     NAND4_X1                       28
     NOR2_X1                       117
     NOR3_X1                        55
     NOR4_X1                        14
     OAI211_X1                      14
     OAI21_X1                       98
     OAI221_X1                       6
     OAI222_X1                       1
     OAI22_X1                        9
     OR2_X1                         13
     OR3_X1                          7
     OR4_X1                          2
     VX_cp_unpack                    1
     XNOR2_X1                       51
     XOR2_X1                        34

   Area for cell type \VX_cp_unpack is unknown!

   Chip area for module '\VX_cp_fetch_top': 5405.652000

=== VX_cp_unpack ===

   Number of wires:              25759
   Number of wire bits:         586644
   Number of public wires:           7
   Number of public wire bits:     848
   Number of memories:               0
   Number of memory bits:            0
   Number of processes:              0
   Number of cells:              24164
     AND2_X1                       266
     AND3_X1                        77
     AND4_X1                        23
     AOI211_X1                    1514
     AOI21_X1                     3574
     AOI221_X1                     379
     AOI222_X1                      36
     AOI22_X1                      663
     INV_X1                        439
     MUX2_X1                      2579
     NAND2_X1                     2210
     NAND3_X1                      760
     NAND4_X1                       70
     NOR2_X1                      2715
     NOR3_X1                       571
     NOR4_X1                       119
     OAI211_X1                    2273
     OAI21_X1                     3722
     OAI221_X1                     925
     OAI222_X1                      12
     OAI22_X1                      666
     OAI33_X1                       83
     OR2_X1                        329
     OR3_X1                         63
     OR4_X1                         27
     XNOR2_X1                       64
     XOR2_X1                         5

   Chip area for module '\VX_cp_unpack': 28547.652000

=== design hierarchy ===

   VX_cp_fetch_top                   1
     VX_cp_unpack                    1

   Number of wires:              30187
   Number of wire bits:         599218
   Number of public wires:          84
   Number of public wire bits:    6480
   Number of memories:               0
   Number of memory bits:            0
   Number of processes:              0
   Number of cells:              26747
     AND2_X1                       846
     AND3_X1                       117
     AND4_X1                        41
     AOI211_X1                    1534
     AOI21_X1                     3677
     AOI221_X1                     384
     AOI222_X1                      36
     AOI22_X1                      679
     DFF_X1                        651
     INV_X1                        550
     MUX2_X1                      3091
     NAND2_X1                     2264
     NAND3_X1                      784
     NAND4_X1                       98
     NOR2_X1                      2832
     NOR3_X1                       626
     NOR4_X1                       133
     OAI211_X1                    2287
     OAI21_X1                     3820
     OAI221_X1                     931
     OAI222_X1                      13
     OAI22_X1                      675
     OAI33_X1                       83
     OR2_X1                        342
     OR3_X1                         70
     OR4_X1                         29
     XNOR2_X1                      115
     XOR2_X1                        39

   Chip area for top module '\VX_cp_fetch_top': 33953.304000

