
4. Printing statistics.

=== VX_cp_core_top ===

   Number of wires:              10842
   Number of wire bits:         166702
   Number of public wires:        2097
   Number of public wire bits:  134434
   Number of ports:                127
   Number of port bits:           3130
   Number of memories:               0
   Number of memory bits:            0
   Number of processes:              0
   Number of cells:              30605
     $scopeinfo                     53
     BUFG                            1
     CARRY4                        578
     FDRE                        11407
     FDSE                           25
     IBUF                         1178
     INV                           285
     LUT1                          160
     LUT2                         2473
     LUT3                         2846
     LUT4                          705
     LUT5                          773
     LUT6                         7082
     MUXF7                         427
     MUXF8                         126
     OBUF                         1952
     RAM32M                         22
     RAM64M                        512

   Estimated number of LCs:      11406

