OpenSTA 2.7.0 d5761004cd Copyright (c) 2025, Parallax Software, Inc.
License GPLv3: GNU GPL version 3 <http://gnu.org/licenses/gpl.html>

This is free software, and you are free to change and redistribute it
under certain conditions; type `show_copying' for details. 
This program comes with ABSOLUTELY NO WARRANTY; for details type `show_warranty'.
read_liberty /home/houdong/vortex/hw/syn/libs/NangateOpenCellLibrary_typical.lib
read_verilog results/exp04/ppa/baseline/asic400_out/VX_cp_engine_top_mapped.v
link_design VX_cp_engine_top
read_sdc results/exp04/ppa/baseline/asic400_out/VX_cp_engine_top.resolved.sdc
INFO: Using clock port: clk
INFO: Found reset ports: _708de0a118610000_p_Port
 time 1ns
 capacitance 1fF
 resistance 1kohm
 voltage 1v
 current 1mA
 power 1nW
 distance 1um
Clock                   Period          Waveform
----------------------------------------------------
clk                       2.50        0.00      1.25
ext_clk                   2.50        0.00      1.25
wns max -0.07
tns max -19.34
Startpoint: _3513_ (rising edge-triggered flip-flop clocked by clk)
Endpoint: _3514_ (rising edge-triggered flip-flop clocked by clk)
Path Group: clk
Path Type: max

   Delay     Time   Description
-----------------------------------------------------------
   0.000    0.000   clock clk (rise edge)
   0.000    0.000   clock network delay (ideal)
   0.000    0.000 ^ _3513_/CK (DFF_X1)
   0.118    0.118 ^ _3513_/Q (DFF_X1)
   0.016    0.134 v _2670_/ZN (NOR3_X1)
   2.240    2.374 ^ _2687_/ZN (NAND2_X1)
  -0.028    2.346 v _2688_/ZN (OAI21_X1)
   0.113    2.459 ^ _2689_/ZN (AOI21_X1)
   0.000    2.459 ^ _3514_/D (DFF_X1)
            2.459   data arrival time

   2.500    2.500   clock clk (rise edge)
   0.000    2.500   clock network delay (ideal)
  -0.050    2.450   clock uncertainty
   0.000    2.450   clock reconvergence pessimism
            2.450 ^ _3514_/CK (DFF_X1)
  -0.058    2.392   library setup time
            2.392   data required time
-----------------------------------------------------------
            2.392   data required time
           -2.459   data arrival time
-----------------------------------------------------------
           -0.067   slack (VIOLATED)


Startpoint: _3512_ (rising edge-triggered flip-flop clocked by clk)
Endpoint: start_evt (output port clocked by ext_clk)
Path Group: ext_clk
Path Type: max

   Delay     Time   Description
-----------------------------------------------------------
   0.000    0.000   clock clk (rise edge)
   0.000    0.000   clock network delay (ideal)
   0.000    0.000 ^ _3512_/CK (DFF_X1)
   0.095    0.095 ^ _3512_/Q (DFF_X1)
   0.015    0.110 v _2350_/ZN (INV_X1)
   0.092    0.202 ^ _2675_/ZN (NOR3_X1)
   0.025    0.227 v _2685_/ZN (NAND2_X1)
   0.023    0.250 ^ _2686_/ZN (NOR2_X1)
   0.000    0.250 ^ start_evt (out)
            0.250   data arrival time

   2.500    2.500   clock ext_clk (rise edge)
   0.000    2.500   clock network delay (ideal)
   0.000    2.500   clock reconvergence pessimism
  -0.125    2.375   output external delay
            2.375   data required time
-----------------------------------------------------------
            2.375   data required time
           -0.250   data arrival time
-----------------------------------------------------------
            2.125   slack (MET)


Startpoint: _3514_ (rising edge-triggered flip-flop clocked by clk)
Endpoint: _3514_ (rising edge-triggered flip-flop clocked by clk)
Path Group: clk
Path Type: min

   Delay     Time   Description
-----------------------------------------------------------
   0.000    0.000   clock clk (rise edge)
   0.000    0.000   clock network delay (ideal)
   0.000    0.000 ^ _3514_/CK (DFF_X1)
   0.079    0.079 v _3514_/Q (DFF_X1)
   0.011    0.090 ^ _2396_/ZN (INV_X1)
   0.012    0.102 v _2689_/ZN (AOI21_X1)
   0.000    0.102 v _3514_/D (DFF_X1)
            0.102   data arrival time

   0.000    0.000   clock clk (rise edge)
   0.000    0.000   clock network delay (ideal)
   0.050    0.050   clock uncertainty
   0.000    0.050   clock reconvergence pessimism
            0.050 ^ _3514_/CK (DFF_X1)
   0.002    0.052   library hold time
            0.052   data required time
-----------------------------------------------------------
            0.052   data required time
           -0.102   data arrival time
-----------------------------------------------------------
            0.051   slack (MET)


Startpoint: _3514_ (rising edge-triggered flip-flop clocked by clk)
Endpoint: bid_dcr_cmd[0] (output port clocked by ext_clk)
Path Group: ext_clk
Path Type: min

   Delay     Time   Description
-----------------------------------------------------------
   0.000    0.000   clock clk (rise edge)
   0.000    0.000   clock network delay (ideal)
   0.000    0.000 ^ _3514_/CK (DFF_X1)
   0.079    0.079 v _3514_/Q (DFF_X1)
   0.000    0.079 v bid_dcr_cmd[0] (out)
            0.079   data arrival time

   0.000    0.000   clock ext_clk (rise edge)
   0.000    0.000   clock network delay (ideal)
   0.000    0.000   clock reconvergence pessimism
  -0.125   -0.125   output external delay
           -0.125   data required time
-----------------------------------------------------------
           -0.125   data required time
           -0.079   data arrival time
-----------------------------------------------------------
            0.204   slack (MET)


INFO: SAIF_FILE not provided (or not found); power will be vectorless/default.
STA done.
