
23. Printing statistics.

=== $paramod\VX_cp_arbiter\N=4\ENABLE_PRIORITY=1'1\ENABLE_AGING=1'0 ===

   Number of wires:                294
   Number of wire bits:           1336
   Number of public wires:          32
   Number of public wire bits:     250
   Number of memories:               0
   Number of memory bits:            0
   Number of processes:              0
   Number of cells:                 78
     AND2_X1                         1
     AND3_X1                         1
     AOI211_X1                       3
     AOI21_X1                        8
     AOI221_X1                       1
     AOI22_X1                        2
     BUF_X1                          8
     DFF_X1                          2
     INV_X1                          7
     MUX2_X1                         3
     NAND2_X1                        8
     NOR2_X1                        12
     NOR3_X1                         1
     OAI211_X1                       5
     OAI21_X1                        6
     OAI22_X1                        1
     OAI33_X1                        1
     OR2_X1                          6
     XNOR2_X1                        1
     XOR2_X1                         1

   Chip area for module '$paramod\VX_cp_arbiter\N=4\ENABLE_PRIORITY=1'1\ENABLE_AGING=1'0': 86.716000

=== VX_cp_arbiter_top ===

   Number of wires:                 16
   Number of wire bits:            126
   Number of public wires:          16
   Number of public wire bits:     126
   Number of memories:               0
   Number of memory bits:            0
   Number of processes:              0
   Number of cells:                  1
     $paramod\VX_cp_arbiter\N=4\ENABLE_PRIORITY=1'1\ENABLE_AGING=1'0      1

   Area for cell type $paramod\VX_cp_arbiter\N=4\ENABLE_PRIORITY=1'1\ENABLE_AGING=1'0 is unknown!

=== design hierarchy ===

   VX_cp_arbiter_top                 1
     $paramod\VX_cp_arbiter\N=4\ENABLE_PRIORITY=1'1\ENABLE_AGING=1'0      1

   Number of wires:                310
   Number of wire bits:           1462
   Number of public wires:          48
   Number of public wire bits:     376
   Number of memories:               0
   Number of memory bits:            0
   Number of processes:              0
   Number of cells:                 78
     AND2_X1                         1
     AND3_X1                         1
     AOI211_X1                       3
     AOI21_X1                        8
     AOI221_X1                       1
     AOI22_X1                        2
     BUF_X1                          8
     DFF_X1                          2
     INV_X1                          7
     MUX2_X1                         3
     NAND2_X1                        8
     NOR2_X1                        12
     NOR3_X1                         1
     OAI211_X1                       5
     OAI21_X1                        6
     OAI22_X1                        1
     OAI33_X1                        1
     OR2_X1                          6
     XNOR2_X1                        1
     XOR2_X1                         1

   Chip area for top module '\VX_cp_arbiter_top': 86.716000

